1255-ecaa16943547460c.js:1 Fetch finished loading: POST "https://deepmeta.creativ.zone/contribute/esp/uploads?batchId=019a2dde-ae0d-7245-a1f5-24aa80cb83b0".
M @ 1255-ecaa16943547460c.js:1
await in M
A @ 1255-ecaa16943547460c.js:1
f @ 1255-ecaa16943547460c.js:1
action @ 1255-ecaa16943547460c.js:1
p @ 1255-ecaa16943547460c.js:1
(anonymous) @ 1255-ecaa16943547460c.js:1
dispatch @ 1255-ecaa16943547460c.js:1
o @ 1255-ecaa16943547460c.js:1
l @ 1255-ecaa16943547460c.js:1
(anonymous) @ 1255-ecaa16943547460c.js:1
(anonymous) @ 1255-ecaa16943547460c.js:1
(anonymous) @ 1255-ecaa16943547460c.js:1
l @ 1255-ecaa16943547460c.js:1
r @ 1255-ecaa16943547460c.js:1
load @ 5579.e0512e2d6b32d84c.js:1
await in load
m @ 2117.820beb8729f2ce7b.js:1
(anonymous) @ 2117.820beb8729f2ce7b.js:1
o1 @ 4bd1b696-100b9d70ed4e49c1.js:1
e @ 4bd1b696-100b9d70ed4e49c1.js:1
e @ 4bd1b696-100b9d70ed4e49c1.js:1
uE @ 4bd1b696-100b9d70ed4e49c1.js:1
ux @ 4bd1b696-100b9d70ed4e49c1.js:1
uE @ 4bd1b696-100b9d70ed4e49c1.js:1
ux @ 4bd1b696-100b9d70ed4e49c1.js:1
uE @ 4bd1b696-100b9d70ed4e49c1.js:1
ux @ 4bd1b696-100b9d70ed4e49c1.js:1
uE @ 4bd1b696-100b9d70ed4e49c1.js:1
ux @ 4bd1b696-100b9d70ed4e49c1.js:1
uE @ 4bd1b696-100b9d70ed4e49c1.js:1
ux @ 4bd1b696-100b9d70ed4e49c1.js:1
uE @ 4bd1b696-100b9d70ed4e49c1.js:1
ux @ 4bd1b696-100b9d70ed4e49c1.js:1
uE @ 4bd1b696-100b9d70ed4e49c1.js:1
ux @ 4bd1b696-100b9d70ed4e49c1.js:1
uE @ 4bd1b696-100b9d70ed4e49c1.js:1
ux @ 4bd1b696-100b9d70ed4e49c1.js:1
uE @ 4bd1b696-100b9d70ed4e49c1.js:1
ux @ 4bd1b696-100b9d70ed4e49c1.js:1
uE @ 4bd1b696-100b9d70ed4e49c1.js:1
ux @ 4bd1b696-100b9d70ed4e49c1.js:1
uE @ 4bd1b696-100b9d70ed4e49c1.js:1
ux @ 4bd1b696-100b9d70ed4e49c1.js:1
uE @ 4bd1b696-100b9d70ed4e49c1.js:1
ux @ 4bd1b696-100b9d70ed4e49c1.js:1
uE @ 4bd1b696-100b9d70ed4e49c1.js:1
ux @ 4bd1b696-100b9d70ed4e49c1.js:1
uE @ 4bd1b696-100b9d70ed4e49c1.js:1
ux @ 4bd1b696-100b9d70ed4e49c1.js:1
uE @ 4bd1b696-100b9d70ed4e49c1.js:1
ux @ 4bd1b696-100b9d70ed4e49c1.js:1
uE @ 4bd1b696-100b9d70ed4e49c1.js:1
ux @ 4bd1b696-100b9d70ed4e49c1.js:1
uE @ 4bd1b696-100b9d70ed4e49c1.js:1
ux @ 4bd1b696-100b9d70ed4e49c1.js:1
uE @ 4bd1b696-100b9d70ed4e49c1.js:1
ux @ 4bd1b696-100b9d70ed4e49c1.js:1
uE @ 4bd1b696-100b9d70ed4e49c1.js:1
ux @ 4bd1b696-100b9d70ed4e49c1.js:1
uE @ 4bd1b696-100b9d70ed4e49c1.js:1
ux @ 4bd1b696-100b9d70ed4e49c1.js:1
uE @ 4bd1b696-100b9d70ed4e49c1.js:1
ux @ 4bd1b696-100b9d70ed4e49c1.js:1
uE @ 4bd1b696-100b9d70ed4e49c1.js:1
ux @ 4bd1b696-100b9d70ed4e49c1.js:1
uE @ 4bd1b696-100b9d70ed4e49c1.js:1
ux @ 4bd1b696-100b9d70ed4e49c1.js:1
uE @ 4bd1b696-100b9d70ed4e49c1.js:1
ux @ 4bd1b696-100b9d70ed4e49c1.js:1
uE @ 4bd1b696-100b9d70ed4e49c1.js:1
ux @ 4bd1b696-100b9d70ed4e49c1.js:1
uE @ 4bd1b696-100b9d70ed4e49c1.js:1
ux @ 4bd1b696-100b9d70ed4e49c1.js:1
uE @ 4bd1b696-100b9d70ed4e49c1.js:1
ux @ 4bd1b696-100b9d70ed4e49c1.js:1
uE @ 4bd1b696-100b9d70ed4e49c1.js:1
ux @ 4bd1b696-100b9d70ed4e49c1.js:1
uE @ 4bd1b696-100b9d70ed4e49c1.js:1
ux @ 4bd1b696-100b9d70ed4e49c1.js:1
uE @ 4bd1b696-100b9d70ed4e49c1.js:1
ux @ 4bd1b696-100b9d70ed4e49c1.js:1
uE @ 4bd1b696-100b9d70ed4e49c1.js:1
ux @ 4bd1b696-100b9d70ed4e49c1.js:1
uE @ 4bd1b696-100b9d70ed4e49c1.js:1
ux @ 4bd1b696-100b9d70ed4e49c1.js:1
uE @ 4bd1b696-100b9d70ed4e49c1.js:1
ux @ 4bd1b696-100b9d70ed4e49c1.js:1
uE @ 4bd1b696-100b9d70ed4e49c1.js:1
ux @ 4bd1b696-100b9d70ed4e49c1.js:1
uE @ 4bd1b696-100b9d70ed4e49c1.js:1
ux @ 4bd1b696-100b9d70ed4e49c1.js:1
uE @ 4bd1b696-100b9d70ed4e49c1.js:1
ux @ 4bd1b696-100b9d70ed4e49c1.js:1
uE @ 4bd1b696-100b9d70ed4e49c1.js:1
ux @ 4bd1b696-100b9d70ed4e49c1.js:1
uE @ 4bd1b696-100b9d70ed4e49c1.js:1
ux @ 4bd1b696-100b9d70ed4e49c1.js:1
uE @ 4bd1b696-100b9d70ed4e49c1.js:1
ux @ 4bd1b696-100b9d70ed4e49c1.js:1
uE @ 4bd1b696-100b9d70ed4e49c1.js:1
ux @ 4bd1b696-100b9d70ed4e49c1.js:1
uE @ 4bd1b696-100b9d70ed4e49c1.js:1
ux @ 4bd1b696-100b9d70ed4e49c1.js:1
uE @ 4bd1b696-100b9d70ed4e49c1.js:1
ux @ 4bd1b696-100b9d70ed4e49c1.js:1
uE @ 4bd1b696-100b9d70ed4e49c1.js:1
ux @ 4bd1b696-100b9d70ed4e49c1.js:1
uE @ 4bd1b696-100b9d70ed4e49c1.js:1
ux @ 4bd1b696-100b9d70ed4e49c1.js:1
uE @ 4bd1b696-100b9d70ed4e49c1.js:1
ux @ 4bd1b696-100b9d70ed4e49c1.js:1
uE @ 4bd1b696-100b9d70ed4e49c1.js:1
ux @ 4bd1b696-100b9d70ed4e49c1.js:1
uE @ 4bd1b696-100b9d70ed4e49c1.js:1
ux @ 4bd1b696-100b9d70ed4e49c1.js:1
uE @ 4bd1b696-100b9d70ed4e49c1.js:1
ux @ 4bd1b696-100b9d70ed4e49c1.js:1
uE @ 4bd1b696-100b9d70ed4e49c1.js:1
ux @ 4bd1b696-100b9d70ed4e49c1.js:1
uE @ 4bd1b696-100b9d70ed4e49c1.js:1
ux @ 4bd1b696-100b9d70ed4e49c1.js:1
uE @ 4bd1b696-100b9d70ed4e49c1.js:1
ux @ 4bd1b696-100b9d70ed4e49c1.js:1
uE @ 4bd1b696-100b9d70ed4e49c1.js:1
ux @ 4bd1b696-100b9d70ed4e49c1.js:1
uE @ 4bd1b696-100b9d70ed4e49c1.js:1
ux @ 4bd1b696-100b9d70ed4e49c1.js:1
uE @ 4bd1b696-100b9d70ed4e49c1.js:1
ux @ 4bd1b696-100b9d70ed4e49c1.js:1
uE @ 4bd1b696-100b9d70ed4e49c1.js:1
ux @ 4bd1b696-100b9d70ed4e49c1.js:1
uE @ 4bd1b696-100b9d70ed4e49c1.js:1
ux @ 4bd1b696-100b9d70ed4e49c1.js:1
uE @ 4bd1b696-100b9d70ed4e49c1.js:1
ux @ 4bd1b696-100b9d70ed4e49c1.js:1
uE @ 4bd1b696-100b9d70ed4e49c1.js:1
ux @ 4bd1b696-100b9d70ed4e49c1.js:1
uE @ 4bd1b696-100b9d70ed4e49c1.js:1
ux @ 4bd1b696-100b9d70ed4e49c1.js:1
uE @ 4bd1b696-100b9d70ed4e49c1.js:1
ux @ 4bd1b696-100b9d70ed4e49c1.js:1
uE @ 4bd1b696-100b9d70ed4e49c1.js:1
ux @ 4bd1b696-100b9d70ed4e49c1.js:1
uE @ 4bd1b696-100b9d70ed4e49c1.js:1
ux @ 4bd1b696-100b9d70ed4e49c1.js:1
uE @ 4bd1b696-100b9d70ed4e49c1.js:1
ux @ 4bd1b696-100b9d70ed4e49c1.js:1
uE @ 4bd1b696-100b9d70ed4e49c1.js:1
ux @ 4bd1b696-100b9d70ed4e49c1.js:1
uE @ 4bd1b696-100b9d70ed4e49c1.js:1
ux @ 4bd1b696-100b9d70ed4e49c1.js:1
uE @ 4bd1b696-100b9d70ed4e49c1.js:1
ux @ 4bd1b696-100b9d70ed4e49c1.js:1
uE @ 4bd1b696-100b9d70ed4e49c1.js:1
ux @ 4bd1b696-100b9d70ed4e49c1.js:1
uE @ 4bd1b696-100b9d70ed4e49c1.js:1
ux @ 4bd1b696-100b9d70ed4e49c1.js:1
uE @ 4bd1b696-100b9d70ed4e49c1.js:1
ux @ 4bd1b696-100b9d70ed4e49c1.js:1
uE @ 4bd1b696-100b9d70ed4e49c1.js:1
ux @ 4bd1b696-100b9d70ed4e49c1.js:1
uE @ 4bd1b696-100b9d70ed4e49c1.js:1
ux @ 4bd1b696-100b9d70ed4e49c1.js:1
uE @ 4bd1b696-100b9d70ed4e49c1.js:1
ux @ 4bd1b696-100b9d70ed4e49c1.js:1
uE @ 4bd1b696-100b9d70ed4e49c1.js:1
ux @ 4bd1b696-100b9d70ed4e49c1.js:1
uE @ 4bd1b696-100b9d70ed4e49c1.js:1
ux @ 4bd1b696-100b9d70ed4e49c1.js:1
uE @ 4bd1b696-100b9d70ed4e49c1.js:1
ux @ 4bd1b696-100b9d70ed4e49c1.js:1
uE @ 4bd1b696-100b9d70ed4e49c1.js:1
ux @ 4bd1b696-100b9d70ed4e49c1.js:1
uE @ 4bd1b696-100b9d70ed4e49c1.js:1
ux @ 4bd1b696-100b9d70ed4e49c1.js:1
uE @ 4bd1b696-100b9d70ed4e49c1.js:1
ux @ 4bd1b696-100b9d70ed4e49c1.js:1
uE @ 4bd1b696-100b9d70ed4e49c1.js:1
ux @ 4bd1b696-100b9d70ed4e49c1.js:1
uE @ 4bd1b696-100b9d70ed4e49c1.js:1
ux @ 4bd1b696-100b9d70ed4e49c1.js:1
uE @ 4bd1b696-100b9d70ed4e49c1.js:1
ux @ 4bd1b696-100b9d70ed4e49c1.js:1
uE @ 4bd1b696-100b9d70ed4e49c1.js:1
ux @ 4bd1b696-100b9d70ed4e49c1.js:1
uE @ 4bd1b696-100b9d70ed4e49c1.js:1
ux @ 4bd1b696-100b9d70ed4e49c1.js:1
uE @ 4bd1b696-100b9d70ed4e49c1.js:1
ux @ 4bd1b696-100b9d70ed4e49c1.js:1
uE @ 4bd1b696-100b9d70ed4e49c1.js:1
ux @ 4bd1b696-100b9d70ed4e49c1.js:1
uE @ 4bd1b696-100b9d70ed4e49c1.js:1
ux @ 4bd1b696-100b9d70ed4e49c1.js:1
uE @ 4bd1b696-100b9d70ed4e49c1.js:1
ux @ 4bd1b696-100b9d70ed4e49c1.js:1
uE @ 4bd1b696-100b9d70ed4e49c1.js:1
ux @ 4bd1b696-100b9d70ed4e49c1.js:1
uE @ 4bd1b696-100b9d70ed4e49c1.js:1
ux @ 4bd1b696-100b9d70ed4e49c1.js:1
uE @ 4bd1b696-100b9d70ed4e49c1.js:1
ux @ 4bd1b696-100b9d70ed4e49c1.js:1
uE @ 4bd1b696-100b9d70ed4e49c1.js:1
ux @ 4bd1b696-100b9d70ed4e49c1.js:1
uE @ 4bd1b696-100b9d70ed4e49c1.js:1
ux @ 4bd1b696-100b9d70ed4e49c1.js:1
uE @ 4bd1b696-100b9d70ed4e49c1.js:1
ux @ 4bd1b696-100b9d70ed4e49c1.js:1
uE @ 4bd1b696-100b9d70ed4e49c1.js:1
ux @ 4bd1b696-100b9d70ed4e49c1.js:1
uE @ 4bd1b696-100b9d70ed4e49c1.js:1
ux @ 4bd1b696-100b9d70ed4e49c1.js:1
uE @ 4bd1b696-100b9d70ed4e49c1.js:1
ux @ 4bd1b696-100b9d70ed4e49c1.js:1
uE @ 4bd1b696-100b9d70ed4e49c1.js:1
ux @ 4bd1b696-100b9d70ed4e49c1.js:1
setTimeout
iu @ 4bd1b696-100b9d70ed4e49c1.js:1
iX @ 4bd1b696-100b9d70ed4e49c1.js:1
w @ 1255-ecaa16943547460c.js:1
 Fetch failed loading: POST "https://www.google-analytics.com/g/collect?v=2&tid=G-P7DJLPYDNR&gtm=45je5b71v9123304681za200zd9123304681&_p=1762848676592&gcd=13l3l3l3l1l1&npa=0&dma=0&cid=391930140.1747708122&ul=en-us&sr=1274x797&uaa=x86&uab=64&uafvl=Chromium%3B142.0.7444.134%7CGoogle%2520Chrome%3B142.0.7444.134%7CNot_A%2520Brand%3B99.0.0.0&uamb=0&uam=&uap=Windows&uapv=15.0.0&uaw=0&are=1&frm=0&pscdl=noapi&_eu=AAAAAAQ&_s=3&tag_exp=101509157~103116026~103200004~103233427~104527906~104528500~104684208~104684211~115583767~115938465~115938468~116217636~116217638~116251935~116251937&sid=1762848676&sct=48&seg=1&dl=https%3A%2F%2Fdeepmeta.creativ.zone%2Fcontribute%2Fesp%2Fuploads%3FbatchId%3D019a2dde-ae0d-7245-a1f5-24aa80cb83b0&dr=https%3A%2F%2Fdeepmeta.creativ.zone%2Fcontribute%2Fesp%2Fuploads%3FbatchId%3D01990e27-1a20-7633-abb6-da79f9fd0042&dt=DeepMeta%20-%20creativ.zone&en=user_engagement&_et=21888&tfd=27999".
bd @ js:251
yl @ js:410
VN @ js:942
k.flush @ js:949
k.flush @ js:965
(anonymous) @ js:976
(anonymous) @ js:914
(anonymous) @ js:913
Navigated to https://deepmeta.creativ.zone/contribute/esp/uploads?batchId=019a2dde-ae0d-7245-a1f5-24aa80cb83b0
content.js:6 [DeepMeta Never Sleep] Content script loaded
content.js:256 [DeepMeta Never Sleep] Content script initialized and monitoring
Fetch failed loading: POST "<URL>".
Fetch failed loading: POST "<URL>".
Fetch failed loading: POST "<URL>".
Fetch failed loading: POST "<URL>".
Fetch failed loading: POST "<URL>".
Fetch failed loading: POST "<URL>".
Fetch finished loading: GET "<URL>".
Fetch finished loading: GET "<URL>".
Fetch finished loading: GET "<URL>".
Fetch finished loading: GET "<URL>".
Fetch finished loading: GET "<URL>".
Fetch finished loading: GET "<URL>".
Fetch finished loading: GET "<URL>".
Fetch finished loading: GET "<URL>".
Fetch finished loading: GET "<URL>".
Fetch finished loading: GET "<URL>".
Fetch finished loading: GET "<URL>".
Fetch finished loading: GET "<URL>".
Fetch finished loading: GET "<URL>".
Fetch finished loading: GET "<URL>".
Fetch finished loading: GET "<URL>".
Fetch finished loading: GET "<URL>".
Fetch finished loading: GET "<URL>".
Fetch finished loading: GET "<URL>".
Fetch finished loading: GET "<URL>".
Fetch finished loading: GET "<URL>".
Fetch finished loading: GET "<URL>".
Fetch finished loading: GET "<URL>".
Fetch finished loading: GET "<URL>".
Fetch finished loading: GET "<URL>".
Fetch finished loading: GET "<URL>".
Fetch finished loading: GET "<URL>".
Fetch finished loading: GET "<URL>".
Fetch finished loading: GET "<URL>".
Fetch finished loading: GET "<URL>".
Fetch finished loading: GET "<URL>".
Fetch finished loading: GET "<URL>".
Fetch finished loading: GET "<URL>".
Fetch finished loading: GET "<URL>".
Fetch finished loading: GET "<URL>".
Fetch finished loading: GET "<URL>".
Fetch finished loading: GET "<URL>".
Fetch finished loading: GET "<URL>".
Fetch finished loading: GET "<URL>".
Fetch finished loading: GET "<URL>".
Fetch finished loading: GET "<URL>".
Fetch finished loading: GET "<URL>".
Fetch finished loading: GET "<URL>".
Fetch finished loading: GET "<URL>".
Fetch finished loading: GET "<URL>".
Fetch finished loading: GET "<URL>".
Fetch finished loading: GET "<URL>".
Fetch finished loading: GET "<URL>".
Fetch finished loading: GET "<URL>".
Fetch finished loading: GET "<URL>".
Fetch finished loading: GET "<URL>".
Fetch finished loading: GET "<URL>".
Fetch finished loading: GET "<URL>".
Fetch finished loading: GET "<URL>".
Fetch finished loading: GET "<URL>".
Fetch finished loading: GET "<URL>".
Fetch finished loading: GET "<URL>".
Fetch finished loading: GET "<URL>".
Fetch finished loading: POST "<URL>".
Fetch finished loading: POST "<URL>".
Fetch finished loading: POST "<URL>".
Fetch finished loading: POST "<URL>".
Fetch finished loading: POST "<URL>".
Fetch finished loading: POST "<URL>".
Fetch finished loading: POST "<URL>".
XHR finished loading: PUT "<URL>".
XHR finished loading: PUT "<URL>".
XHR finished loading: PUT "<URL>".
XHR finished loading: PUT "<URL>".
XHR finished loading: PUT "<URL>".
XHR finished loading: PUT "<URL>".
XHR finished loading: PUT "<URL>".
XHR finished loading: PUT "<URL>".
XHR finished loading: PUT "<URL>".
XHR finished loading: PUT "<URL>".
XHR finished loading: PUT "<URL>".
XHR finished loading: PUT "<URL>".
XHR finished loading: PUT "<URL>".
XHR finished loading: PUT "<URL>".
XHR finished loading: PUT "<URL>".
XHR finished loading: PUT "<URL>".
XHR finished loading: PUT "<URL>".
XHR finished loading: PUT "<URL>".
XHR finished loading: PUT "<URL>".
XHR finished loading: PUT "<URL>".
XHR finished loading: PUT "<URL>".
XHR finished loading: PUT "<URL>".
XHR finished loading: PUT "<URL>".
XHR finished loading: PUT "<URL>".
XHR finished loading: PUT "<URL>".
XHR finished loading: PUT "<URL>".
XHR finished loading: PUT "<URL>".
XHR finished loading: PUT "<URL>".
XHR finished loading: PUT "<URL>".
XHR finished loading: PUT "<URL>".
XHR finished loading: PUT "<URL>".
XHR finished loading: PUT "<URL>".
XHR finished loading: PUT "<URL>".
XHR finished loading: PUT "<URL>".
XHR finished loading: PUT "<URL>".
XHR finished loading: PUT "<URL>".
XHR finished loading: PUT "<URL>".
XHR finished loading: PUT "<URL>".
XHR finished loading: PUT "<URL>".
XHR finished loading: PUT "<URL>".
XHR finished loading: PUT "<URL>".
XHR finished loading: PUT "<URL>".
XHR finished loading: PUT "<URL>".
3364.b880bb057342d67f.js:1  GET https://deepmeta.creativ.zone/api/dm-authorize-upload-chunk?accountId=01902717-e71e-7cbd-89cf-432a52a5f033&contributionEspId=460105079&partNr=44&hash=e029c5c9f41e37d4d50f3dd5f01f55ea71f0545acc5116416a8b8a2ec7134071&isRaster=false net::ERR_NETWORK_IO_SUSPENDED
a @ 3364.b880bb057342d67f.js:1
r @ 3364.b880bb057342d67f.js:1
I @ 3364.b880bb057342d67f.js:1
R @ 3364.b880bb057342d67f.js:1
await in R
U @ 3364.b880bb057342d67f.js:1
(anonymous) @ 3364.b880bb057342d67f.js:1
F @ 3364.b880bb057342d67f.js:1
await in F
I @ 3364.b880bb057342d67f.js:1
await in I
R @ 3364.b880bb057342d67f.js:1
await in R
U @ 3364.b880bb057342d67f.js:1
(anonymous) @ 3364.b880bb057342d67f.js:1
F @ 3364.b880bb057342d67f.js:1
await in F
I @ 3364.b880bb057342d67f.js:1
await in I
R @ 3364.b880bb057342d67f.js:1
await in R
U @ 3364.b880bb057342d67f.js:1
(anonymous) @ 3364.b880bb057342d67f.js:1
F @ 3364.b880bb057342d67f.js:1
await in F
I @ 3364.b880bb057342d67f.js:1
await in I
R @ 3364.b880bb057342d67f.js:1
await in R
U @ 3364.b880bb057342d67f.js:1
(anonymous) @ 3364.b880bb057342d67f.js:1
F @ 3364.b880bb057342d67f.js:1
await in F
I @ 3364.b880bb057342d67f.js:1
await in I
R @ 3364.b880bb057342d67f.js:1
await in R
U @ 3364.b880bb057342d67f.js:1
(anonymous) @ 3364.b880bb057342d67f.js:1
F @ 3364.b880bb057342d67f.js:1
await in F
I @ 3364.b880bb057342d67f.js:1
await in I
R @ 3364.b880bb057342d67f.js:1
await in R
U @ 3364.b880bb057342d67f.js:1
(anonymous) @ 3364.b880bb057342d67f.js:1
F @ 3364.b880bb057342d67f.js:1
await in F
I @ 3364.b880bb057342d67f.js:1
await in I
R @ 3364.b880bb057342d67f.js:1
await in R
U @ 3364.b880bb057342d67f.js:1
(anonymous) @ 3364.b880bb057342d67f.js:1
F @ 3364.b880bb057342d67f.js:1
await in F
I @ 3364.b880bb057342d67f.js:1
await in I
R @ 3364.b880bb057342d67f.js:1
await in R
U @ 3364.b880bb057342d67f.js:1
(anonymous) @ 3364.b880bb057342d67f.js:1
F @ 3364.b880bb057342d67f.js:1
await in F
I @ 3364.b880bb057342d67f.js:1
await in I
R @ 3364.b880bb057342d67f.js:1
await in R
(anonymous) @ 3364.b880bb057342d67f.js:1
(anonymous) @ 3364.b880bb057342d67f.js:1
(anonymous) @ 3364.b880bb057342d67f.js:1
E @ 3364.b880bb057342d67f.js:1
await in E
U @ 3364.b880bb057342d67f.js:1
addUploads @ 3364.b880bb057342d67f.js:1
eR @ 5579.e0512e2d6b32d84c.js:1
eU @ 5579.e0512e2d6b32d84c.js:1
await in eU
e_ @ 5579.e0512e2d6b32d84c.js:1
await in e_
ez @ 5579.e0512e2d6b32d84c.js:1
await in ez
(anonymous) @ 5579.e0512e2d6b32d84c.js:1
(anonymous) @ 5579.e0512e2d6b32d84c.js:1
eE @ 5579.e0512e2d6b32d84c.js:1
(anonymous) @ 5579.e0512e2d6b32d84c.js:1
addFiles @ 5579.e0512e2d6b32d84c.js:1
b @ 5579.e0512e2d6b32d84c.js:1
(anonymous) @ 5579.e0512e2d6b32d84c.js:1
(anonymous) @ 5579.e0512e2d6b32d84c.js:1
i8 @ 4bd1b696-100b9d70ed4e49c1.js:1
(anonymous) @ 4bd1b696-100b9d70ed4e49c1.js:1
nz @ 4bd1b696-100b9d70ed4e49c1.js:1
sn @ 4bd1b696-100b9d70ed4e49c1.js:1
cc @ 4bd1b696-100b9d70ed4e49c1.js:1
ci @ 4bd1b696-100b9d70ed4e49c1.js:1
Fetch failed loading: GET "<URL>".
Fetch failed loading: GET "<URL>".
Fetch failed loading: GET "<URL>".
Fetch failed loading: GET "<URL>".
Fetch failed loading: GET "<URL>".
Fetch failed loading: GET "<URL>".
3364.b880bb057342d67f.js:1  GET https://deepmeta.creativ.zone/api/dm-authorize-upload-chunk?accountId=01902717-e71e-7cbd-89cf-432a52a5f033&contributionEspId=460105079&partNr=45&hash=ee2b202d9be539868b301bc1011ef7cd054360655c1d5aae451c6eeb87c217d4&isRaster=false net::ERR_NETWORK_IO_SUSPENDED
a @ 3364.b880bb057342d67f.js:1
r @ 3364.b880bb057342d67f.js:1
I @ 3364.b880bb057342d67f.js:1
R @ 3364.b880bb057342d67f.js:1
await in R
U @ 3364.b880bb057342d67f.js:1
(anonymous) @ 3364.b880bb057342d67f.js:1
F @ 3364.b880bb057342d67f.js:1
await in F
I @ 3364.b880bb057342d67f.js:1
await in I
R @ 3364.b880bb057342d67f.js:1
await in R
U @ 3364.b880bb057342d67f.js:1
(anonymous) @ 3364.b880bb057342d67f.js:1
F @ 3364.b880bb057342d67f.js:1
await in F
I @ 3364.b880bb057342d67f.js:1
await in I
R @ 3364.b880bb057342d67f.js:1
await in R
U @ 3364.b880bb057342d67f.js:1
(anonymous) @ 3364.b880bb057342d67f.js:1
F @ 3364.b880bb057342d67f.js:1
await in F
I @ 3364.b880bb057342d67f.js:1
await in I
R @ 3364.b880bb057342d67f.js:1
await in R
U @ 3364.b880bb057342d67f.js:1
(anonymous) @ 3364.b880bb057342d67f.js:1
F @ 3364.b880bb057342d67f.js:1
await in F
I @ 3364.b880bb057342d67f.js:1
await in I
R @ 3364.b880bb057342d67f.js:1
await in R
U @ 3364.b880bb057342d67f.js:1
(anonymous) @ 3364.b880bb057342d67f.js:1
F @ 3364.b880bb057342d67f.js:1
await in F
I @ 3364.b880bb057342d67f.js:1
await in I
R @ 3364.b880bb057342d67f.js:1
await in R
U @ 3364.b880bb057342d67f.js:1
(anonymous) @ 3364.b880bb057342d67f.js:1
F @ 3364.b880bb057342d67f.js:1
await in F
I @ 3364.b880bb057342d67f.js:1
await in I
R @ 3364.b880bb057342d67f.js:1
await in R
U @ 3364.b880bb057342d67f.js:1
(anonymous) @ 3364.b880bb057342d67f.js:1
F @ 3364.b880bb057342d67f.js:1
await in F
I @ 3364.b880bb057342d67f.js:1
await in I
R @ 3364.b880bb057342d67f.js:1
await in R
U @ 3364.b880bb057342d67f.js:1
(anonymous) @ 3364.b880bb057342d67f.js:1
F @ 3364.b880bb057342d67f.js:1
await in F
I @ 3364.b880bb057342d67f.js:1
await in I
R @ 3364.b880bb057342d67f.js:1
await in R
U @ 3364.b880bb057342d67f.js:1
(anonymous) @ 3364.b880bb057342d67f.js:1
F @ 3364.b880bb057342d67f.js:1
await in F
I @ 3364.b880bb057342d67f.js:1
await in I
R @ 3364.b880bb057342d67f.js:1
await in R
(anonymous) @ 3364.b880bb057342d67f.js:1
(anonymous) @ 3364.b880bb057342d67f.js:1
(anonymous) @ 3364.b880bb057342d67f.js:1
E @ 3364.b880bb057342d67f.js:1
await in E
U @ 3364.b880bb057342d67f.js:1
addUploads @ 3364.b880bb057342d67f.js:1
eR @ 5579.e0512e2d6b32d84c.js:1
eU @ 5579.e0512e2d6b32d84c.js:1
await in eU
e_ @ 5579.e0512e2d6b32d84c.js:1
await in e_
ez @ 5579.e0512e2d6b32d84c.js:1
await in ez
(anonymous) @ 5579.e0512e2d6b32d84c.js:1
(anonymous) @ 5579.e0512e2d6b32d84c.js:1
eE @ 5579.e0512e2d6b32d84c.js:1
(anonymous) @ 5579.e0512e2d6b32d84c.js:1
addFiles @ 5579.e0512e2d6b32d84c.js:1
b @ 5579.e0512e2d6b32d84c.js:1
(anonymous) @ 5579.e0512e2d6b32d84c.js:1
(anonymous) @ 5579.e0512e2d6b32d84c.js:1
i8 @ 4bd1b696-100b9d70ed4e49c1.js:1
(anonymous) @ 4bd1b696-100b9d70ed4e49c1.js:1
nz @ 4bd1b696-100b9d70ed4e49c1.js:1
sn @ 4bd1b696-100b9d70ed4e49c1.js:1
cc @ 4bd1b696-100b9d70ed4e49c1.js:1
ci @ 4bd1b696-100b9d70ed4e49c1.js:1
3364.b880bb057342d67f.js:1  GET https://deepmeta.creativ.zone/api/dm-authorize-upload-chunk?accountId=01902717-e71e-7cbd-89cf-432a52a5f033&contributionEspId=460105079&partNr=46&hash=b1ff2afca152c5bdcdcb4dc20a7c75539a678bcd2ab1644252473edfde5977a3&isRaster=false net::ERR_NETWORK_IO_SUSPENDED
a @ 3364.b880bb057342d67f.js:1
r @ 3364.b880bb057342d67f.js:1
I @ 3364.b880bb057342d67f.js:1
R @ 3364.b880bb057342d67f.js:1
await in R
U @ 3364.b880bb057342d67f.js:1
(anonymous) @ 3364.b880bb057342d67f.js:1
F @ 3364.b880bb057342d67f.js:1
await in F
I @ 3364.b880bb057342d67f.js:1
await in I
R @ 3364.b880bb057342d67f.js:1
await in R
U @ 3364.b880bb057342d67f.js:1
(anonymous) @ 3364.b880bb057342d67f.js:1
F @ 3364.b880bb057342d67f.js:1
await in F
I @ 3364.b880bb057342d67f.js:1
await in I
R @ 3364.b880bb057342d67f.js:1
await in R
U @ 3364.b880bb057342d67f.js:1
(anonymous) @ 3364.b880bb057342d67f.js:1
F @ 3364.b880bb057342d67f.js:1
await in F
I @ 3364.b880bb057342d67f.js:1
await in I
R @ 3364.b880bb057342d67f.js:1
await in R
U @ 3364.b880bb057342d67f.js:1
(anonymous) @ 3364.b880bb057342d67f.js:1
F @ 3364.b880bb057342d67f.js:1
await in F
I @ 3364.b880bb057342d67f.js:1
await in I
R @ 3364.b880bb057342d67f.js:1
await in R
U @ 3364.b880bb057342d67f.js:1
(anonymous) @ 3364.b880bb057342d67f.js:1
F @ 3364.b880bb057342d67f.js:1
await in F
I @ 3364.b880bb057342d67f.js:1
await in I
R @ 3364.b880bb057342d67f.js:1
await in R
U @ 3364.b880bb057342d67f.js:1
(anonymous) @ 3364.b880bb057342d67f.js:1
F @ 3364.b880bb057342d67f.js:1
await in F
I @ 3364.b880bb057342d67f.js:1
await in I
R @ 3364.b880bb057342d67f.js:1
await in R
U @ 3364.b880bb057342d67f.js:1
(anonymous) @ 3364.b880bb057342d67f.js:1
F @ 3364.b880bb057342d67f.js:1
await in F
I @ 3364.b880bb057342d67f.js:1
await in I
R @ 3364.b880bb057342d67f.js:1
await in R
U @ 3364.b880bb057342d67f.js:1
(anonymous) @ 3364.b880bb057342d67f.js:1
F @ 3364.b880bb057342d67f.js:1
await in F
I @ 3364.b880bb057342d67f.js:1
await in I
R @ 3364.b880bb057342d67f.js:1
await in R
(anonymous) @ 3364.b880bb057342d67f.js:1
(anonymous) @ 3364.b880bb057342d67f.js:1
(anonymous) @ 3364.b880bb057342d67f.js:1
E @ 3364.b880bb057342d67f.js:1
await in E
U @ 3364.b880bb057342d67f.js:1
addUploads @ 3364.b880bb057342d67f.js:1
eR @ 5579.e0512e2d6b32d84c.js:1
eU @ 5579.e0512e2d6b32d84c.js:1
await in eU
e_ @ 5579.e0512e2d6b32d84c.js:1
await in e_
ez @ 5579.e0512e2d6b32d84c.js:1
await in ez
(anonymous) @ 5579.e0512e2d6b32d84c.js:1
(anonymous) @ 5579.e0512e2d6b32d84c.js:1
eE @ 5579.e0512e2d6b32d84c.js:1
(anonymous) @ 5579.e0512e2d6b32d84c.js:1
addFiles @ 5579.e0512e2d6b32d84c.js:1
b @ 5579.e0512e2d6b32d84c.js:1
(anonymous) @ 5579.e0512e2d6b32d84c.js:1
(anonymous) @ 5579.e0512e2d6b32d84c.js:1
i8 @ 4bd1b696-100b9d70ed4e49c1.js:1
(anonymous) @ 4bd1b696-100b9d70ed4e49c1.js:1
nz @ 4bd1b696-100b9d70ed4e49c1.js:1
sn @ 4bd1b696-100b9d70ed4e49c1.js:1
cc @ 4bd1b696-100b9d70ed4e49c1.js:1
ci @ 4bd1b696-100b9d70ed4e49c1.js:1
3364.b880bb057342d67f.js:1 XHR failed loading: PUT "https://dm-proxy-2.fdm-9de.workers.dev/cors/?url=https%3A%2F%2Fesp-prod-virginia.s3-external-1.amazonaws.com%2Fsubmission%2Fassets%2Fbatch_58882846%2F95673c03-67f3-469f-ae22-a6ea9d8855a6.mov%3FuploadId%3DfJ2Bzyf0EXD_cGkfw7ef5A1Y7ZxQ.lLNkL6ozpD_4y5gZ8AOG9QmoZRzENSZ16M_Luf_IR57VqwPTmUDHJBtp1KcGYAHct27IThNl5SZ4V0gtW5L7rqjkMMeGm8owtoT%26partNumber%3D42".
(anonymous) @ 3364.b880bb057342d67f.js:1
l @ 3364.b880bb057342d67f.js:1
F @ 3364.b880bb057342d67f.js:1
I @ 3364.b880bb057342d67f.js:1
await in I
R @ 3364.b880bb057342d67f.js:1
await in R
U @ 3364.b880bb057342d67f.js:1
(anonymous) @ 3364.b880bb057342d67f.js:1
F @ 3364.b880bb057342d67f.js:1
await in F
I @ 3364.b880bb057342d67f.js:1
await in I
R @ 3364.b880bb057342d67f.js:1
await in R
U @ 3364.b880bb057342d67f.js:1
(anonymous) @ 3364.b880bb057342d67f.js:1
F @ 3364.b880bb057342d67f.js:1
await in F
I @ 3364.b880bb057342d67f.js:1
await in I
R @ 3364.b880bb057342d67f.js:1
await in R
U @ 3364.b880bb057342d67f.js:1
(anonymous) @ 3364.b880bb057342d67f.js:1
F @ 3364.b880bb057342d67f.js:1
await in F
I @ 3364.b880bb057342d67f.js:1
await in I
R @ 3364.b880bb057342d67f.js:1
await in R
U @ 3364.b880bb057342d67f.js:1
(anonymous) @ 3364.b880bb057342d67f.js:1
F @ 3364.b880bb057342d67f.js:1
await in F
I @ 3364.b880bb057342d67f.js:1
await in I
R @ 3364.b880bb057342d67f.js:1
await in R
U @ 3364.b880bb057342d67f.js:1
(anonymous) @ 3364.b880bb057342d67f.js:1
F @ 3364.b880bb057342d67f.js:1
await in F
I @ 3364.b880bb057342d67f.js:1
await in I
R @ 3364.b880bb057342d67f.js:1
await in R
U @ 3364.b880bb057342d67f.js:1
(anonymous) @ 3364.b880bb057342d67f.js:1
F @ 3364.b880bb057342d67f.js:1
await in F
I @ 3364.b880bb057342d67f.js:1
await in I
R @ 3364.b880bb057342d67f.js:1
await in R
U @ 3364.b880bb057342d67f.js:1
(anonymous) @ 3364.b880bb057342d67f.js:1
F @ 3364.b880bb057342d67f.js:1
await in F
I @ 3364.b880bb057342d67f.js:1
await in I
R @ 3364.b880bb057342d67f.js:1
await in R
U @ 3364.b880bb057342d67f.js:1
(anonymous) @ 3364.b880bb057342d67f.js:1
F @ 3364.b880bb057342d67f.js:1
await in F
I @ 3364.b880bb057342d67f.js:1
await in I
R @ 3364.b880bb057342d67f.js:1
await in R
(anonymous) @ 3364.b880bb057342d67f.js:1
(anonymous) @ 3364.b880bb057342d67f.js:1
(anonymous) @ 3364.b880bb057342d67f.js:1
E @ 3364.b880bb057342d67f.js:1
await in E
U @ 3364.b880bb057342d67f.js:1
addUploads @ 3364.b880bb057342d67f.js:1
eR @ 5579.e0512e2d6b32d84c.js:1
eU @ 5579.e0512e2d6b32d84c.js:1
await in eU
e_ @ 5579.e0512e2d6b32d84c.js:1
await in e_
ez @ 5579.e0512e2d6b32d84c.js:1
await in ez
(anonymous) @ 5579.e0512e2d6b32d84c.js:1
(anonymous) @ 5579.e0512e2d6b32d84c.js:1
eE @ 5579.e0512e2d6b32d84c.js:1
(anonymous) @ 5579.e0512e2d6b32d84c.js:1
addFiles @ 5579.e0512e2d6b32d84c.js:1
b @ 5579.e0512e2d6b32d84c.js:1
(anonymous) @ 5579.e0512e2d6b32d84c.js:1
(anonymous) @ 5579.e0512e2d6b32d84c.js:1
i8 @ 4bd1b696-100b9d70ed4e49c1.js:1
(anonymous) @ 4bd1b696-100b9d70ed4e49c1.js:1
nz @ 4bd1b696-100b9d70ed4e49c1.js:1
sn @ 4bd1b696-100b9d70ed4e49c1.js:1
cc @ 4bd1b696-100b9d70ed4e49c1.js:1
ci @ 4bd1b696-100b9d70ed4e49c1.js:1
3364.b880bb057342d67f.js:1 XHR failed loading: PUT "https://dm-proxy-2.fdm-9de.workers.dev/cors/?url=https%3A%2F%2Fesp-prod-virginia.s3-external-1.amazonaws.com%2Fsubmission%2Fassets%2Fbatch_58882846%2F95673c03-67f3-469f-ae22-a6ea9d8855a6.mov%3FuploadId%3DfJ2Bzyf0EXD_cGkfw7ef5A1Y7ZxQ.lLNkL6ozpD_4y5gZ8AOG9QmoZRzENSZ16M_Luf_IR57VqwPTmUDHJBtp1KcGYAHct27IThNl5SZ4V0gtW5L7rqjkMMeGm8owtoT%26partNumber%3D43".
(anonymous) @ 3364.b880bb057342d67f.js:1
l @ 3364.b880bb057342d67f.js:1
F @ 3364.b880bb057342d67f.js:1
I @ 3364.b880bb057342d67f.js:1
await in I
R @ 3364.b880bb057342d67f.js:1
await in R
U @ 3364.b880bb057342d67f.js:1
(anonymous) @ 3364.b880bb057342d67f.js:1
F @ 3364.b880bb057342d67f.js:1
await in F
I @ 3364.b880bb057342d67f.js:1
await in I
R @ 3364.b880bb057342d67f.js:1
await in R
U @ 3364.b880bb057342d67f.js:1
(anonymous) @ 3364.b880bb057342d67f.js:1
F @ 3364.b880bb057342d67f.js:1
await in F
I @ 3364.b880bb057342d67f.js:1
await in I
R @ 3364.b880bb057342d67f.js:1
await in R
U @ 3364.b880bb057342d67f.js:1
(anonymous) @ 3364.b880bb057342d67f.js:1
F @ 3364.b880bb057342d67f.js:1
await in F
I @ 3364.b880bb057342d67f.js:1
await in I
R @ 3364.b880bb057342d67f.js:1
await in R
U @ 3364.b880bb057342d67f.js:1
(anonymous) @ 3364.b880bb057342d67f.js:1
F @ 3364.b880bb057342d67f.js:1
await in F
I @ 3364.b880bb057342d67f.js:1
await in I
R @ 3364.b880bb057342d67f.js:1
await in R
U @ 3364.b880bb057342d67f.js:1
(anonymous) @ 3364.b880bb057342d67f.js:1
F @ 3364.b880bb057342d67f.js:1
await in F
I @ 3364.b880bb057342d67f.js:1
await in I
R @ 3364.b880bb057342d67f.js:1
await in R
U @ 3364.b880bb057342d67f.js:1
(anonymous) @ 3364.b880bb057342d67f.js:1
F @ 3364.b880bb057342d67f.js:1
await in F
I @ 3364.b880bb057342d67f.js:1
await in I
R @ 3364.b880bb057342d67f.js:1
await in R
U @ 3364.b880bb057342d67f.js:1
(anonymous) @ 3364.b880bb057342d67f.js:1
F @ 3364.b880bb057342d67f.js:1
await in F
I @ 3364.b880bb057342d67f.js:1
await in I
R @ 3364.b880bb057342d67f.js:1
await in R
U @ 3364.b880bb057342d67f.js:1
(anonymous) @ 3364.b880bb057342d67f.js:1
F @ 3364.b880bb057342d67f.js:1
await in F
I @ 3364.b880bb057342d67f.js:1
await in I
R @ 3364.b880bb057342d67f.js:1
await in R
(anonymous) @ 3364.b880bb057342d67f.js:1
(anonymous) @ 3364.b880bb057342d67f.js:1
(anonymous) @ 3364.b880bb057342d67f.js:1
E @ 3364.b880bb057342d67f.js:1
await in E
U @ 3364.b880bb057342d67f.js:1
addUploads @ 3364.b880bb057342d67f.js:1
eR @ 5579.e0512e2d6b32d84c.js:1
eU @ 5579.e0512e2d6b32d84c.js:1
await in eU
e_ @ 5579.e0512e2d6b32d84c.js:1
await in e_
ez @ 5579.e0512e2d6b32d84c.js:1
await in ez
(anonymous) @ 5579.e0512e2d6b32d84c.js:1
(anonymous) @ 5579.e0512e2d6b32d84c.js:1
eE @ 5579.e0512e2d6b32d84c.js:1
(anonymous) @ 5579.e0512e2d6b32d84c.js:1
addFiles @ 5579.e0512e2d6b32d84c.js:1
b @ 5579.e0512e2d6b32d84c.js:1
(anonymous) @ 5579.e0512e2d6b32d84c.js:1
(anonymous) @ 5579.e0512e2d6b32d84c.js:1
i8 @ 4bd1b696-100b9d70ed4e49c1.js:1
(anonymous) @ 4bd1b696-100b9d70ed4e49c1.js:1
nz @ 4bd1b696-100b9d70ed4e49c1.js:1
sn @ 4bd1b696-100b9d70ed4e49c1.js:1
cc @ 4bd1b696-100b9d70ed4e49c1.js:1
ci @ 4bd1b696-100b9d70ed4e49c1.js:1
3364.b880bb057342d67f.js:1  PUT https://dm-proxy-2.fdm-9de.workers.dev/cors/?url=https%3A%2F%2Fesp-prod-virginia.s3-external-1.amazonaws.com%2Fsubmission%2Fassets%2Fbatch_58882846%2F95673c03-67f3-469f-ae22-a6ea9d8855a6.mov%3FuploadId%3DfJ2Bzyf0EXD_cGkfw7ef5A1Y7ZxQ.lLNkL6ozpD_4y5gZ8AOG9QmoZRzENSZ16M_Luf_IR57VqwPTmUDHJBtp1KcGYAHct27IThNl5SZ4V0gtW5L7rqjkMMeGm8owtoT%26partNumber%3D42 net::ERR_INTERNET_DISCONNECTED
(anonymous) @ 3364.b880bb057342d67f.js:1
l @ 3364.b880bb057342d67f.js:1
F @ 3364.b880bb057342d67f.js:1
I @ 3364.b880bb057342d67f.js:1
await in I
R @ 3364.b880bb057342d67f.js:1
await in R
U @ 3364.b880bb057342d67f.js:1
(anonymous) @ 3364.b880bb057342d67f.js:1
F @ 3364.b880bb057342d67f.js:1
await in F
I @ 3364.b880bb057342d67f.js:1
await in I
R @ 3364.b880bb057342d67f.js:1
await in R
U @ 3364.b880bb057342d67f.js:1
(anonymous) @ 3364.b880bb057342d67f.js:1
F @ 3364.b880bb057342d67f.js:1
await in F
I @ 3364.b880bb057342d67f.js:1
await in I
R @ 3364.b880bb057342d67f.js:1
await in R
U @ 3364.b880bb057342d67f.js:1
(anonymous) @ 3364.b880bb057342d67f.js:1
F @ 3364.b880bb057342d67f.js:1
await in F
I @ 3364.b880bb057342d67f.js:1
await in I
R @ 3364.b880bb057342d67f.js:1
await in R
U @ 3364.b880bb057342d67f.js:1
(anonymous) @ 3364.b880bb057342d67f.js:1
F @ 3364.b880bb057342d67f.js:1
await in F
I @ 3364.b880bb057342d67f.js:1
await in I
R @ 3364.b880bb057342d67f.js:1
await in R
U @ 3364.b880bb057342d67f.js:1
(anonymous) @ 3364.b880bb057342d67f.js:1
F @ 3364.b880bb057342d67f.js:1
await in F
I @ 3364.b880bb057342d67f.js:1
await in I
R @ 3364.b880bb057342d67f.js:1
await in R
U @ 3364.b880bb057342d67f.js:1
(anonymous) @ 3364.b880bb057342d67f.js:1
F @ 3364.b880bb057342d67f.js:1
await in F
I @ 3364.b880bb057342d67f.js:1
await in I
R @ 3364.b880bb057342d67f.js:1
await in R
U @ 3364.b880bb057342d67f.js:1
(anonymous) @ 3364.b880bb057342d67f.js:1
F @ 3364.b880bb057342d67f.js:1
await in F
I @ 3364.b880bb057342d67f.js:1
await in I
R @ 3364.b880bb057342d67f.js:1
await in R
U @ 3364.b880bb057342d67f.js:1
(anonymous) @ 3364.b880bb057342d67f.js:1
F @ 3364.b880bb057342d67f.js:1
await in F
I @ 3364.b880bb057342d67f.js:1
await in I
R @ 3364.b880bb057342d67f.js:1
await in R
(anonymous) @ 3364.b880bb057342d67f.js:1
(anonymous) @ 3364.b880bb057342d67f.js:1
(anonymous) @ 3364.b880bb057342d67f.js:1
E @ 3364.b880bb057342d67f.js:1
await in E
U @ 3364.b880bb057342d67f.js:1
addUploads @ 3364.b880bb057342d67f.js:1
eR @ 5579.e0512e2d6b32d84c.js:1
eU @ 5579.e0512e2d6b32d84c.js:1
await in eU
e_ @ 5579.e0512e2d6b32d84c.js:1
await in e_
ez @ 5579.e0512e2d6b32d84c.js:1
await in ez
(anonymous) @ 5579.e0512e2d6b32d84c.js:1
(anonymous) @ 5579.e0512e2d6b32d84c.js:1
eE @ 5579.e0512e2d6b32d84c.js:1
(anonymous) @ 5579.e0512e2d6b32d84c.js:1
addFiles @ 5579.e0512e2d6b32d84c.js:1
b @ 5579.e0512e2d6b32d84c.js:1
(anonymous) @ 5579.e0512e2d6b32d84c.js:1
(anonymous) @ 5579.e0512e2d6b32d84c.js:1
i8 @ 4bd1b696-100b9d70ed4e49c1.js:1
(anonymous) @ 4bd1b696-100b9d70ed4e49c1.js:1
nz @ 4bd1b696-100b9d70ed4e49c1.js:1
sn @ 4bd1b696-100b9d70ed4e49c1.js:1
cc @ 4bd1b696-100b9d70ed4e49c1.js:1
ci @ 4bd1b696-100b9d70ed4e49c1.js:1
3364.b880bb057342d67f.js:1  PUT https://dm-proxy-2.fdm-9de.workers.dev/cors/?url=https%3A%2F%2Fesp-prod-virginia.s3-external-1.amazonaws.com%2Fsubmission%2Fassets%2Fbatch_58882846%2F95673c03-67f3-469f-ae22-a6ea9d8855a6.mov%3FuploadId%3DfJ2Bzyf0EXD_cGkfw7ef5A1Y7ZxQ.lLNkL6ozpD_4y5gZ8AOG9QmoZRzENSZ16M_Luf_IR57VqwPTmUDHJBtp1KcGYAHct27IThNl5SZ4V0gtW5L7rqjkMMeGm8owtoT%26partNumber%3D43 net::ERR_INTERNET_DISCONNECTED
(anonymous) @ 3364.b880bb057342d67f.js:1
l @ 3364.b880bb057342d67f.js:1
F @ 3364.b880bb057342d67f.js:1
I @ 3364.b880bb057342d67f.js:1
await in I
R @ 3364.b880bb057342d67f.js:1
await in R
U @ 3364.b880bb057342d67f.js:1
(anonymous) @ 3364.b880bb057342d67f.js:1
F @ 3364.b880bb057342d67f.js:1
await in F
I @ 3364.b880bb057342d67f.js:1
await in I
R @ 3364.b880bb057342d67f.js:1
await in R
U @ 3364.b880bb057342d67f.js:1
(anonymous) @ 3364.b880bb057342d67f.js:1
F @ 3364.b880bb057342d67f.js:1
await in F
I @ 3364.b880bb057342d67f.js:1
await in I
R @ 3364.b880bb057342d67f.js:1
await in R
U @ 3364.b880bb057342d67f.js:1
(anonymous) @ 3364.b880bb057342d67f.js:1
F @ 3364.b880bb057342d67f.js:1
await in F
I @ 3364.b880bb057342d67f.js:1
await in I
R @ 3364.b880bb057342d67f.js:1
await in R
U @ 3364.b880bb057342d67f.js:1
(anonymous) @ 3364.b880bb057342d67f.js:1
F @ 3364.b880bb057342d67f.js:1
await in F
I @ 3364.b880bb057342d67f.js:1
await in I
R @ 3364.b880bb057342d67f.js:1
await in R
U @ 3364.b880bb057342d67f.js:1
(anonymous) @ 3364.b880bb057342d67f.js:1
F @ 3364.b880bb057342d67f.js:1
await in F
I @ 3364.b880bb057342d67f.js:1
await in I
R @ 3364.b880bb057342d67f.js:1
await in R
U @ 3364.b880bb057342d67f.js:1
(anonymous) @ 3364.b880bb057342d67f.js:1
F @ 3364.b880bb057342d67f.js:1
await in F
I @ 3364.b880bb057342d67f.js:1
await in I
R @ 3364.b880bb057342d67f.js:1
await in R
U @ 3364.b880bb057342d67f.js:1
(anonymous) @ 3364.b880bb057342d67f.js:1
F @ 3364.b880bb057342d67f.js:1
await in F
I @ 3364.b880bb057342d67f.js:1
await in I
R @ 3364.b880bb057342d67f.js:1
await in R
U @ 3364.b880bb057342d67f.js:1
(anonymous) @ 3364.b880bb057342d67f.js:1
F @ 3364.b880bb057342d67f.js:1
await in F
I @ 3364.b880bb057342d67f.js:1
await in I
R @ 3364.b880bb057342d67f.js:1
await in R
(anonymous) @ 3364.b880bb057342d67f.js:1
(anonymous) @ 3364.b880bb057342d67f.js:1
(anonymous) @ 3364.b880bb057342d67f.js:1
E @ 3364.b880bb057342d67f.js:1
await in E
U @ 3364.b880bb057342d67f.js:1
addUploads @ 3364.b880bb057342d67f.js:1
eR @ 5579.e0512e2d6b32d84c.js:1
eU @ 5579.e0512e2d6b32d84c.js:1
await in eU
e_ @ 5579.e0512e2d6b32d84c.js:1
await in e_
ez @ 5579.e0512e2d6b32d84c.js:1
await in ez
(anonymous) @ 5579.e0512e2d6b32d84c.js:1
(anonymous) @ 5579.e0512e2d6b32d84c.js:1
eE @ 5579.e0512e2d6b32d84c.js:1
(anonymous) @ 5579.e0512e2d6b32d84c.js:1
addFiles @ 5579.e0512e2d6b32d84c.js:1
b @ 5579.e0512e2d6b32d84c.js:1
(anonymous) @ 5579.e0512e2d6b32d84c.js:1
(anonymous) @ 5579.e0512e2d6b32d84c.js:1
i8 @ 4bd1b696-100b9d70ed4e49c1.js:1
(anonymous) @ 4bd1b696-100b9d70ed4e49c1.js:1
nz @ 4bd1b696-100b9d70ed4e49c1.js:1
sn @ 4bd1b696-100b9d70ed4e49c1.js:1
cc @ 4bd1b696-100b9d70ed4e49c1.js:1
ci @ 4bd1b696-100b9d70ed4e49c1.js:1
3364.b880bb057342d67f.js:1  GET https://deepmeta.creativ.zone/api/dm-authorize-upload-chunk?accountId=01902717-e71e-7cbd-89cf-432a52a5f033&contributionEspId=460105079&partNr=44&hash=e029c5c9f41e37d4d50f3dd5f01f55ea71f0545acc5116416a8b8a2ec7134071&isRaster=false net::ERR_NETWORK_CHANGED
a @ 3364.b880bb057342d67f.js:1
r @ 3364.b880bb057342d67f.js:1
I @ 3364.b880bb057342d67f.js:1
x @ 3364.b880bb057342d67f.js:1
await in x
I @ 3364.b880bb057342d67f.js:1
await in I
R @ 3364.b880bb057342d67f.js:1
await in R
U @ 3364.b880bb057342d67f.js:1
(anonymous) @ 3364.b880bb057342d67f.js:1
F @ 3364.b880bb057342d67f.js:1
await in F
I @ 3364.b880bb057342d67f.js:1
await in I
R @ 3364.b880bb057342d67f.js:1
await in R
U @ 3364.b880bb057342d67f.js:1
(anonymous) @ 3364.b880bb057342d67f.js:1
F @ 3364.b880bb057342d67f.js:1
await in F
I @ 3364.b880bb057342d67f.js:1
await in I
R @ 3364.b880bb057342d67f.js:1
await in R
U @ 3364.b880bb057342d67f.js:1
(anonymous) @ 3364.b880bb057342d67f.js:1
F @ 3364.b880bb057342d67f.js:1
await in F
I @ 3364.b880bb057342d67f.js:1
await in I
R @ 3364.b880bb057342d67f.js:1
await in R
U @ 3364.b880bb057342d67f.js:1
(anonymous) @ 3364.b880bb057342d67f.js:1
F @ 3364.b880bb057342d67f.js:1
await in F
I @ 3364.b880bb057342d67f.js:1
await in I
R @ 3364.b880bb057342d67f.js:1
await in R
U @ 3364.b880bb057342d67f.js:1
(anonymous) @ 3364.b880bb057342d67f.js:1
F @ 3364.b880bb057342d67f.js:1
await in F
I @ 3364.b880bb057342d67f.js:1
await in I
R @ 3364.b880bb057342d67f.js:1
await in R
U @ 3364.b880bb057342d67f.js:1
(anonymous) @ 3364.b880bb057342d67f.js:1
F @ 3364.b880bb057342d67f.js:1
await in F
I @ 3364.b880bb057342d67f.js:1
await in I
R @ 3364.b880bb057342d67f.js:1
await in R
U @ 3364.b880bb057342d67f.js:1
(anonymous) @ 3364.b880bb057342d67f.js:1
F @ 3364.b880bb057342d67f.js:1
await in F
I @ 3364.b880bb057342d67f.js:1
await in I
R @ 3364.b880bb057342d67f.js:1
await in R
U @ 3364.b880bb057342d67f.js:1
(anonymous) @ 3364.b880bb057342d67f.js:1
F @ 3364.b880bb057342d67f.js:1
await in F
I @ 3364.b880bb057342d67f.js:1
await in I
R @ 3364.b880bb057342d67f.js:1
await in R
(anonymous) @ 3364.b880bb057342d67f.js:1
(anonymous) @ 3364.b880bb057342d67f.js:1
(anonymous) @ 3364.b880bb057342d67f.js:1
E @ 3364.b880bb057342d67f.js:1
await in E
U @ 3364.b880bb057342d67f.js:1
addUploads @ 3364.b880bb057342d67f.js:1
eR @ 5579.e0512e2d6b32d84c.js:1
eU @ 5579.e0512e2d6b32d84c.js:1
await in eU
e_ @ 5579.e0512e2d6b32d84c.js:1
await in e_
ez @ 5579.e0512e2d6b32d84c.js:1
await in ez
(anonymous) @ 5579.e0512e2d6b32d84c.js:1
(anonymous) @ 5579.e0512e2d6b32d84c.js:1
eE @ 5579.e0512e2d6b32d84c.js:1
(anonymous) @ 5579.e0512e2d6b32d84c.js:1
addFiles @ 5579.e0512e2d6b32d84c.js:1
b @ 5579.e0512e2d6b32d84c.js:1
(anonymous) @ 5579.e0512e2d6b32d84c.js:1
(anonymous) @ 5579.e0512e2d6b32d84c.js:1
i8 @ 4bd1b696-100b9d70ed4e49c1.js:1
(anonymous) @ 4bd1b696-100b9d70ed4e49c1.js:1
nz @ 4bd1b696-100b9d70ed4e49c1.js:1
sn @ 4bd1b696-100b9d70ed4e49c1.js:1
cc @ 4bd1b696-100b9d70ed4e49c1.js:1
ci @ 4bd1b696-100b9d70ed4e49c1.js:1
3364.b880bb057342d67f.js:1  GET https://deepmeta.creativ.zone/api/dm-authorize-upload-chunk?accountId=01902717-e71e-7cbd-89cf-432a52a5f033&contributionEspId=460105079&partNr=46&hash=b1ff2afca152c5bdcdcb4dc20a7c75539a678bcd2ab1644252473edfde5977a3&isRaster=false net::ERR_NAME_NOT_RESOLVED
a @ 3364.b880bb057342d67f.js:1
r @ 3364.b880bb057342d67f.js:1
I @ 3364.b880bb057342d67f.js:1
x @ 3364.b880bb057342d67f.js:1
await in x
I @ 3364.b880bb057342d67f.js:1
await in I
R @ 3364.b880bb057342d67f.js:1
await in R
U @ 3364.b880bb057342d67f.js:1
(anonymous) @ 3364.b880bb057342d67f.js:1
F @ 3364.b880bb057342d67f.js:1
await in F
I @ 3364.b880bb057342d67f.js:1
await in I
R @ 3364.b880bb057342d67f.js:1
await in R
U @ 3364.b880bb057342d67f.js:1
(anonymous) @ 3364.b880bb057342d67f.js:1
F @ 3364.b880bb057342d67f.js:1
await in F
I @ 3364.b880bb057342d67f.js:1
await in I
R @ 3364.b880bb057342d67f.js:1
await in R
U @ 3364.b880bb057342d67f.js:1
(anonymous) @ 3364.b880bb057342d67f.js:1
F @ 3364.b880bb057342d67f.js:1
await in F
I @ 3364.b880bb057342d67f.js:1
await in I
R @ 3364.b880bb057342d67f.js:1
await in R
U @ 3364.b880bb057342d67f.js:1
(anonymous) @ 3364.b880bb057342d67f.js:1
F @ 3364.b880bb057342d67f.js:1
await in F
I @ 3364.b880bb057342d67f.js:1
await in I
R @ 3364.b880bb057342d67f.js:1
await in R
U @ 3364.b880bb057342d67f.js:1
(anonymous) @ 3364.b880bb057342d67f.js:1
F @ 3364.b880bb057342d67f.js:1
await in F
I @ 3364.b880bb057342d67f.js:1
await in I
R @ 3364.b880bb057342d67f.js:1
await in R
U @ 3364.b880bb057342d67f.js:1
(anonymous) @ 3364.b880bb057342d67f.js:1
F @ 3364.b880bb057342d67f.js:1
await in F
I @ 3364.b880bb057342d67f.js:1
await in I
R @ 3364.b880bb057342d67f.js:1
await in R
U @ 3364.b880bb057342d67f.js:1
(anonymous) @ 3364.b880bb057342d67f.js:1
F @ 3364.b880bb057342d67f.js:1
await in F
I @ 3364.b880bb057342d67f.js:1
await in I
R @ 3364.b880bb057342d67f.js:1
await in R
U @ 3364.b880bb057342d67f.js:1
(anonymous) @ 3364.b880bb057342d67f.js:1
F @ 3364.b880bb057342d67f.js:1
await in F
I @ 3364.b880bb057342d67f.js:1
await in I
R @ 3364.b880bb057342d67f.js:1
await in R
(anonymous) @ 3364.b880bb057342d67f.js:1
(anonymous) @ 3364.b880bb057342d67f.js:1
(anonymous) @ 3364.b880bb057342d67f.js:1
E @ 3364.b880bb057342d67f.js:1
await in E
U @ 3364.b880bb057342d67f.js:1
addUploads @ 3364.b880bb057342d67f.js:1
eR @ 5579.e0512e2d6b32d84c.js:1
eU @ 5579.e0512e2d6b32d84c.js:1
await in eU
e_ @ 5579.e0512e2d6b32d84c.js:1
await in e_
ez @ 5579.e0512e2d6b32d84c.js:1
await in ez
(anonymous) @ 5579.e0512e2d6b32d84c.js:1
(anonymous) @ 5579.e0512e2d6b32d84c.js:1
eE @ 5579.e0512e2d6b32d84c.js:1
(anonymous) @ 5579.e0512e2d6b32d84c.js:1
addFiles @ 5579.e0512e2d6b32d84c.js:1
b @ 5579.e0512e2d6b32d84c.js:1
(anonymous) @ 5579.e0512e2d6b32d84c.js:1
(anonymous) @ 5579.e0512e2d6b32d84c.js:1
i8 @ 4bd1b696-100b9d70ed4e49c1.js:1
(anonymous) @ 4bd1b696-100b9d70ed4e49c1.js:1
nz @ 4bd1b696-100b9d70ed4e49c1.js:1
sn @ 4bd1b696-100b9d70ed4e49c1.js:1
cc @ 4bd1b696-100b9d70ed4e49c1.js:1
ci @ 4bd1b696-100b9d70ed4e49c1.js:1
3364.b880bb057342d67f.js:1  GET https://deepmeta.creativ.zone/api/dm-authorize-upload-chunk?accountId=01902717-e71e-7cbd-89cf-432a52a5f033&contributionEspId=460105079&partNr=45&hash=ee2b202d9be539868b301bc1011ef7cd054360655c1d5aae451c6eeb87c217d4&isRaster=false net::ERR_NAME_NOT_RESOLVED
a @ 3364.b880bb057342d67f.js:1
r @ 3364.b880bb057342d67f.js:1
I @ 3364.b880bb057342d67f.js:1
x @ 3364.b880bb057342d67f.js:1
await in x
I @ 3364.b880bb057342d67f.js:1
await in I
R @ 3364.b880bb057342d67f.js:1
await in R
U @ 3364.b880bb057342d67f.js:1
(anonymous) @ 3364.b880bb057342d67f.js:1
F @ 3364.b880bb057342d67f.js:1
await in F
I @ 3364.b880bb057342d67f.js:1
await in I
R @ 3364.b880bb057342d67f.js:1
await in R
U @ 3364.b880bb057342d67f.js:1
(anonymous) @ 3364.b880bb057342d67f.js:1
F @ 3364.b880bb057342d67f.js:1
await in F
I @ 3364.b880bb057342d67f.js:1
await in I
R @ 3364.b880bb057342d67f.js:1
await in R
U @ 3364.b880bb057342d67f.js:1
(anonymous) @ 3364.b880bb057342d67f.js:1
F @ 3364.b880bb057342d67f.js:1
await in F
I @ 3364.b880bb057342d67f.js:1
await in I
R @ 3364.b880bb057342d67f.js:1
await in R
U @ 3364.b880bb057342d67f.js:1
(anonymous) @ 3364.b880bb057342d67f.js:1
F @ 3364.b880bb057342d67f.js:1
await in F
I @ 3364.b880bb057342d67f.js:1
await in I
R @ 3364.b880bb057342d67f.js:1
await in R
U @ 3364.b880bb057342d67f.js:1
(anonymous) @ 3364.b880bb057342d67f.js:1
F @ 3364.b880bb057342d67f.js:1
await in F
I @ 3364.b880bb057342d67f.js:1
await in I
R @ 3364.b880bb057342d67f.js:1
await in R
U @ 3364.b880bb057342d67f.js:1
(anonymous) @ 3364.b880bb057342d67f.js:1
F @ 3364.b880bb057342d67f.js:1
await in F
I @ 3364.b880bb057342d67f.js:1
await in I
R @ 3364.b880bb057342d67f.js:1
await in R
U @ 3364.b880bb057342d67f.js:1
(anonymous) @ 3364.b880bb057342d67f.js:1
F @ 3364.b880bb057342d67f.js:1
await in F
I @ 3364.b880bb057342d67f.js:1
await in I
R @ 3364.b880bb057342d67f.js:1
await in R
U @ 3364.b880bb057342d67f.js:1
(anonymous) @ 3364.b880bb057342d67f.js:1
F @ 3364.b880bb057342d67f.js:1
await in F
I @ 3364.b880bb057342d67f.js:1
await in I
R @ 3364.b880bb057342d67f.js:1
await in R
U @ 3364.b880bb057342d67f.js:1
(anonymous) @ 3364.b880bb057342d67f.js:1
F @ 3364.b880bb057342d67f.js:1
await in F
I @ 3364.b880bb057342d67f.js:1
await in I
R @ 3364.b880bb057342d67f.js:1
await in R
(anonymous) @ 3364.b880bb057342d67f.js:1
(anonymous) @ 3364.b880bb057342d67f.js:1
(anonymous) @ 3364.b880bb057342d67f.js:1
E @ 3364.b880bb057342d67f.js:1
await in E
U @ 3364.b880bb057342d67f.js:1
addUploads @ 3364.b880bb057342d67f.js:1
eR @ 5579.e0512e2d6b32d84c.js:1
eU @ 5579.e0512e2d6b32d84c.js:1
await in eU
e_ @ 5579.e0512e2d6b32d84c.js:1
