1255-ecaa16943547460c.js:1 Fetch failed loading: POST "https://deepmeta.creativ.zone/contribute/esp/uploads?batchId=019a2dde-ae0d-7245-a1f5-24aa80cb83b0".
M @ 1255-ecaa16943547460c.js:1
await in M
A @ 1255-ecaa16943547460c.js:1
f @ 1255-ecaa16943547460c.js:1
action @ 1255-ecaa16943547460c.js:1
p @ 1255-ecaa16943547460c.js:1
(anonymous) @ 1255-ecaa16943547460c.js:1
dispatch @ 1255-ecaa16943547460c.js:1
o @ 1255-ecaa16943547460c.js:1
l @ 1255-ecaa16943547460c.js:1
(anonymous) @ 1255-ecaa16943547460c.js:1
(anonymous) @ 1255-ecaa16943547460c.js:1
(anonymous) @ 1255-ecaa16943547460c.js:1
l @ 1255-ecaa16943547460c.js:1
r @ 1255-ecaa16943547460c.js:1
load @ 5579.e0512e2d6b32d84c.js:1
await in load
m @ 2117.820beb8729f2ce7b.js:1
(anonymous) @ 2117.820beb8729f2ce7b.js:1
o1 @ 4bd1b696-100b9d70ed4e49c1.js:1
e @ 4bd1b696-100b9d70ed4e49c1.js:1
e @ 4bd1b696-100b9d70ed4e49c1.js:1
uE @ 4bd1b696-100b9d70ed4e49c1.js:1
ux @ 4bd1b696-100b9d70ed4e49c1.js:1
uE @ 4bd1b696-100b9d70ed4e49c1.js:1
ux @ 4bd1b696-100b9d70ed4e49c1.js:1
uE @ 4bd1b696-100b9d70ed4e49c1.js:1
ux @ 4bd1b696-100b9d70ed4e49c1.js:1
uE @ 4bd1b696-100b9d70ed4e49c1.js:1
ux @ 4bd1b696-100b9d70ed4e49c1.js:1
uE @ 4bd1b696-100b9d70ed4e49c1.js:1
ux @ 4bd1b696-100b9d70ed4e49c1.js:1
uE @ 4bd1b696-100b9d70ed4e49c1.js:1
ux @ 4bd1b696-100b9d70ed4e49c1.js:1
uE @ 4bd1b696-100b9d70ed4e49c1.js:1
ux @ 4bd1b696-100b9d70ed4e49c1.js:1
uE @ 4bd1b696-100b9d70ed4e49c1.js:1
ux @ 4bd1b696-100b9d70ed4e49c1.js:1
uE @ 4bd1b696-100b9d70ed4e49c1.js:1
ux @ 4bd1b696-100b9d70ed4e49c1.js:1
uE @ 4bd1b696-100b9d70ed4e49c1.js:1
ux @ 4bd1b696-100b9d70ed4e49c1.js:1
uE @ 4bd1b696-100b9d70ed4e49c1.js:1
ux @ 4bd1b696-100b9d70ed4e49c1.js:1
uE @ 4bd1b696-100b9d70ed4e49c1.js:1
ux @ 4bd1b696-100b9d70ed4e49c1.js:1
uE @ 4bd1b696-100b9d70ed4e49c1.js:1
ux @ 4bd1b696-100b9d70ed4e49c1.js:1
uE @ 4bd1b696-100b9d70ed4e49c1.js:1
ux @ 4bd1b696-100b9d70ed4e49c1.js:1
uE @ 4bd1b696-100b9d70ed4e49c1.js:1
ux @ 4bd1b696-100b9d70ed4e49c1.js:1
uE @ 4bd1b696-100b9d70ed4e49c1.js:1
ux @ 4bd1b696-100b9d70ed4e49c1.js:1
uE @ 4bd1b696-100b9d70ed4e49c1.js:1
ux @ 4bd1b696-100b9d70ed4e49c1.js:1
uE @ 4bd1b696-100b9d70ed4e49c1.js:1
ux @ 4bd1b696-100b9d70ed4e49c1.js:1
uE @ 4bd1b696-100b9d70ed4e49c1.js:1
ux @ 4bd1b696-100b9d70ed4e49c1.js:1
uE @ 4bd1b696-100b9d70ed4e49c1.js:1
ux @ 4bd1b696-100b9d70ed4e49c1.js:1
uE @ 4bd1b696-100b9d70ed4e49c1.js:1
ux @ 4bd1b696-100b9d70ed4e49c1.js:1
uE @ 4bd1b696-100b9d70ed4e49c1.js:1
ux @ 4bd1b696-100b9d70ed4e49c1.js:1
uE @ 4bd1b696-100b9d70ed4e49c1.js:1
ux @ 4bd1b696-100b9d70ed4e49c1.js:1
uE @ 4bd1b696-100b9d70ed4e49c1.js:1
ux @ 4bd1b696-100b9d70ed4e49c1.js:1
uE @ 4bd1b696-100b9d70ed4e49c1.js:1
ux @ 4bd1b696-100b9d70ed4e49c1.js:1
uE @ 4bd1b696-100b9d70ed4e49c1.js:1
ux @ 4bd1b696-100b9d70ed4e49c1.js:1
uE @ 4bd1b696-100b9d70ed4e49c1.js:1
ux @ 4bd1b696-100b9d70ed4e49c1.js:1
uE @ 4bd1b696-100b9d70ed4e49c1.js:1
ux @ 4bd1b696-100b9d70ed4e49c1.js:1
uE @ 4bd1b696-100b9d70ed4e49c1.js:1
ux @ 4bd1b696-100b9d70ed4e49c1.js:1
uE @ 4bd1b696-100b9d70ed4e49c1.js:1
ux @ 4bd1b696-100b9d70ed4e49c1.js:1
uE @ 4bd1b696-100b9d70ed4e49c1.js:1
ux @ 4bd1b696-100b9d70ed4e49c1.js:1
uE @ 4bd1b696-100b9d70ed4e49c1.js:1
ux @ 4bd1b696-100b9d70ed4e49c1.js:1
uE @ 4bd1b696-100b9d70ed4e49c1.js:1
ux @ 4bd1b696-100b9d70ed4e49c1.js:1
uE @ 4bd1b696-100b9d70ed4e49c1.js:1
ux @ 4bd1b696-100b9d70ed4e49c1.js:1
uE @ 4bd1b696-100b9d70ed4e49c1.js:1
ux @ 4bd1b696-100b9d70ed4e49c1.js:1
uE @ 4bd1b696-100b9d70ed4e49c1.js:1
ux @ 4bd1b696-100b9d70ed4e49c1.js:1
uE @ 4bd1b696-100b9d70ed4e49c1.js:1
ux @ 4bd1b696-100b9d70ed4e49c1.js:1
uE @ 4bd1b696-100b9d70ed4e49c1.js:1
ux @ 4bd1b696-100b9d70ed4e49c1.js:1
uE @ 4bd1b696-100b9d70ed4e49c1.js:1
ux @ 4bd1b696-100b9d70ed4e49c1.js:1
uE @ 4bd1b696-100b9d70ed4e49c1.js:1
ux @ 4bd1b696-100b9d70ed4e49c1.js:1
uE @ 4bd1b696-100b9d70ed4e49c1.js:1
ux @ 4bd1b696-100b9d70ed4e49c1.js:1
uE @ 4bd1b696-100b9d70ed4e49c1.js:1
ux @ 4bd1b696-100b9d70ed4e49c1.js:1
uE @ 4bd1b696-100b9d70ed4e49c1.js:1
ux @ 4bd1b696-100b9d70ed4e49c1.js:1
uE @ 4bd1b696-100b9d70ed4e49c1.js:1
ux @ 4bd1b696-100b9d70ed4e49c1.js:1
uE @ 4bd1b696-100b9d70ed4e49c1.js:1
ux @ 4bd1b696-100b9d70ed4e49c1.js:1
uE @ 4bd1b696-100b9d70ed4e49c1.js:1
ux @ 4bd1b696-100b9d70ed4e49c1.js:1
uE @ 4bd1b696-100b9d70ed4e49c1.js:1
ux @ 4bd1b696-100b9d70ed4e49c1.js:1
uE @ 4bd1b696-100b9d70ed4e49c1.js:1
ux @ 4bd1b696-100b9d70ed4e49c1.js:1
uE @ 4bd1b696-100b9d70ed4e49c1.js:1
ux @ 4bd1b696-100b9d70ed4e49c1.js:1
uE @ 4bd1b696-100b9d70ed4e49c1.js:1
ux @ 4bd1b696-100b9d70ed4e49c1.js:1
uE @ 4bd1b696-100b9d70ed4e49c1.js:1
ux @ 4bd1b696-100b9d70ed4e49c1.js:1
uE @ 4bd1b696-100b9d70ed4e49c1.js:1
ux @ 4bd1b696-100b9d70ed4e49c1.js:1
uE @ 4bd1b696-100b9d70ed4e49c1.js:1
ux @ 4bd1b696-100b9d70ed4e49c1.js:1
uE @ 4bd1b696-100b9d70ed4e49c1.js:1
ux @ 4bd1b696-100b9d70ed4e49c1.js:1
uE @ 4bd1b696-100b9d70ed4e49c1.js:1
ux @ 4bd1b696-100b9d70ed4e49c1.js:1
uE @ 4bd1b696-100b9d70ed4e49c1.js:1
ux @ 4bd1b696-100b9d70ed4e49c1.js:1
uE @ 4bd1b696-100b9d70ed4e49c1.js:1
ux @ 4bd1b696-100b9d70ed4e49c1.js:1
uE @ 4bd1b696-100b9d70ed4e49c1.js:1
ux @ 4bd1b696-100b9d70ed4e49c1.js:1
uE @ 4bd1b696-100b9d70ed4e49c1.js:1
ux @ 4bd1b696-100b9d70ed4e49c1.js:1
uE @ 4bd1b696-100b9d70ed4e49c1.js:1
ux @ 4bd1b696-100b9d70ed4e49c1.js:1
uE @ 4bd1b696-100b9d70ed4e49c1.js:1
ux @ 4bd1b696-100b9d70ed4e49c1.js:1
uE @ 4bd1b696-100b9d70ed4e49c1.js:1
ux @ 4bd1b696-100b9d70ed4e49c1.js:1
uE @ 4bd1b696-100b9d70ed4e49c1.js:1
ux @ 4bd1b696-100b9d70ed4e49c1.js:1
uE @ 4bd1b696-100b9d70ed4e49c1.js:1
ux @ 4bd1b696-100b9d70ed4e49c1.js:1
uE @ 4bd1b696-100b9d70ed4e49c1.js:1
ux @ 4bd1b696-100b9d70ed4e49c1.js:1
uE @ 4bd1b696-100b9d70ed4e49c1.js:1
ux @ 4bd1b696-100b9d70ed4e49c1.js:1
uE @ 4bd1b696-100b9d70ed4e49c1.js:1
ux @ 4bd1b696-100b9d70ed4e49c1.js:1
uE @ 4bd1b696-100b9d70ed4e49c1.js:1
ux @ 4bd1b696-100b9d70ed4e49c1.js:1
uE @ 4bd1b696-100b9d70ed4e49c1.js:1
ux @ 4bd1b696-100b9d70ed4e49c1.js:1
uE @ 4bd1b696-100b9d70ed4e49c1.js:1
ux @ 4bd1b696-100b9d70ed4e49c1.js:1
uE @ 4bd1b696-100b9d70ed4e49c1.js:1
ux @ 4bd1b696-100b9d70ed4e49c1.js:1
uE @ 4bd1b696-100b9d70ed4e49c1.js:1
ux @ 4bd1b696-100b9d70ed4e49c1.js:1
uE @ 4bd1b696-100b9d70ed4e49c1.js:1
ux @ 4bd1b696-100b9d70ed4e49c1.js:1
uE @ 4bd1b696-100b9d70ed4e49c1.js:1
ux @ 4bd1b696-100b9d70ed4e49c1.js:1
uE @ 4bd1b696-100b9d70ed4e49c1.js:1
ux @ 4bd1b696-100b9d70ed4e49c1.js:1
uE @ 4bd1b696-100b9d70ed4e49c1.js:1
ux @ 4bd1b696-100b9d70ed4e49c1.js:1
uE @ 4bd1b696-100b9d70ed4e49c1.js:1
ux @ 4bd1b696-100b9d70ed4e49c1.js:1
uE @ 4bd1b696-100b9d70ed4e49c1.js:1
ux @ 4bd1b696-100b9d70ed4e49c1.js:1
uE @ 4bd1b696-100b9d70ed4e49c1.js:1
ux @ 4bd1b696-100b9d70ed4e49c1.js:1
uE @ 4bd1b696-100b9d70ed4e49c1.js:1
ux @ 4bd1b696-100b9d70ed4e49c1.js:1
uE @ 4bd1b696-100b9d70ed4e49c1.js:1
ux @ 4bd1b696-100b9d70ed4e49c1.js:1
uE @ 4bd1b696-100b9d70ed4e49c1.js:1
ux @ 4bd1b696-100b9d70ed4e49c1.js:1
uE @ 4bd1b696-100b9d70ed4e49c1.js:1
ux @ 4bd1b696-100b9d70ed4e49c1.js:1
uE @ 4bd1b696-100b9d70ed4e49c1.js:1
ux @ 4bd1b696-100b9d70ed4e49c1.js:1
uE @ 4bd1b696-100b9d70ed4e49c1.js:1
ux @ 4bd1b696-100b9d70ed4e49c1.js:1
uE @ 4bd1b696-100b9d70ed4e49c1.js:1
ux @ 4bd1b696-100b9d70ed4e49c1.js:1
uE @ 4bd1b696-100b9d70ed4e49c1.js:1
ux @ 4bd1b696-100b9d70ed4e49c1.js:1
uE @ 4bd1b696-100b9d70ed4e49c1.js:1
ux @ 4bd1b696-100b9d70ed4e49c1.js:1
uE @ 4bd1b696-100b9d70ed4e49c1.js:1
ux @ 4bd1b696-100b9d70ed4e49c1.js:1
uE @ 4bd1b696-100b9d70ed4e49c1.js:1
ux @ 4bd1b696-100b9d70ed4e49c1.js:1
uE @ 4bd1b696-100b9d70ed4e49c1.js:1
ux @ 4bd1b696-100b9d70ed4e49c1.js:1
uE @ 4bd1b696-100b9d70ed4e49c1.js:1
ux @ 4bd1b696-100b9d70ed4e49c1.js:1
uE @ 4bd1b696-100b9d70ed4e49c1.js:1
ux @ 4bd1b696-100b9d70ed4e49c1.js:1
uE @ 4bd1b696-100b9d70ed4e49c1.js:1
ux @ 4bd1b696-100b9d70ed4e49c1.js:1
uE @ 4bd1b696-100b9d70ed4e49c1.js:1
ux @ 4bd1b696-100b9d70ed4e49c1.js:1
uE @ 4bd1b696-100b9d70ed4e49c1.js:1
ux @ 4bd1b696-100b9d70ed4e49c1.js:1
uE @ 4bd1b696-100b9d70ed4e49c1.js:1
ux @ 4bd1b696-100b9d70ed4e49c1.js:1
Fetch finished loading: GET "<URL>".
Fetch finished loading: GET "<URL>".
Fetch finished loading: GET "<URL>".
Fetch finished loading: GET "<URL>".
Fetch finished loading: GET "<URL>".
Fetch finished loading: GET "<URL>".
Fetch finished loading: GET "<URL>".
Fetch finished loading: GET "<URL>".
Fetch finished loading: GET "<URL>".
Fetch finished loading: GET "<URL>".
Fetch finished loading: GET "<URL>".
Fetch finished loading: GET "<URL>".
Fetch finished loading: GET "<URL>".
Fetch finished loading: GET "<URL>".
Fetch finished loading: GET "<URL>".
Fetch finished loading: GET "<URL>".
Fetch finished loading: GET "<URL>".
Fetch finished loading: GET "<URL>".
Fetch finished loading: GET "<URL>".
Fetch finished loading: GET "<URL>".
Fetch finished loading: GET "<URL>".
Fetch finished loading: GET "<URL>".
Fetch finished loading: GET "<URL>".
Fetch finished loading: GET "<URL>".
Fetch finished loading: GET "<URL>".
Fetch finished loading: GET "<URL>".
Fetch finished loading: GET "<URL>".
Fetch finished loading: GET "<URL>".
Fetch finished loading: GET "<URL>".
Fetch finished loading: GET "<URL>".
Fetch finished loading: GET "<URL>".
Fetch finished loading: GET "<URL>".
Fetch finished loading: GET "<URL>".
Fetch finished loading: GET "<URL>".
Fetch finished loading: GET "<URL>".
Fetch finished loading: GET "<URL>".
Fetch finished loading: GET "<URL>".
Fetch finished loading: GET "<URL>".
Fetch finished loading: GET "<URL>".
Fetch finished loading: GET "<URL>".
Fetch finished loading: GET "<URL>".
Fetch finished loading: GET "<URL>".
Fetch finished loading: GET "<URL>".
Fetch finished loading: GET "<URL>".
Fetch finished loading: GET "<URL>".
Fetch finished loading: GET "<URL>".
Fetch finished loading: GET "<URL>".
Fetch finished loading: GET "<URL>".
Fetch finished loading: GET "<URL>".
Fetch finished loading: GET "<URL>".
Fetch finished loading: GET "<URL>".
Fetch finished loading: GET "<URL>".
Fetch finished loading: GET "<URL>".
Fetch finished loading: GET "<URL>".
Fetch finished loading: GET "<URL>".
Fetch finished loading: GET "<URL>".
Fetch finished loading: GET "<URL>".
Fetch finished loading: GET "<URL>".
Fetch finished loading: GET "<URL>".
Fetch finished loading: GET "<URL>".
Fetch finished loading: GET "<URL>".
Fetch finished loading: GET "<URL>".
Fetch finished loading: GET "<URL>".
Fetch finished loading: GET "<URL>".
Fetch finished loading: GET "<URL>".
Fetch finished loading: GET "<URL>".
Fetch finished loading: GET "<URL>".
Fetch finished loading: GET "<URL>".
Fetch finished loading: GET "<URL>".
Fetch finished loading: GET "<URL>".
Fetch finished loading: GET "<URL>".
Fetch finished loading: GET "<URL>".
Fetch finished loading: GET "<URL>".
Fetch finished loading: GET "<URL>".
Fetch finished loading: GET "<URL>".
Fetch finished loading: GET "<URL>".
Fetch finished loading: GET "<URL>".
Fetch finished loading: GET "<URL>".
Fetch finished loading: GET "<URL>".
Fetch finished loading: GET "<URL>".
Fetch finished loading: GET "<URL>".
Fetch finished loading: GET "<URL>".
Fetch finished loading: GET "<URL>".
Fetch finished loading: GET "<URL>".
Fetch finished loading: GET "<URL>".
Fetch finished loading: GET "<URL>".
Fetch finished loading: GET "<URL>".
Fetch finished loading: GET "<URL>".
Fetch finished loading: GET "<URL>".
Fetch finished loading: GET "<URL>".
Fetch finished loading: GET "<URL>".
Fetch finished loading: GET "<URL>".
Fetch finished loading: GET "<URL>".
Fetch finished loading: GET "<URL>".
Fetch finished loading: GET "<URL>".
Fetch finished loading: GET "<URL>".
Fetch finished loading: GET "<URL>".
Fetch finished loading: GET "<URL>".
Fetch finished loading: GET "<URL>".
Fetch finished loading: GET "<URL>".
Fetch finished loading: GET "<URL>".
Fetch finished loading: GET "<URL>".
Fetch finished loading: GET "<URL>".
Fetch finished loading: GET "<URL>".
Fetch finished loading: GET "<URL>".
Fetch finished loading: GET "<URL>".
Fetch finished loading: GET "<URL>".
Fetch finished loading: GET "<URL>".
Fetch finished loading: GET "<URL>".
Fetch finished loading: GET "<URL>".
Fetch finished loading: GET "<URL>".
Fetch finished loading: GET "<URL>".
Fetch finished loading: GET "<URL>".
Fetch finished loading: GET "<URL>".
Fetch finished loading: GET "<URL>".
Fetch finished loading: GET "<URL>".
Fetch finished loading: GET "<URL>".
Fetch finished loading: GET "<URL>".
Fetch finished loading: GET "<URL>".
Fetch finished loading: GET "<URL>".
Fetch finished loading: GET "<URL>".
Fetch finished loading: GET "<URL>".
Fetch finished loading: GET "<URL>".
Fetch finished loading: GET "<URL>".
Fetch finished loading: GET "<URL>".
Fetch finished loading: GET "<URL>".
Fetch finished loading: GET "<URL>".
Fetch finished loading: GET "<URL>".
Fetch finished loading: GET "<URL>".
Fetch finished loading: GET "<URL>".
Fetch finished loading: GET "<URL>".
Fetch finished loading: GET "<URL>".
Fetch finished loading: GET "<URL>".
Fetch finished loading: GET "<URL>".
Fetch finished loading: GET "<URL>".
Fetch finished loading: GET "<URL>".
Fetch finished loading: GET "<URL>".
Fetch finished loading: GET "<URL>".
Fetch finished loading: GET "<URL>".
Fetch finished loading: GET "<URL>".
Fetch finished loading: GET "<URL>".
Fetch finished loading: GET "<URL>".
Fetch finished loading: GET "<URL>".
Fetch finished loading: GET "<URL>".
Fetch finished loading: GET "<URL>".
Fetch finished loading: GET "<URL>".
Fetch finished loading: GET "<URL>".
Fetch finished loading: GET "<URL>".
Fetch finished loading: GET "<URL>".
Fetch finished loading: GET "<URL>".
Fetch finished loading: GET "<URL>".
Fetch finished loading: GET "<URL>".
Fetch finished loading: GET "<URL>".
Fetch finished loading: GET "<URL>".
Fetch finished loading: GET "<URL>".
Fetch finished loading: GET "<URL>".
Fetch finished loading: GET "<URL>".
Fetch finished loading: GET "<URL>".
Fetch finished loading: GET "<URL>".
Fetch finished loading: GET "<URL>".
Fetch finished loading: GET "<URL>".
Fetch finished loading: GET "<URL>".
Fetch finished loading: GET "<URL>".
Fetch finished loading: GET "<URL>".
Fetch finished loading: GET "<URL>".
Fetch finished loading: GET "<URL>".
Fetch finished loading: GET "<URL>".
Fetch finished loading: GET "<URL>".
Fetch finished loading: GET "<URL>".
Fetch finished loading: GET "<URL>".
Fetch finished loading: GET "<URL>".
Fetch finished loading: GET "<URL>".
Fetch finished loading: GET "<URL>".
Fetch finished loading: GET "<URL>".
Fetch finished loading: GET "<URL>".
Fetch finished loading: GET "<URL>".
Fetch finished loading: GET "<URL>".
Fetch finished loading: GET "<URL>".
Fetch finished loading: GET "<URL>".
Fetch finished loading: GET "<URL>".
Fetch finished loading: GET "<URL>".
Fetch finished loading: GET "<URL>".
Fetch finished loading: GET "<URL>".
Fetch finished loading: GET "<URL>".
Fetch finished loading: GET "<URL>".
Fetch finished loading: GET "<URL>".
Fetch finished loading: GET "<URL>".
Fetch finished loading: GET "<URL>".
Fetch finished loading: GET "<URL>".
Fetch finished loading: GET "<URL>".
Fetch finished loading: GET "<URL>".
Fetch finished loading: GET "<URL>".
Fetch finished loading: GET "<URL>".
Fetch finished loading: GET "<URL>".
Fetch finished loading: GET "<URL>".
Fetch finished loading: GET "<URL>".
Fetch finished loading: GET "<URL>".
Fetch finished loading: GET "<URL>".
Fetch finished loading: GET "<URL>".
Fetch finished loading: GET "<URL>".
Fetch finished loading: GET "<URL>".
Fetch finished loading: GET "<URL>".
Fetch finished loading: GET "<URL>".
Fetch finished loading: GET "<URL>".
Fetch finished loading: GET "<URL>".
Fetch finished loading: GET "<URL>".
Fetch finished loading: GET "<URL>".
Fetch finished loading: GET "<URL>".
Fetch finished loading: GET "<URL>".
Fetch finished loading: GET "<URL>".
Fetch finished loading: GET "<URL>".
Fetch finished loading: GET "<URL>".
Fetch finished loading: GET "<URL>".
Fetch finished loading: GET "<URL>".
Fetch finished loading: GET "<URL>".
Fetch finished loading: GET "<URL>".
Fetch finished loading: GET "<URL>".
Fetch finished loading: GET "<URL>".
Fetch finished loading: GET "<URL>".
Fetch finished loading: GET "<URL>".
Fetch finished loading: GET "<URL>".
Fetch finished loading: GET "<URL>".
Fetch finished loading: GET "<URL>".
Fetch finished loading: GET "<URL>".
Fetch finished loading: GET "<URL>".
Fetch finished loading: GET "<URL>".
Fetch finished loading: GET "<URL>".
Fetch finished loading: GET "<URL>".
Fetch finished loading: GET "<URL>".
Fetch finished loading: GET "<URL>".
Fetch finished loading: GET "<URL>".
Fetch finished loading: GET "<URL>".
Fetch finished loading: GET "<URL>".
Fetch finished loading: GET "<URL>".
Fetch finished loading: GET "<URL>".
Fetch finished loading: GET "<URL>".
Fetch finished loading: GET "<URL>".
Fetch finished loading: GET "<URL>".
Fetch finished loading: GET "<URL>".
Fetch finished loading: GET "<URL>".
Fetch finished loading: GET "<URL>".
Fetch finished loading: GET "<URL>".
Fetch finished loading: GET "<URL>".
Fetch finished loading: GET "<URL>".
Fetch finished loading: GET "<URL>".
Fetch finished loading: GET "<URL>".
Fetch finished loading: GET "<URL>".
Fetch finished loading: GET "<URL>".
Fetch finished loading: GET "<URL>".
Fetch finished loading: GET "<URL>".
Fetch finished loading: GET "<URL>".
Fetch finished loading: GET "<URL>".
Fetch finished loading: GET "<URL>".
Fetch finished loading: GET "<URL>".
Fetch finished loading: GET "<URL>".
Fetch finished loading: GET "<URL>".
Fetch finished loading: GET "<URL>".
Fetch finished loading: GET "<URL>".
Fetch finished loading: GET "<URL>".
Fetch finished loading: GET "<URL>".
Fetch finished loading: GET "<URL>".
Fetch finished loading: GET "<URL>".
Fetch finished loading: GET "<URL>".
Fetch finished loading: GET "<URL>".
Fetch finished loading: GET "<URL>".
js?id=G-P7DJLPYDNR:250 Fetch failed loading: POST "https://www.google-analytics.com/g/collect?v=2&tid=G-P7DJLPYDNR&gtm=45je5b50v9123304681za200zd9123304681&_p=1762751102281&gcd=13l3l3l3l1l1&npa=0&dma=0&cid=391930140.1747708122&ul=en-us&sr=1274x797&uaa=x86&uab=64&uafvl=Chromium%3B142.0.7444.60%7CGoogle%2520Chrome%3B142.0.7444.60%7CNot_A%2520Brand%3B99.0.0.0&uamb=0&uam=&uap=Windows&uapv=15.0.0&uaw=0&are=1&frm=0&pscdl=noapi&_eu=AEEAAAQ&_s=8&tag_exp=101509157~103116026~103200004~103233427~104527907~104528500~104684208~104684211~104948813~115480710~115583767~115616986~115938466~115938469~116217636~116217638&sid=1762840169&sct=46&seg=1&dl=https%3A%2F%2Fdeepmeta.creativ.zone%2Fcontribute%2Fesp%2Fuploads%3FbatchId%3D019a2dde-ae0d-7245-a1f5-24aa80cb83b0&dr=https%3A%2F%2Fdeepmeta.creativ.zone%2Fcontribute%2Fesp%2Fbatches&dt=DeepMeta%20-%20creativ.zone&en=form_start&ep.form_id=&ep.form_name=&ep.form_destination=https%3A%2F%2Fdeepmeta.creativ.zone%2Fcontribute%2Fesp%2Fuploads%3FbatchId%3D019a2dde-ae0d-7245-a1f5-24aa80cb83b0%23&epn.form_length=6&ep.first_field_id=&ep.first_field_name=typeStr&ep.first_field_type=&epn.first_field_position=1&_et=116251&tfd=90231715".
ad @ js?id=G-P7DJLPYDNR:250
Cl @ js?id=G-P7DJLPYDNR:412
NN @ js?id=G-P7DJLPYDNR:939
k.flush @ js?id=G-P7DJLPYDNR:946
(anonymous) @ js?id=G-P7DJLPYDNR:944
setTimeout
k.Ob @ js?id=G-P7DJLPYDNR:944
k.add @ js?id=G-P7DJLPYDNR:946
k.Sm @ js?id=G-P7DJLPYDNR:962
k.yr @ js?id=G-P7DJLPYDNR:962
(anonymous) @ js?id=G-P7DJLPYDNR:959
Wl @ js?id=G-P7DJLPYDNR:423
Vn @ js?id=G-P7DJLPYDNR:442
(anonymous) @ js?id=G-P7DJLPYDNR:959
c @ js?id=G-P7DJLPYDNR:887
vJ @ js?id=G-P7DJLPYDNR:887
k.xr @ js?id=G-P7DJLPYDNR:959
c @ js?id=G-P7DJLPYDNR:973
v @ js?id=G-P7DJLPYDNR:466
em @ js?id=G-P7DJLPYDNR:425
Wp @ js?id=G-P7DJLPYDNR:466
Vp.flush @ js?id=G-P7DJLPYDNR:470
Vp.push @ js?id=G-P7DJLPYDNR:468
Op @ js?id=G-P7DJLPYDNR:463
event @ js?id=G-P7DJLPYDNR:743
lB @ js?id=G-P7DJLPYDNR:749
(anonymous) @ js?id=G-P7DJLPYDNR:753
setTimeout
Tc @ js?id=G-P7DJLPYDNR:247
EA @ js?id=G-P7DJLPYDNR:753
AA.enqueue @ js?id=G-P7DJLPYDNR:730
BA @ js?id=G-P7DJLPYDNR:731
rQ @ js?id=G-P7DJLPYDNR:985
(anonymous) @ js?id=G-P7DJLPYDNR:360
k.apply @ js?id=G-P7DJLPYDNR:262
Ya @ js?id=G-P7DJLPYDNR:225
Xa @ js?id=G-P7DJLPYDNR:224
Qd @ js?id=G-P7DJLPYDNR:278
k.apply @ js?id=G-P7DJLPYDNR:262
Ya @ js?id=G-P7DJLPYDNR:225
Xa @ js?id=G-P7DJLPYDNR:224
re @ js?id=G-P7DJLPYDNR:289
k.apply @ js?id=G-P7DJLPYDNR:262
Ya @ js?id=G-P7DJLPYDNR:225
Xa @ js?id=G-P7DJLPYDNR:224
(anonymous) @ js?id=G-P7DJLPYDNR:286
k.apply @ js?id=G-P7DJLPYDNR:262
Ya @ js?id=G-P7DJLPYDNR:225
Xa @ js?id=G-P7DJLPYDNR:224
(anonymous) @ js?id=G-P7DJLPYDNR:286
k.apply @ js?id=G-P7DJLPYDNR:262
r @ js?id=G-P7DJLPYDNR:266
tD @ js?id=G-P7DJLPYDNR:782
vD @ js?id=G-P7DJLPYDNR:782
(anonymous) @ js?id=G-P7DJLPYDNR:781
(anonymous) @ js?id=G-P7DJLPYDNR:780
handleMouseUp_ @ unknown
Fetch finished loading: POST "<URL>".
Fetch finished loading: POST "<URL>".
Fetch finished loading: POST "<URL>".
Fetch finished loading: POST "<URL>".
Fetch finished loading: POST "<URL>".
Fetch finished loading: POST "<URL>".
Fetch finished loading: POST "<URL>".
Fetch finished loading: POST "<URL>".
Fetch finished loading: POST "<URL>".
XHR finished loading: PUT "<URL>".
XHR finished loading: PUT "<URL>".
XHR finished loading: PUT "<URL>".
XHR finished loading: PUT "<URL>".
XHR finished loading: PUT "<URL>".
XHR finished loading: PUT "<URL>".
XHR finished loading: PUT "<URL>".
XHR finished loading: PUT "<URL>".
XHR finished loading: PUT "<URL>".
XHR finished loading: PUT "<URL>".
XHR finished loading: PUT "<URL>".
XHR finished loading: PUT "<URL>".
XHR finished loading: PUT "<URL>".
XHR finished loading: PUT "<URL>".
XHR finished loading: PUT "<URL>".
XHR finished loading: PUT "<URL>".
XHR finished loading: PUT "<URL>".
XHR finished loading: PUT "<URL>".
XHR finished loading: PUT "<URL>".
XHR finished loading: PUT "<URL>".
XHR finished loading: PUT "<URL>".
XHR finished loading: PUT "<URL>".
XHR finished loading: PUT "<URL>".
XHR finished loading: PUT "<URL>".
XHR finished loading: PUT "<URL>".
XHR finished loading: PUT "<URL>".
XHR finished loading: PUT "<URL>".
XHR finished loading: PUT "<URL>".
XHR finished loading: PUT "<URL>".
XHR finished loading: PUT "<URL>".
XHR finished loading: PUT "<URL>".
XHR finished loading: PUT "<URL>".
XHR finished loading: PUT "<URL>".
XHR finished loading: PUT "<URL>".
XHR finished loading: PUT "<URL>".
XHR finished loading: PUT "<URL>".
XHR finished loading: PUT "<URL>".
XHR finished loading: PUT "<URL>".
XHR finished loading: PUT "<URL>".
XHR finished loading: PUT "<URL>".
XHR finished loading: PUT "<URL>".
XHR finished loading: PUT "<URL>".
XHR finished loading: PUT "<URL>".
XHR finished loading: PUT "<URL>".
XHR finished loading: PUT "<URL>".
XHR finished loading: PUT "<URL>".
XHR finished loading: PUT "<URL>".
XHR finished loading: PUT "<URL>".
XHR finished loading: PUT "<URL>".
XHR finished loading: PUT "<URL>".
XHR finished loading: PUT "<URL>".
XHR finished loading: PUT "<URL>".
XHR finished loading: PUT "<URL>".
XHR finished loading: PUT "<URL>".
XHR finished loading: PUT "<URL>".
XHR finished loading: PUT "<URL>".
XHR finished loading: PUT "<URL>".
XHR finished loading: PUT "<URL>".
XHR finished loading: PUT "<URL>".
XHR finished loading: PUT "<URL>".
XHR finished loading: PUT "<URL>".
XHR finished loading: PUT "<URL>".
XHR finished loading: PUT "<URL>".
XHR finished loading: PUT "<URL>".
XHR finished loading: PUT "<URL>".
XHR finished loading: PUT "<URL>".
XHR finished loading: PUT "<URL>".
XHR finished loading: PUT "<URL>".
XHR finished loading: PUT "<URL>".
XHR finished loading: PUT "<URL>".
XHR finished loading: PUT "<URL>".
XHR finished loading: PUT "<URL>".
XHR finished loading: PUT "<URL>".
XHR finished loading: PUT "<URL>".
XHR finished loading: PUT "<URL>".
XHR finished loading: PUT "<URL>".
XHR finished loading: PUT "<URL>".
XHR finished loading: PUT "<URL>".
XHR finished loading: PUT "<URL>".
XHR finished loading: PUT "<URL>".
XHR finished loading: PUT "<URL>".
XHR finished loading: PUT "<URL>".
XHR finished loading: PUT "<URL>".
XHR finished loading: PUT "<URL>".
XHR finished loading: PUT "<URL>".
XHR finished loading: PUT "<URL>".
XHR finished loading: PUT "<URL>".
XHR finished loading: PUT "<URL>".
XHR finished loading: PUT "<URL>".
XHR finished loading: PUT "<URL>".
XHR finished loading: PUT "<URL>".
XHR finished loading: PUT "<URL>".
XHR finished loading: PUT "<URL>".
XHR finished loading: PUT "<URL>".
XHR finished loading: PUT "<URL>".
XHR finished loading: PUT "<URL>".
XHR finished loading: PUT "<URL>".
XHR finished loading: PUT "<URL>".
XHR finished loading: PUT "<URL>".
XHR finished loading: PUT "<URL>".
XHR finished loading: PUT "<URL>".
XHR finished loading: PUT "<URL>".
XHR finished loading: PUT "<URL>".
XHR finished loading: PUT "<URL>".
XHR finished loading: PUT "<URL>".
XHR finished loading: PUT "<URL>".
XHR finished loading: PUT "<URL>".
XHR finished loading: PUT "<URL>".
XHR finished loading: PUT "<URL>".
XHR finished loading: PUT "<URL>".
XHR finished loading: PUT "<URL>".
XHR finished loading: PUT "<URL>".
XHR finished loading: PUT "<URL>".
XHR finished loading: PUT "<URL>".
XHR finished loading: PUT "<URL>".
XHR finished loading: PUT "<URL>".
XHR finished loading: PUT "<URL>".
XHR finished loading: PUT "<URL>".
XHR finished loading: PUT "<URL>".
XHR finished loading: PUT "<URL>".
XHR finished loading: PUT "<URL>".
XHR finished loading: PUT "<URL>".
XHR finished loading: PUT "<URL>".
XHR finished loading: PUT "<URL>".
XHR finished loading: PUT "<URL>".
XHR finished loading: PUT "<URL>".
XHR finished loading: PUT "<URL>".
XHR finished loading: PUT "<URL>".
XHR finished loading: PUT "<URL>".
XHR finished loading: PUT "<URL>".
XHR finished loading: PUT "<URL>".
XHR finished loading: PUT "<URL>".
XHR finished loading: PUT "<URL>".
XHR finished loading: PUT "<URL>".
XHR finished loading: PUT "<URL>".
XHR finished loading: PUT "<URL>".
XHR finished loading: PUT "<URL>".
XHR finished loading: PUT "<URL>".
XHR finished loading: PUT "<URL>".
XHR finished loading: PUT "<URL>".
XHR finished loading: PUT "<URL>".
XHR finished loading: PUT "<URL>".
XHR finished loading: PUT "<URL>".
XHR finished loading: PUT "<URL>".
XHR finished loading: PUT "<URL>".
XHR finished loading: PUT "<URL>".
XHR finished loading: PUT "<URL>".
XHR finished loading: PUT "<URL>".
XHR finished loading: PUT "<URL>".
XHR finished loading: PUT "<URL>".
XHR finished loading: PUT "<URL>".
XHR finished loading: PUT "<URL>".
XHR finished loading: PUT "<URL>".
XHR finished loading: PUT "<URL>".
XHR finished loading: PUT "<URL>".
XHR finished loading: PUT "<URL>".
XHR finished loading: PUT "<URL>".
XHR finished loading: PUT "<URL>".
XHR finished loading: PUT "<URL>".
XHR finished loading: PUT "<URL>".
XHR finished loading: PUT "<URL>".
XHR finished loading: PUT "<URL>".
XHR finished loading: PUT "<URL>".
XHR finished loading: PUT "<URL>".
XHR finished loading: PUT "<URL>".
XHR finished loading: PUT "<URL>".
XHR finished loading: PUT "<URL>".
XHR finished loading: PUT "<URL>".
XHR finished loading: PUT "<URL>".
XHR finished loading: PUT "<URL>".
XHR finished loading: PUT "<URL>".
XHR finished loading: PUT "<URL>".
XHR finished loading: PUT "<URL>".
XHR finished loading: PUT "<URL>".
XHR finished loading: PUT "<URL>".
XHR finished loading: PUT "<URL>".
XHR finished loading: PUT "<URL>".
XHR finished loading: PUT "<URL>".
XHR finished loading: PUT "<URL>".
XHR finished loading: PUT "<URL>".
XHR finished loading: PUT "<URL>".
XHR finished loading: PUT "<URL>".
XHR finished loading: PUT "<URL>".
XHR finished loading: PUT "<URL>".
XHR finished loading: PUT "<URL>".
XHR finished loading: PUT "<URL>".
XHR finished loading: PUT "<URL>".
XHR finished loading: PUT "<URL>".
XHR finished loading: PUT "<URL>".
XHR finished loading: PUT "<URL>".
XHR finished loading: PUT "<URL>".
XHR finished loading: PUT "<URL>".
XHR finished loading: PUT "<URL>".
XHR finished loading: PUT "<URL>".
XHR finished loading: PUT "<URL>".
XHR finished loading: PUT "<URL>".
XHR finished loading: PUT "<URL>".
XHR finished loading: PUT "<URL>".
XHR finished loading: PUT "<URL>".
XHR finished loading: PUT "<URL>".
XHR finished loading: PUT "<URL>".
XHR finished loading: PUT "<URL>".
XHR finished loading: PUT "<URL>".
XHR finished loading: PUT "<URL>".
XHR finished loading: PUT "<URL>".
XHR finished loading: PUT "<URL>".
XHR finished loading: PUT "<URL>".
XHR finished loading: PUT "<URL>".
XHR finished loading: PUT "<URL>".
XHR finished loading: PUT "<URL>".
XHR finished loading: PUT "<URL>".
XHR finished loading: PUT "<URL>".
XHR finished loading: PUT "<URL>".
XHR finished loading: PUT "<URL>".
XHR finished loading: PUT "<URL>".
XHR finished loading: PUT "<URL>".
XHR finished loading: PUT "<URL>".
XHR finished loading: PUT "<URL>".
XHR finished loading: PUT "<URL>".
XHR finished loading: PUT "<URL>".
XHR finished loading: PUT "<URL>".
XHR finished loading: PUT "<URL>".
XHR finished loading: PUT "<URL>".
XHR finished loading: PUT "<URL>".
XHR finished loading: PUT "<URL>".
XHR finished loading: PUT "<URL>".
XHR finished loading: PUT "<URL>".
XHR finished loading: PUT "<URL>".
XHR finished loading: PUT "<URL>".
XHR finished loading: PUT "<URL>".
XHR finished loading: PUT "<URL>".
XHR finished loading: PUT "<URL>".
XHR finished loading: PUT "<URL>".
XHR finished loading: PUT "<URL>".
XHR finished loading: PUT "<URL>".
XHR finished loading: PUT "<URL>".
XHR finished loading: PUT "<URL>".
XHR finished loading: PUT "<URL>".
XHR finished loading: PUT "<URL>".
XHR finished loading: PUT "<URL>".
XHR finished loading: PUT "<URL>".
XHR finished loading: PUT "<URL>".
XHR finished loading: PUT "<URL>".
XHR finished loading: PUT "<URL>".
XHR finished loading: PUT "<URL>".
XHR finished loading: PUT "<URL>".
XHR finished loading: PUT "<URL>".
XHR finished loading: PUT "<URL>".
XHR finished loading: PUT "<URL>".
XHR finished loading: PUT "<URL>".
XHR finished loading: PUT "<URL>".
XHR finished loading: PUT "<URL>".
XHR finished loading: PUT "<URL>".
XHR finished loading: PUT "<URL>".
XHR finished loading: PUT "<URL>".
XHR finished loading: PUT "<URL>".
XHR finished loading: PUT "<URL>".
XHR finished loading: PUT "<URL>".
XHR finished loading: PUT "<URL>".
XHR finished loading: PUT "<URL>".
XHR finished loading: PUT "<URL>".
XHR finished loading: PUT "<URL>".
3364.b880bb057342d67f.js:1 Fetch finished loading: PUT "https://deepmeta.creativ.zone/api/dm-finalize-upload".
a @ 3364.b880bb057342d67f.js:1
c @ 3364.b880bb057342d67f.js:1
N @ 3364.b880bb057342d67f.js:1
(anonymous) @ 3364.b880bb057342d67f.js:1
F @ 3364.b880bb057342d67f.js:1
await in F
I @ 3364.b880bb057342d67f.js:1
await in I
R @ 3364.b880bb057342d67f.js:1
await in R
U @ 3364.b880bb057342d67f.js:1
(anonymous) @ 3364.b880bb057342d67f.js:1
F @ 3364.b880bb057342d67f.js:1
await in F
I @ 3364.b880bb057342d67f.js:1
await in I
R @ 3364.b880bb057342d67f.js:1
await in R
U @ 3364.b880bb057342d67f.js:1
(anonymous) @ 3364.b880bb057342d67f.js:1
F @ 3364.b880bb057342d67f.js:1
await in F
I @ 3364.b880bb057342d67f.js:1
await in I
R @ 3364.b880bb057342d67f.js:1
await in R
U @ 3364.b880bb057342d67f.js:1
(anonymous) @ 3364.b880bb057342d67f.js:1
F @ 3364.b880bb057342d67f.js:1
await in F
I @ 3364.b880bb057342d67f.js:1
await in I
R @ 3364.b880bb057342d67f.js:1
await in R
U @ 3364.b880bb057342d67f.js:1
(anonymous) @ 3364.b880bb057342d67f.js:1
F @ 3364.b880bb057342d67f.js:1
await in F
I @ 3364.b880bb057342d67f.js:1
await in I
R @ 3364.b880bb057342d67f.js:1
await in R
U @ 3364.b880bb057342d67f.js:1
(anonymous) @ 3364.b880bb057342d67f.js:1
F @ 3364.b880bb057342d67f.js:1
await in F
I @ 3364.b880bb057342d67f.js:1
await in I
R @ 3364.b880bb057342d67f.js:1
await in R
U @ 3364.b880bb057342d67f.js:1
(anonymous) @ 3364.b880bb057342d67f.js:1
F @ 3364.b880bb057342d67f.js:1
await in F
I @ 3364.b880bb057342d67f.js:1
await in I
R @ 3364.b880bb057342d67f.js:1
await in R
U @ 3364.b880bb057342d67f.js:1
(anonymous) @ 3364.b880bb057342d67f.js:1
F @ 3364.b880bb057342d67f.js:1
await in F
I @ 3364.b880bb057342d67f.js:1
await in I
R @ 3364.b880bb057342d67f.js:1
await in R
U @ 3364.b880bb057342d67f.js:1
(anonymous) @ 3364.b880bb057342d67f.js:1
F @ 3364.b880bb057342d67f.js:1
await in F
I @ 3364.b880bb057342d67f.js:1
await in I
R @ 3364.b880bb057342d67f.js:1
await in R
U @ 3364.b880bb057342d67f.js:1
(anonymous) @ 3364.b880bb057342d67f.js:1
F @ 3364.b880bb057342d67f.js:1
await in F
I @ 3364.b880bb057342d67f.js:1
await in I
R @ 3364.b880bb057342d67f.js:1
await in R
U @ 3364.b880bb057342d67f.js:1
(anonymous) @ 3364.b880bb057342d67f.js:1
F @ 3364.b880bb057342d67f.js:1
await in F
I @ 3364.b880bb057342d67f.js:1
await in I
R @ 3364.b880bb057342d67f.js:1
3364.b880bb057342d67f.js:1 Fetch finished loading: PUT "https://deepmeta.creativ.zone/api/dm-finalize-upload".
a @ 3364.b880bb057342d67f.js:1
c @ 3364.b880bb057342d67f.js:1
N @ 3364.b880bb057342d67f.js:1
(anonymous) @ 3364.b880bb057342d67f.js:1
F @ 3364.b880bb057342d67f.js:1
await in F
I @ 3364.b880bb057342d67f.js:1
await in I
R @ 3364.b880bb057342d67f.js:1
await in R
U @ 3364.b880bb057342d67f.js:1
(anonymous) @ 3364.b880bb057342d67f.js:1
F @ 3364.b880bb057342d67f.js:1
await in F
I @ 3364.b880bb057342d67f.js:1
await in I
R @ 3364.b880bb057342d67f.js:1
await in R
U @ 3364.b880bb057342d67f.js:1
(anonymous) @ 3364.b880bb057342d67f.js:1
F @ 3364.b880bb057342d67f.js:1
await in F
I @ 3364.b880bb057342d67f.js:1
await in I
R @ 3364.b880bb057342d67f.js:1
await in R
U @ 3364.b880bb057342d67f.js:1
(anonymous) @ 3364.b880bb057342d67f.js:1
F @ 3364.b880bb057342d67f.js:1
await in F
I @ 3364.b880bb057342d67f.js:1
await in I
R @ 3364.b880bb057342d67f.js:1
await in R
U @ 3364.b880bb057342d67f.js:1
(anonymous) @ 3364.b880bb057342d67f.js:1
F @ 3364.b880bb057342d67f.js:1
await in F
I @ 3364.b880bb057342d67f.js:1
await in I
R @ 3364.b880bb057342d67f.js:1
await in R
U @ 3364.b880bb057342d67f.js:1
(anonymous) @ 3364.b880bb057342d67f.js:1
F @ 3364.b880bb057342d67f.js:1
await in F
I @ 3364.b880bb057342d67f.js:1
await in I
R @ 3364.b880bb057342d67f.js:1
await in R
U @ 3364.b880bb057342d67f.js:1
(anonymous) @ 3364.b880bb057342d67f.js:1
F @ 3364.b880bb057342d67f.js:1
await in F
I @ 3364.b880bb057342d67f.js:1
await in I
R @ 3364.b880bb057342d67f.js:1
await in R
U @ 3364.b880bb057342d67f.js:1
(anonymous) @ 3364.b880bb057342d67f.js:1
F @ 3364.b880bb057342d67f.js:1
await in F
I @ 3364.b880bb057342d67f.js:1
await in I
R @ 3364.b880bb057342d67f.js:1
await in R
U @ 3364.b880bb057342d67f.js:1
(anonymous) @ 3364.b880bb057342d67f.js:1
F @ 3364.b880bb057342d67f.js:1
await in F
I @ 3364.b880bb057342d67f.js:1
await in I
R @ 3364.b880bb057342d67f.js:1
await in R
U @ 3364.b880bb057342d67f.js:1
(anonymous) @ 3364.b880bb057342d67f.js:1
F @ 3364.b880bb057342d67f.js:1
await in F
I @ 3364.b880bb057342d67f.js:1
await in I
R @ 3364.b880bb057342d67f.js:1
await in R
U @ 3364.b880bb057342d67f.js:1
(anonymous) @ 3364.b880bb057342d67f.js:1
F @ 3364.b880bb057342d67f.js:1
await in F
I @ 3364.b880bb057342d67f.js:1
await in I
R @ 3364.b880bb057342d67f.js:1
