Fetch finished loading: GET "<URL>".
Fetch finished loading: GET "<URL>".
Fetch finished loading: GET "<URL>".
Fetch finished loading: GET "<URL>".
Fetch finished loading: GET "<URL>".
Fetch finished loading: GET "<URL>".
Fetch finished loading: GET "<URL>".
Fetch finished loading: GET "<URL>".
Fetch finished loading: GET "<URL>".
Fetch finished loading: GET "<URL>".
Fetch finished loading: GET "<URL>".
Fetch finished loading: GET "<URL>".
Fetch finished loading: GET "<URL>".
Fetch finished loading: GET "<URL>".
Fetch finished loading: GET "<URL>".
Fetch finished loading: GET "<URL>".
Fetch finished loading: GET "<URL>".
Fetch finished loading: GET "<URL>".
Fetch finished loading: GET "<URL>".
Fetch finished loading: GET "<URL>".
Fetch finished loading: GET "<URL>".
Fetch finished loading: GET "<URL>".
Fetch finished loading: GET "<URL>".
Fetch finished loading: GET "<URL>".
Fetch finished loading: GET "<URL>".
Fetch finished loading: GET "<URL>".
Fetch finished loading: GET "<URL>".
Fetch finished loading: GET "<URL>".
Fetch finished loading: GET "<URL>".
Fetch finished loading: GET "<URL>".
Fetch finished loading: GET "<URL>".
Fetch finished loading: GET "<URL>".
Fetch finished loading: GET "<URL>".
Fetch finished loading: GET "<URL>".
Fetch finished loading: GET "<URL>".
Fetch finished loading: GET "<URL>".
Fetch finished loading: GET "<URL>".
Fetch finished loading: GET "<URL>".
Fetch finished loading: GET "<URL>".
Fetch finished loading: GET "<URL>".
Fetch finished loading: GET "<URL>".
Fetch finished loading: GET "<URL>".
Fetch finished loading: GET "<URL>".
Fetch finished loading: GET "<URL>".
Fetch finished loading: GET "<URL>".
Fetch finished loading: GET "<URL>".
Fetch finished loading: GET "<URL>".
Fetch finished loading: GET "<URL>".
Fetch finished loading: GET "<URL>".
Fetch finished loading: GET "<URL>".
Fetch finished loading: GET "<URL>".
Fetch finished loading: GET "<URL>".
Fetch finished loading: GET "<URL>".
Fetch finished loading: GET "<URL>".
Fetch finished loading: GET "<URL>".
Fetch finished loading: GET "<URL>".
Fetch finished loading: GET "<URL>".
Fetch finished loading: GET "<URL>".
Fetch finished loading: GET "<URL>".
Fetch finished loading: GET "<URL>".
Fetch finished loading: GET "<URL>".
Fetch finished loading: GET "<URL>".
Fetch finished loading: GET "<URL>".
Fetch finished loading: GET "<URL>".
Fetch finished loading: GET "<URL>".
Fetch finished loading: GET "<URL>".
Fetch finished loading: GET "<URL>".
Fetch finished loading: GET "<URL>".
Fetch finished loading: GET "<URL>".
Fetch finished loading: GET "<URL>".
Fetch finished loading: GET "<URL>".
Fetch finished loading: GET "<URL>".
Fetch finished loading: GET "<URL>".
Fetch finished loading: GET "<URL>".
Fetch finished loading: GET "<URL>".
content.js:6 [DeepMeta Never Sleep] Content script loaded
content.js:256 [DeepMeta Never Sleep] Content script initialized and monitoring
blob:https://deepmeta.creativ.zone/c36ab6a1-9f0f-40e3-93ae-b9de06f2cabd:1  GET blob:https://deepmeta.creativ.zone/c36ab6a1-9f0f-40e3-93ae-b9de06f2cabd net::ERR_FILE_NOT_FOUND
blob:https://deepmeta.creativ.zone/ef4d50e8-3731-4615-8d76-45dc6d4da475:1  GET blob:https://deepmeta.creativ.zone/ef4d50e8-3731-4615-8d76-45dc6d4da475 net::ERR_FILE_NOT_FOUND
blob:https://deepmeta.creativ.zone/37828c6a-8f52-4493-b177-7b22a2899f83:1  GET blob:https://deepmeta.creativ.zone/37828c6a-8f52-4493-b177-7b22a2899f83 net::ERR_FILE_NOT_FOUND
blob:https://deepmeta.creativ.zone/5d008535-fabe-4632-93bd-e1a05eb2aab5:1  GET blob:https://deepmeta.creativ.zone/5d008535-fabe-4632-93bd-e1a05eb2aab5 net::ERR_FILE_NOT_FOUND
blob:https://deepmeta.creativ.zone/e57be76a-80bb-46a5-a44f-d58e098303be:1  GET blob:https://deepmeta.creativ.zone/e57be76a-80bb-46a5-a44f-d58e098303be net::ERR_FILE_NOT_FOUND
blob:https://deepmeta.creativ.zone/1f71bc63-d3aa-49ef-89cf-20b6e4820ea7:1  GET blob:https://deepmeta.creativ.zone/1f71bc63-d3aa-49ef-89cf-20b6e4820ea7 net::ERR_FILE_NOT_FOUND
blob:https://deepmeta.creativ.zone/7c02d1e8-725b-4a04-9c5a-f8a7ddcf6009:1  GET blob:https://deepmeta.creativ.zone/7c02d1e8-725b-4a04-9c5a-f8a7ddcf6009 net::ERR_FILE_NOT_FOUND
blob:https://deepmeta.creativ.zone/6e8c5a83-deb8-4dba-97bd-8ce5f579d6ee:1  GET blob:https://deepmeta.creativ.zone/6e8c5a83-deb8-4dba-97bd-8ce5f579d6ee net::ERR_FILE_NOT_FOUND
Fetch finished loading: POST "<URL>".
Fetch finished loading: POST "<URL>".
Fetch finished loading: POST "<URL>".
Fetch finished loading: POST "<URL>".
Fetch finished loading: POST "<URL>".
Fetch finished loading: POST "<URL>".
Fetch finished loading: POST "<URL>".
Fetch finished loading: POST "<URL>".
Fetch finished loading: POST "<URL>".
Fetch finished loading: POST "<URL>".
Fetch finished loading: POST "<URL>".
Fetch finished loading: POST "<URL>".
Fetch finished loading: POST "<URL>".
Fetch finished loading: POST "<URL>".
Fetch finished loading: POST "<URL>".
Fetch finished loading: POST "<URL>".
Fetch finished loading: POST "<URL>".
Fetch finished loading: POST "<URL>".
Fetch finished loading: POST "<URL>".
Fetch finished loading: POST "<URL>".
Fetch finished loading: POST "<URL>".
Fetch finished loading: POST "<URL>".
Fetch finished loading: POST "<URL>".
Fetch finished loading: POST "<URL>".
Fetch finished loading: POST "<URL>".
Fetch finished loading: POST "<URL>".
Fetch finished loading: POST "<URL>".
Fetch finished loading: POST "<URL>".
Fetch finished loading: POST "<URL>".
Fetch finished loading: POST "<URL>".
Fetch finished loading: POST "<URL>".
Fetch finished loading: POST "<URL>".
Fetch finished loading: POST "<URL>".
Fetch finished loading: POST "<URL>".
Fetch finished loading: POST "<URL>".
Fetch finished loading: POST "<URL>".
Fetch finished loading: POST "<URL>".
Fetch finished loading: POST "<URL>".
Fetch finished loading: POST "<URL>".
Fetch finished loading: POST "<URL>".
Fetch finished loading: POST "<URL>".
Fetch finished loading: POST "<URL>".
Fetch finished loading: POST "<URL>".
Fetch finished loading: POST "<URL>".
Fetch finished loading: POST "<URL>".
Fetch finished loading: POST "<URL>".
Fetch finished loading: POST "<URL>".
Fetch finished loading: POST "<URL>".
Fetch finished loading: POST "<URL>".
Fetch finished loading: POST "<URL>".
Fetch finished loading: POST "<URL>".
Fetch finished loading: POST "<URL>".
Fetch finished loading: POST "<URL>".
Fetch finished loading: POST "<URL>".
Fetch finished loading: POST "<URL>".
Fetch finished loading: POST "<URL>".
Fetch finished loading: POST "<URL>".
Fetch finished loading: POST "<URL>".
Fetch finished loading: POST "<URL>".
Fetch finished loading: POST "<URL>".
Fetch finished loading: POST "<URL>".
Fetch finished loading: POST "<URL>".
Fetch finished loading: POST "<URL>".
Fetch finished loading: POST "<URL>".
Fetch finished loading: POST "<URL>".
Fetch finished loading: POST "<URL>".
Fetch finished loading: POST "<URL>".
Fetch finished loading: POST "<URL>".
Fetch finished loading: POST "<URL>".
Fetch finished loading: POST "<URL>".
Fetch finished loading: POST "<URL>".
XHR finished loading: PUT "<URL>".
XHR finished loading: PUT "<URL>".
XHR finished loading: PUT "<URL>".
XHR finished loading: PUT "<URL>".
XHR finished loading: PUT "<URL>".
XHR finished loading: PUT "<URL>".
XHR finished loading: PUT "<URL>".
XHR finished loading: PUT "<URL>".
XHR finished loading: PUT "<URL>".
XHR finished loading: PUT "<URL>".
XHR finished loading: PUT "<URL>".
XHR finished loading: PUT "<URL>".
XHR finished loading: PUT "<URL>".
XHR finished loading: PUT "<URL>".
XHR finished loading: PUT "<URL>".
XHR finished loading: PUT "<URL>".
XHR finished loading: PUT "<URL>".
XHR finished loading: PUT "<URL>".
XHR finished loading: PUT "<URL>".
XHR finished loading: PUT "<URL>".
XHR finished loading: PUT "<URL>".
XHR finished loading: PUT "<URL>".
XHR finished loading: PUT "<URL>".
XHR finished loading: PUT "<URL>".
XHR finished loading: PUT "<URL>".
XHR finished loading: PUT "<URL>".
XHR finished loading: PUT "<URL>".
XHR finished loading: PUT "<URL>".
XHR finished loading: PUT "<URL>".
XHR finished loading: PUT "<URL>".
XHR finished loading: PUT "<URL>".
XHR finished loading: PUT "<URL>".
XHR finished loading: PUT "<URL>".
XHR finished loading: PUT "<URL>".
XHR finished loading: PUT "<URL>".
XHR finished loading: PUT "<URL>".
XHR finished loading: PUT "<URL>".
XHR finished loading: PUT "<URL>".
XHR finished loading: PUT "<URL>".
XHR finished loading: PUT "<URL>".
XHR finished loading: PUT "<URL>".
XHR finished loading: PUT "<URL>".
XHR finished loading: PUT "<URL>".
XHR finished loading: PUT "<URL>".
XHR finished loading: PUT "<URL>".
XHR finished loading: PUT "<URL>".
XHR finished loading: PUT "<URL>".
XHR finished loading: PUT "<URL>".
XHR finished loading: PUT "<URL>".
XHR finished loading: PUT "<URL>".
XHR finished loading: PUT "<URL>".
XHR finished loading: PUT "<URL>".
XHR finished loading: PUT "<URL>".
XHR finished loading: PUT "<URL>".
XHR finished loading: PUT "<URL>".
XHR finished loading: PUT "<URL>".
XHR finished loading: PUT "<URL>".
XHR finished loading: PUT "<URL>".
XHR finished loading: PUT "<URL>".
Fetch finished loading: PUT "<URL>".
Fetch finished loading: PUT "<URL>".
Fetch finished loading: PUT "<URL>".
Fetch finished loading: PUT "<URL>".
Fetch finished loading: PUT "<URL>".
Fetch finished loading: PUT "<URL>".
Fetch finished loading: PUT "<URL>".
Fetch finished loading: PUT "<URL>".
Fetch finished loading: PUT "<URL>".
Fetch finished loading: PUT "<URL>".
Fetch finished loading: PUT "<URL>".
Fetch finished loading: PUT "<URL>".
Fetch finished loading: PUT "<URL>".
Fetch finished loading: PUT "<URL>".
Fetch finished loading: PUT "<URL>".
Fetch finished loading: PUT "<URL>".
Fetch finished loading: PUT "<URL>".
Fetch finished loading: PUT "<URL>".
Fetch finished loading: PUT "<URL>".
Fetch finished loading: PUT "<URL>".
Fetch finished loading: PUT "<URL>".
Fetch finished loading: PUT "<URL>".
Fetch finished loading: PUT "<URL>".
Fetch finished loading: PUT "<URL>".
Fetch finished loading: PUT "<URL>".
Fetch finished loading: PUT "<URL>".
Fetch finished loading: PUT "<URL>".
3364.b880bb057342d67f.js:1  GET https://deepmeta.creativ.zone/api/dm-authorize-upload-chunk?accountId=01902717-e71e-7cbd-89cf-432a52a5f033&contributionEspId=460104141&partNr=31&hash=2554177c1fb7f13af8aa99fae461058a81d1c9d622d83690dce6f5015622366b&isRaster=false net::ERR_NETWORK_IO_SUSPENDED
a @ 3364.b880bb057342d67f.js:1
r @ 3364.b880bb057342d67f.js:1
I @ 3364.b880bb057342d67f.js:1
R @ 3364.b880bb057342d67f.js:1
await in R
U @ 3364.b880bb057342d67f.js:1
(anonymous) @ 3364.b880bb057342d67f.js:1
F @ 3364.b880bb057342d67f.js:1
await in F
I @ 3364.b880bb057342d67f.js:1
await in I
R @ 3364.b880bb057342d67f.js:1
await in R
U @ 3364.b880bb057342d67f.js:1
(anonymous) @ 3364.b880bb057342d67f.js:1
F @ 3364.b880bb057342d67f.js:1
await in F
I @ 3364.b880bb057342d67f.js:1
await in I
R @ 3364.b880bb057342d67f.js:1
await in R
U @ 3364.b880bb057342d67f.js:1
(anonymous) @ 3364.b880bb057342d67f.js:1
F @ 3364.b880bb057342d67f.js:1
await in F
I @ 3364.b880bb057342d67f.js:1
await in I
R @ 3364.b880bb057342d67f.js:1
await in R
U @ 3364.b880bb057342d67f.js:1
(anonymous) @ 3364.b880bb057342d67f.js:1
F @ 3364.b880bb057342d67f.js:1
await in F
I @ 3364.b880bb057342d67f.js:1
await in I
R @ 3364.b880bb057342d67f.js:1
await in R
U @ 3364.b880bb057342d67f.js:1
(anonymous) @ 3364.b880bb057342d67f.js:1
F @ 3364.b880bb057342d67f.js:1
await in F
I @ 3364.b880bb057342d67f.js:1
await in I
R @ 3364.b880bb057342d67f.js:1
await in R
U @ 3364.b880bb057342d67f.js:1
(anonymous) @ 3364.b880bb057342d67f.js:1
F @ 3364.b880bb057342d67f.js:1
await in F
I @ 3364.b880bb057342d67f.js:1
await in I
R @ 3364.b880bb057342d67f.js:1
await in R
(anonymous) @ 3364.b880bb057342d67f.js:1
(anonymous) @ 3364.b880bb057342d67f.js:1
(anonymous) @ 3364.b880bb057342d67f.js:1
E @ 3364.b880bb057342d67f.js:1
await in E
U @ 3364.b880bb057342d67f.js:1
W @ 3364.b880bb057342d67f.js:1
N @ 3364.b880bb057342d67f.js:1
await in N
(anonymous) @ 3364.b880bb057342d67f.js:1
F @ 3364.b880bb057342d67f.js:1
await in F
I @ 3364.b880bb057342d67f.js:1
await in I
R @ 3364.b880bb057342d67f.js:1
await in R
(anonymous) @ 3364.b880bb057342d67f.js:1
(anonymous) @ 3364.b880bb057342d67f.js:1
(anonymous) @ 3364.b880bb057342d67f.js:1
E @ 3364.b880bb057342d67f.js:1
await in E
U @ 3364.b880bb057342d67f.js:1
(anonymous) @ 3364.b880bb057342d67f.js:1
F @ 3364.b880bb057342d67f.js:1
3364.b880bb057342d67f.js:1 Fetch failed loading: GET "https://deepmeta.creativ.zone/api/dm-authorize-upload-chunk?accountId=01902717-e71e-7cbd-89cf-432a52a5f033&contributionEspId=460104141&partNr=31&hash=2554177c1fb7f13af8aa99fae461058a81d1c9d622d83690dce6f5015622366b&isRaster=false".
a @ 3364.b880bb057342d67f.js:1
r @ 3364.b880bb057342d67f.js:1
I @ 3364.b880bb057342d67f.js:1
R @ 3364.b880bb057342d67f.js:1
await in R
U @ 3364.b880bb057342d67f.js:1
(anonymous) @ 3364.b880bb057342d67f.js:1
F @ 3364.b880bb057342d67f.js:1
await in F
I @ 3364.b880bb057342d67f.js:1
await in I
R @ 3364.b880bb057342d67f.js:1
await in R
U @ 3364.b880bb057342d67f.js:1
(anonymous) @ 3364.b880bb057342d67f.js:1
F @ 3364.b880bb057342d67f.js:1
await in F
I @ 3364.b880bb057342d67f.js:1
await in I
R @ 3364.b880bb057342d67f.js:1
await in R
U @ 3364.b880bb057342d67f.js:1
(anonymous) @ 3364.b880bb057342d67f.js:1
F @ 3364.b880bb057342d67f.js:1
await in F
I @ 3364.b880bb057342d67f.js:1
await in I
R @ 3364.b880bb057342d67f.js:1
await in R
U @ 3364.b880bb057342d67f.js:1
(anonymous) @ 3364.b880bb057342d67f.js:1
F @ 3364.b880bb057342d67f.js:1
await in F
I @ 3364.b880bb057342d67f.js:1
await in I
R @ 3364.b880bb057342d67f.js:1
await in R
U @ 3364.b880bb057342d67f.js:1
(anonymous) @ 3364.b880bb057342d67f.js:1
F @ 3364.b880bb057342d67f.js:1
await in F
I @ 3364.b880bb057342d67f.js:1
await in I
R @ 3364.b880bb057342d67f.js:1
await in R
U @ 3364.b880bb057342d67f.js:1
(anonymous) @ 3364.b880bb057342d67f.js:1
F @ 3364.b880bb057342d67f.js:1
await in F
I @ 3364.b880bb057342d67f.js:1
await in I
R @ 3364.b880bb057342d67f.js:1
await in R
(anonymous) @ 3364.b880bb057342d67f.js:1
(anonymous) @ 3364.b880bb057342d67f.js:1
(anonymous) @ 3364.b880bb057342d67f.js:1
E @ 3364.b880bb057342d67f.js:1
await in E
U @ 3364.b880bb057342d67f.js:1
W @ 3364.b880bb057342d67f.js:1
N @ 3364.b880bb057342d67f.js:1
await in N
(anonymous) @ 3364.b880bb057342d67f.js:1
F @ 3364.b880bb057342d67f.js:1
await in F
I @ 3364.b880bb057342d67f.js:1
await in I
R @ 3364.b880bb057342d67f.js:1
await in R
(anonymous) @ 3364.b880bb057342d67f.js:1
(anonymous) @ 3364.b880bb057342d67f.js:1
(anonymous) @ 3364.b880bb057342d67f.js:1
E @ 3364.b880bb057342d67f.js:1
await in E
U @ 3364.b880bb057342d67f.js:1
(anonymous) @ 3364.b880bb057342d67f.js:1
F @ 3364.b880bb057342d67f.js:1
XHR failed loading: PUT "<URL>".
XHR failed loading: PUT "<URL>".
XHR failed loading: PUT "<URL>".
XHR failed loading: PUT "<URL>".
XHR failed loading: PUT "<URL>".
XHR failed loading: PUT "<URL>".
XHR failed loading: PUT "<URL>".
XHR failed loading: PUT "<URL>".
XHR failed loading: PUT "<URL>".
3364.b880bb057342d67f.js:1  PUT https://dm-proxy-2.fdm-9de.workers.dev/cors/?url=https%3A%2F%2Fesp-prod-virginia.s3-external-1.amazonaws.com%2Fsubmission%2Fassets%2Fbatch_58882846%2Fc61b55cf-747e-458b-a8c9-774bfb243d12.mov%3FuploadId%3DkkAbO0kIdzXxzgUIY4QiTGNBraUogANQME5Mez0KVeBaYOULTLS.5BeylrXd8fBbpTzsAGlE_DDfiMiABRKCwh.xRbuo7pxFNO9wnspLMnj_fe..3iuWog7gOBC7lFk3%26partNumber%3D29 net::ERR_INTERNET_DISCONNECTED
(anonymous) @ 3364.b880bb057342d67f.js:1
l @ 3364.b880bb057342d67f.js:1
F @ 3364.b880bb057342d67f.js:1
I @ 3364.b880bb057342d67f.js:1
await in I
R @ 3364.b880bb057342d67f.js:1
await in R
U @ 3364.b880bb057342d67f.js:1
(anonymous) @ 3364.b880bb057342d67f.js:1
F @ 3364.b880bb057342d67f.js:1
await in F
I @ 3364.b880bb057342d67f.js:1
await in I
R @ 3364.b880bb057342d67f.js:1
await in R
U @ 3364.b880bb057342d67f.js:1
(anonymous) @ 3364.b880bb057342d67f.js:1
F @ 3364.b880bb057342d67f.js:1
await in F
I @ 3364.b880bb057342d67f.js:1
await in I
R @ 3364.b880bb057342d67f.js:1
await in R
U @ 3364.b880bb057342d67f.js:1
(anonymous) @ 3364.b880bb057342d67f.js:1
F @ 3364.b880bb057342d67f.js:1
await in F
I @ 3364.b880bb057342d67f.js:1
await in I
R @ 3364.b880bb057342d67f.js:1
await in R
U @ 3364.b880bb057342d67f.js:1
(anonymous) @ 3364.b880bb057342d67f.js:1
F @ 3364.b880bb057342d67f.js:1
await in F
I @ 3364.b880bb057342d67f.js:1
await in I
R @ 3364.b880bb057342d67f.js:1
await in R
U @ 3364.b880bb057342d67f.js:1
(anonymous) @ 3364.b880bb057342d67f.js:1
F @ 3364.b880bb057342d67f.js:1
await in F
I @ 3364.b880bb057342d67f.js:1
await in I
R @ 3364.b880bb057342d67f.js:1
await in R
U @ 3364.b880bb057342d67f.js:1
W @ 3364.b880bb057342d67f.js:1
N @ 3364.b880bb057342d67f.js:1
await in N
(anonymous) @ 3364.b880bb057342d67f.js:1
F @ 3364.b880bb057342d67f.js:1
await in F
I @ 3364.b880bb057342d67f.js:1
await in I
R @ 3364.b880bb057342d67f.js:1
await in R
(anonymous) @ 3364.b880bb057342d67f.js:1
(anonymous) @ 3364.b880bb057342d67f.js:1
(anonymous) @ 3364.b880bb057342d67f.js:1
E @ 3364.b880bb057342d67f.js:1
await in E
U @ 3364.b880bb057342d67f.js:1
W @ 3364.b880bb057342d67f.js:1
N @ 3364.b880bb057342d67f.js:1
await in N
(anonymous) @ 3364.b880bb057342d67f.js:1
F @ 3364.b880bb057342d67f.js:1
3364.b880bb057342d67f.js:1  PUT https://dm-proxy-2.fdm-9de.workers.dev/cors/?url=https%3A%2F%2Fesp-prod-virginia.s3-external-1.amazonaws.com%2Fsubmission%2Fassets%2Fbatch_58882846%2Fc61b55cf-747e-458b-a8c9-774bfb243d12.mov%3FuploadId%3DkkAbO0kIdzXxzgUIY4QiTGNBraUogANQME5Mez0KVeBaYOULTLS.5BeylrXd8fBbpTzsAGlE_DDfiMiABRKCwh.xRbuo7pxFNO9wnspLMnj_fe..3iuWog7gOBC7lFk3%26partNumber%3D27 net::ERR_INTERNET_DISCONNECTED
(anonymous) @ 3364.b880bb057342d67f.js:1
l @ 3364.b880bb057342d67f.js:1
F @ 3364.b880bb057342d67f.js:1
I @ 3364.b880bb057342d67f.js:1
await in I
R @ 3364.b880bb057342d67f.js:1
await in R
U @ 3364.b880bb057342d67f.js:1
(anonymous) @ 3364.b880bb057342d67f.js:1
F @ 3364.b880bb057342d67f.js:1
await in F
I @ 3364.b880bb057342d67f.js:1
await in I
R @ 3364.b880bb057342d67f.js:1
await in R
U @ 3364.b880bb057342d67f.js:1
(anonymous) @ 3364.b880bb057342d67f.js:1
F @ 3364.b880bb057342d67f.js:1
await in F
I @ 3364.b880bb057342d67f.js:1
await in I
R @ 3364.b880bb057342d67f.js:1
await in R
U @ 3364.b880bb057342d67f.js:1
(anonymous) @ 3364.b880bb057342d67f.js:1
F @ 3364.b880bb057342d67f.js:1
await in F
I @ 3364.b880bb057342d67f.js:1
await in I
R @ 3364.b880bb057342d67f.js:1
await in R
U @ 3364.b880bb057342d67f.js:1
(anonymous) @ 3364.b880bb057342d67f.js:1
F @ 3364.b880bb057342d67f.js:1
await in F
I @ 3364.b880bb057342d67f.js:1
await in I
R @ 3364.b880bb057342d67f.js:1
await in R
U @ 3364.b880bb057342d67f.js:1
(anonymous) @ 3364.b880bb057342d67f.js:1
F @ 3364.b880bb057342d67f.js:1
await in F
I @ 3364.b880bb057342d67f.js:1
await in I
R @ 3364.b880bb057342d67f.js:1
await in R
(anonymous) @ 3364.b880bb057342d67f.js:1
(anonymous) @ 3364.b880bb057342d67f.js:1
(anonymous) @ 3364.b880bb057342d67f.js:1
E @ 3364.b880bb057342d67f.js:1
await in E
U @ 3364.b880bb057342d67f.js:1
W @ 3364.b880bb057342d67f.js:1
N @ 3364.b880bb057342d67f.js:1
await in N
(anonymous) @ 3364.b880bb057342d67f.js:1
F @ 3364.b880bb057342d67f.js:1
await in F
I @ 3364.b880bb057342d67f.js:1
await in I
R @ 3364.b880bb057342d67f.js:1
await in R
(anonymous) @ 3364.b880bb057342d67f.js:1
(anonymous) @ 3364.b880bb057342d67f.js:1
(anonymous) @ 3364.b880bb057342d67f.js:1
E @ 3364.b880bb057342d67f.js:1
await in E
U @ 3364.b880bb057342d67f.js:1
(anonymous) @ 3364.b880bb057342d67f.js:1
F @ 3364.b880bb057342d67f.js:1
3364.b880bb057342d67f.js:1  PUT https://dm-proxy-2.fdm-9de.workers.dev/cors/?url=https%3A%2F%2Fesp-prod-virginia.s3-external-1.amazonaws.com%2Fsubmission%2Fassets%2Fbatch_58882846%2Fc61b55cf-747e-458b-a8c9-774bfb243d12.mov%3FuploadId%3DkkAbO0kIdzXxzgUIY4QiTGNBraUogANQME5Mez0KVeBaYOULTLS.5BeylrXd8fBbpTzsAGlE_DDfiMiABRKCwh.xRbuo7pxFNO9wnspLMnj_fe..3iuWog7gOBC7lFk3%26partNumber%3D28 net::ERR_INTERNET_DISCONNECTED
(anonymous) @ 3364.b880bb057342d67f.js:1
l @ 3364.b880bb057342d67f.js:1
F @ 3364.b880bb057342d67f.js:1
I @ 3364.b880bb057342d67f.js:1
await in I
R @ 3364.b880bb057342d67f.js:1
await in R
U @ 3364.b880bb057342d67f.js:1
(anonymous) @ 3364.b880bb057342d67f.js:1
F @ 3364.b880bb057342d67f.js:1
await in F
I @ 3364.b880bb057342d67f.js:1
await in I
R @ 3364.b880bb057342d67f.js:1
await in R
U @ 3364.b880bb057342d67f.js:1
(anonymous) @ 3364.b880bb057342d67f.js:1
F @ 3364.b880bb057342d67f.js:1
await in F
I @ 3364.b880bb057342d67f.js:1
await in I
R @ 3364.b880bb057342d67f.js:1
await in R
U @ 3364.b880bb057342d67f.js:1
(anonymous) @ 3364.b880bb057342d67f.js:1
F @ 3364.b880bb057342d67f.js:1
await in F
I @ 3364.b880bb057342d67f.js:1
await in I
R @ 3364.b880bb057342d67f.js:1
await in R
U @ 3364.b880bb057342d67f.js:1
(anonymous) @ 3364.b880bb057342d67f.js:1
F @ 3364.b880bb057342d67f.js:1
await in F
I @ 3364.b880bb057342d67f.js:1
await in I
R @ 3364.b880bb057342d67f.js:1
await in R
U @ 3364.b880bb057342d67f.js:1
(anonymous) @ 3364.b880bb057342d67f.js:1
F @ 3364.b880bb057342d67f.js:1
await in F
I @ 3364.b880bb057342d67f.js:1
await in I
R @ 3364.b880bb057342d67f.js:1
await in R
U @ 3364.b880bb057342d67f.js:1
W @ 3364.b880bb057342d67f.js:1
N @ 3364.b880bb057342d67f.js:1
await in N
(anonymous) @ 3364.b880bb057342d67f.js:1
F @ 3364.b880bb057342d67f.js:1
await in F
I @ 3364.b880bb057342d67f.js:1
await in I
R @ 3364.b880bb057342d67f.js:1
await in R
(anonymous) @ 3364.b880bb057342d67f.js:1
(anonymous) @ 3364.b880bb057342d67f.js:1
(anonymous) @ 3364.b880bb057342d67f.js:1
E @ 3364.b880bb057342d67f.js:1
await in E
U @ 3364.b880bb057342d67f.js:1
W @ 3364.b880bb057342d67f.js:1
N @ 3364.b880bb057342d67f.js:1
await in N
(anonymous) @ 3364.b880bb057342d67f.js:1
F @ 3364.b880bb057342d67f.js:1
3364.b880bb057342d67f.js:1  PUT https://dm-proxy-2.fdm-9de.workers.dev/cors/?url=https%3A%2F%2Fesp-prod-virginia.s3-external-1.amazonaws.com%2Fsubmission%2Fassets%2Fbatch_58882846%2Fc61b55cf-747e-458b-a8c9-774bfb243d12.mov%3FuploadId%3DkkAbO0kIdzXxzgUIY4QiTGNBraUogANQME5Mez0KVeBaYOULTLS.5BeylrXd8fBbpTzsAGlE_DDfiMiABRKCwh.xRbuo7pxFNO9wnspLMnj_fe..3iuWog7gOBC7lFk3%26partNumber%3D30 net::ERR_INTERNET_DISCONNECTED
(anonymous) @ 3364.b880bb057342d67f.js:1
l @ 3364.b880bb057342d67f.js:1
F @ 3364.b880bb057342d67f.js:1
I @ 3364.b880bb057342d67f.js:1
await in I
R @ 3364.b880bb057342d67f.js:1
await in R
U @ 3364.b880bb057342d67f.js:1
(anonymous) @ 3364.b880bb057342d67f.js:1
F @ 3364.b880bb057342d67f.js:1
await in F
I @ 3364.b880bb057342d67f.js:1
await in I
R @ 3364.b880bb057342d67f.js:1
await in R
U @ 3364.b880bb057342d67f.js:1
(anonymous) @ 3364.b880bb057342d67f.js:1
F @ 3364.b880bb057342d67f.js:1
await in F
I @ 3364.b880bb057342d67f.js:1
await in I
R @ 3364.b880bb057342d67f.js:1
await in R
U @ 3364.b880bb057342d67f.js:1
(anonymous) @ 3364.b880bb057342d67f.js:1
F @ 3364.b880bb057342d67f.js:1
await in F
I @ 3364.b880bb057342d67f.js:1
await in I
R @ 3364.b880bb057342d67f.js:1
await in R
U @ 3364.b880bb057342d67f.js:1
(anonymous) @ 3364.b880bb057342d67f.js:1
F @ 3364.b880bb057342d67f.js:1
await in F
I @ 3364.b880bb057342d67f.js:1
await in I
R @ 3364.b880bb057342d67f.js:1
await in R
U @ 3364.b880bb057342d67f.js:1
(anonymous) @ 3364.b880bb057342d67f.js:1
F @ 3364.b880bb057342d67f.js:1
await in F
I @ 3364.b880bb057342d67f.js:1
await in I
R @ 3364.b880bb057342d67f.js:1
await in R
U @ 3364.b880bb057342d67f.js:1
W @ 3364.b880bb057342d67f.js:1
N @ 3364.b880bb057342d67f.js:1
await in N
(anonymous) @ 3364.b880bb057342d67f.js:1
F @ 3364.b880bb057342d67f.js:1
await in F
I @ 3364.b880bb057342d67f.js:1
await in I
R @ 3364.b880bb057342d67f.js:1
await in R
(anonymous) @ 3364.b880bb057342d67f.js:1
(anonymous) @ 3364.b880bb057342d67f.js:1
(anonymous) @ 3364.b880bb057342d67f.js:1
E @ 3364.b880bb057342d67f.js:1
await in E
U @ 3364.b880bb057342d67f.js:1
W @ 3364.b880bb057342d67f.js:1
N @ 3364.b880bb057342d67f.js:1
await in N
(anonymous) @ 3364.b880bb057342d67f.js:1
F @ 3364.b880bb057342d67f.js:1
await in F
I @ 3364.b880bb057342d67f.js:1
await in I
R @ 3364.b880bb057342d67f.js:1
await in R
(anonymous) @ 3364.b880bb057342d67f.js:1
(anonymous) @ 3364.b880bb057342d67f.js:1
(anonymous) @ 3364.b880bb057342d67f.js:1
E @ 3364.b880bb057342d67f.js:1
await in E
U @ 3364.b880bb057342d67f.js:1
W @ 3364.b880bb057342d67f.js:1
N @ 3364.b880bb057342d67f.js:1
3364.b880bb057342d67f.js:1  GET https://deepmeta.creativ.zone/api/dm-authorize-upload-chunk?accountId=01902717-e71e-7cbd-89cf-432a52a5f033&contributionEspId=460104141&partNr=31&hash=2554177c1fb7f13af8aa99fae461058a81d1c9d622d83690dce6f5015622366b&isRaster=false net::ERR_NETWORK_CHANGED
a @ 3364.b880bb057342d67f.js:1
r @ 3364.b880bb057342d67f.js:1
I @ 3364.b880bb057342d67f.js:1
x @ 3364.b880bb057342d67f.js:1
await in x
I @ 3364.b880bb057342d67f.js:1
await in I
R @ 3364.b880bb057342d67f.js:1
await in R
U @ 3364.b880bb057342d67f.js:1
(anonymous) @ 3364.b880bb057342d67f.js:1
F @ 3364.b880bb057342d67f.js:1
await in F
I @ 3364.b880bb057342d67f.js:1
await in I
R @ 3364.b880bb057342d67f.js:1
await in R
U @ 3364.b880bb057342d67f.js:1
(anonymous) @ 3364.b880bb057342d67f.js:1
F @ 3364.b880bb057342d67f.js:1
await in F
I @ 3364.b880bb057342d67f.js:1
await in I
R @ 3364.b880bb057342d67f.js:1
await in R
U @ 3364.b880bb057342d67f.js:1
(anonymous) @ 3364.b880bb057342d67f.js:1
F @ 3364.b880bb057342d67f.js:1
await in F
I @ 3364.b880bb057342d67f.js:1
await in I
R @ 3364.b880bb057342d67f.js:1
await in R
U @ 3364.b880bb057342d67f.js:1
(anonymous) @ 3364.b880bb057342d67f.js:1
F @ 3364.b880bb057342d67f.js:1
await in F
I @ 3364.b880bb057342d67f.js:1
await in I
R @ 3364.b880bb057342d67f.js:1
await in R
U @ 3364.b880bb057342d67f.js:1
(anonymous) @ 3364.b880bb057342d67f.js:1
F @ 3364.b880bb057342d67f.js:1
await in F
I @ 3364.b880bb057342d67f.js:1
await in I
R @ 3364.b880bb057342d67f.js:1
await in R
U @ 3364.b880bb057342d67f.js:1
(anonymous) @ 3364.b880bb057342d67f.js:1
F @ 3364.b880bb057342d67f.js:1
await in F
I @ 3364.b880bb057342d67f.js:1
await in I
R @ 3364.b880bb057342d67f.js:1
await in R
(anonymous) @ 3364.b880bb057342d67f.js:1
(anonymous) @ 3364.b880bb057342d67f.js:1
(anonymous) @ 3364.b880bb057342d67f.js:1
E @ 3364.b880bb057342d67f.js:1
await in E
U @ 3364.b880bb057342d67f.js:1
W @ 3364.b880bb057342d67f.js:1
N @ 3364.b880bb057342d67f.js:1
await in N
(anonymous) @ 3364.b880bb057342d67f.js:1
F @ 3364.b880bb057342d67f.js:1
await in F
I @ 3364.b880bb057342d67f.js:1
await in I
R @ 3364.b880bb057342d67f.js:1
await in R
(anonymous) @ 3364.b880bb057342d67f.js:1
(anonymous) @ 3364.b880bb057342d67f.js:1
(anonymous) @ 3364.b880bb057342d67f.js:1
E @ 3364.b880bb057342d67f.js:1
await in E
U @ 3364.b880bb057342d67f.js:1
(anonymous) @ 3364.b880bb057342d67f.js:1
F @ 3364.b880bb057342d67f.js:1
3364.b880bb057342d67f.js:1 Fetch failed loading: GET "https://deepmeta.creativ.zone/api/dm-authorize-upload-chunk?accountId=01902717-e71e-7cbd-89cf-432a52a5f033&contributionEspId=460104141&partNr=31&hash=2554177c1fb7f13af8aa99fae461058a81d1c9d622d83690dce6f5015622366b&isRaster=false".
a @ 3364.b880bb057342d67f.js:1
r @ 3364.b880bb057342d67f.js:1
I @ 3364.b880bb057342d67f.js:1
x @ 3364.b880bb057342d67f.js:1
await in x
I @ 3364.b880bb057342d67f.js:1
await in I
R @ 3364.b880bb057342d67f.js:1
await in R
U @ 3364.b880bb057342d67f.js:1
(anonymous) @ 3364.b880bb057342d67f.js:1
F @ 3364.b880bb057342d67f.js:1
await in F
I @ 3364.b880bb057342d67f.js:1
await in I
R @ 3364.b880bb057342d67f.js:1
await in R
U @ 3364.b880bb057342d67f.js:1
(anonymous) @ 3364.b880bb057342d67f.js:1
F @ 3364.b880bb057342d67f.js:1
await in F
I @ 3364.b880bb057342d67f.js:1
await in I
R @ 3364.b880bb057342d67f.js:1
await in R
U @ 3364.b880bb057342d67f.js:1
(anonymous) @ 3364.b880bb057342d67f.js:1
F @ 3364.b880bb057342d67f.js:1
await in F
I @ 3364.b880bb057342d67f.js:1
await in I
R @ 3364.b880bb057342d67f.js:1
await in R
U @ 3364.b880bb057342d67f.js:1
(anonymous) @ 3364.b880bb057342d67f.js:1
F @ 3364.b880bb057342d67f.js:1
await in F
I @ 3364.b880bb057342d67f.js:1
await in I
R @ 3364.b880bb057342d67f.js:1
await in R
U @ 3364.b880bb057342d67f.js:1
(anonymous) @ 3364.b880bb057342d67f.js:1
F @ 3364.b880bb057342d67f.js:1
await in F
I @ 3364.b880bb057342d67f.js:1
await in I
R @ 3364.b880bb057342d67f.js:1
await in R
U @ 3364.b880bb057342d67f.js:1
(anonymous) @ 3364.b880bb057342d67f.js:1
F @ 3364.b880bb057342d67f.js:1
await in F
I @ 3364.b880bb057342d67f.js:1
await in I
R @ 3364.b880bb057342d67f.js:1
await in R
(anonymous) @ 3364.b880bb057342d67f.js:1
(anonymous) @ 3364.b880bb057342d67f.js:1
(anonymous) @ 3364.b880bb057342d67f.js:1
E @ 3364.b880bb057342d67f.js:1
await in E
U @ 3364.b880bb057342d67f.js:1
W @ 3364.b880bb057342d67f.js:1
N @ 3364.b880bb057342d67f.js:1
await in N
(anonymous) @ 3364.b880bb057342d67f.js:1
F @ 3364.b880bb057342d67f.js:1
await in F
I @ 3364.b880bb057342d67f.js:1
await in I
R @ 3364.b880bb057342d67f.js:1
await in R
(anonymous) @ 3364.b880bb057342d67f.js:1
(anonymous) @ 3364.b880bb057342d67f.js:1
(anonymous) @ 3364.b880bb057342d67f.js:1
E @ 3364.b880bb057342d67f.js:1
await in E
U @ 3364.b880bb057342d67f.js:1
(anonymous) @ 3364.b880bb057342d67f.js:1
F @ 3364.b880bb057342d67f.js:1
1255-ecaa16943547460c.js:1 Fetch failed loading: POST "https://deepmeta.creativ.zone/contribute/esp/uploads?batchId=019a2dde-ae0d-7245-a1f5-24aa80cb83b0".
M @ 1255-ecaa16943547460c.js:1
await in M
A @ 1255-ecaa16943547460c.js:1
f @ 1255-ecaa16943547460c.js:1
action @ 1255-ecaa16943547460c.js:1
p @ 1255-ecaa16943547460c.js:1
(anonymous) @ 1255-ecaa16943547460c.js:1
dispatch @ 1255-ecaa16943547460c.js:1
o @ 1255-ecaa16943547460c.js:1
l @ 1255-ecaa16943547460c.js:1
(anonymous) @ 1255-ecaa16943547460c.js:1
t.startTransition @ 1255-ecaa16943547460c.js:1
(anonymous) @ 1255-ecaa16943547460c.js:1
l @ 1255-ecaa16943547460c.js:1
r @ 1255-ecaa16943547460c.js:1
load @ 4552.fd4da1ebb02be91e.js:1
m @ 2117.820beb8729f2ce7b.js:1
reload @ 2117.820beb8729f2ce7b.js:1
(anonymous) @ 4552.fd4da1ebb02be91e.js:1
o1 @ 4bd1b696-100b9d70ed4e49c1.js:1
uE @ 4bd1b696-100b9d70ed4e49c1.js:1
ux @ 4bd1b696-100b9d70ed4e49c1.js:1
uE @ 4bd1b696-100b9d70ed4e49c1.js:1
ux @ 4bd1b696-100b9d70ed4e49c1.js:1
uE @ 4bd1b696-100b9d70ed4e49c1.js:1
ux @ 4bd1b696-100b9d70ed4e49c1.js:1
uE @ 4bd1b696-100b9d70ed4e49c1.js:1
ux @ 4bd1b696-100b9d70ed4e49c1.js:1
uE @ 4bd1b696-100b9d70ed4e49c1.js:1
ux @ 4bd1b696-100b9d70ed4e49c1.js:1
uE @ 4bd1b696-100b9d70ed4e49c1.js:1
ux @ 4bd1b696-100b9d70ed4e49c1.js:1
uE @ 4bd1b696-100b9d70ed4e49c1.js:1
ux @ 4bd1b696-100b9d70ed4e49c1.js:1
uE @ 4bd1b696-100b9d70ed4e49c1.js:1
ux @ 4bd1b696-100b9d70ed4e49c1.js:1
uE @ 4bd1b696-100b9d70ed4e49c1.js:1
ux @ 4bd1b696-100b9d70ed4e49c1.js:1
uE @ 4bd1b696-100b9d70ed4e49c1.js:1
ux @ 4bd1b696-100b9d70ed4e49c1.js:1
uE @ 4bd1b696-100b9d70ed4e49c1.js:1
ux @ 4bd1b696-100b9d70ed4e49c1.js:1
uE @ 4bd1b696-100b9d70ed4e49c1.js:1
ux @ 4bd1b696-100b9d70ed4e49c1.js:1
uE @ 4bd1b696-100b9d70ed4e49c1.js:1
ux @ 4bd1b696-100b9d70ed4e49c1.js:1
uE @ 4bd1b696-100b9d70ed4e49c1.js:1
ux @ 4bd1b696-100b9d70ed4e49c1.js:1
uE @ 4bd1b696-100b9d70ed4e49c1.js:1
ux @ 4bd1b696-100b9d70ed4e49c1.js:1
uE @ 4bd1b696-100b9d70ed4e49c1.js:1
ux @ 4bd1b696-100b9d70ed4e49c1.js:1
uE @ 4bd1b696-100b9d70ed4e49c1.js:1
ux @ 4bd1b696-100b9d70ed4e49c1.js:1
uE @ 4bd1b696-100b9d70ed4e49c1.js:1
ux @ 4bd1b696-100b9d70ed4e49c1.js:1
uE @ 4bd1b696-100b9d70ed4e49c1.js:1
ux @ 4bd1b696-100b9d70ed4e49c1.js:1
uE @ 4bd1b696-100b9d70ed4e49c1.js:1
ux @ 4bd1b696-100b9d70ed4e49c1.js:1
uE @ 4bd1b696-100b9d70ed4e49c1.js:1
ux @ 4bd1b696-100b9d70ed4e49c1.js:1
uE @ 4bd1b696-100b9d70ed4e49c1.js:1
ux @ 4bd1b696-100b9d70ed4e49c1.js:1
uE @ 4bd1b696-100b9d70ed4e49c1.js:1
ux @ 4bd1b696-100b9d70ed4e49c1.js:1
uE @ 4bd1b696-100b9d70ed4e49c1.js:1
ux @ 4bd1b696-100b9d70ed4e49c1.js:1
uE @ 4bd1b696-100b9d70ed4e49c1.js:1
ux @ 4bd1b696-100b9d70ed4e49c1.js:1
uE @ 4bd1b696-100b9d70ed4e49c1.js:1
ux @ 4bd1b696-100b9d70ed4e49c1.js:1
uE @ 4bd1b696-100b9d70ed4e49c1.js:1
ux @ 4bd1b696-100b9d70ed4e49c1.js:1
uE @ 4bd1b696-100b9d70ed4e49c1.js:1
ux @ 4bd1b696-100b9d70ed4e49c1.js:1
uE @ 4bd1b696-100b9d70ed4e49c1.js:1
ux @ 4bd1b696-100b9d70ed4e49c1.js:1
uE @ 4bd1b696-100b9d70ed4e49c1.js:1
ux @ 4bd1b696-100b9d70ed4e49c1.js:1
uE @ 4bd1b696-100b9d70ed4e49c1.js:1
ux @ 4bd1b696-100b9d70ed4e49c1.js:1
uE @ 4bd1b696-100b9d70ed4e49c1.js:1
ux @ 4bd1b696-100b9d70ed4e49c1.js:1
uE @ 4bd1b696-100b9d70ed4e49c1.js:1
ux @ 4bd1b696-100b9d70ed4e49c1.js:1
uE @ 4bd1b696-100b9d70ed4e49c1.js:1
ux @ 4bd1b696-100b9d70ed4e49c1.js:1
uE @ 4bd1b696-100b9d70ed4e49c1.js:1
ux @ 4bd1b696-100b9d70ed4e49c1.js:1
uE @ 4bd1b696-100b9d70ed4e49c1.js:1
ux @ 4bd1b696-100b9d70ed4e49c1.js:1
uE @ 4bd1b696-100b9d70ed4e49c1.js:1
ux @ 4bd1b696-100b9d70ed4e49c1.js:1
uE @ 4bd1b696-100b9d70ed4e49c1.js:1
ux @ 4bd1b696-100b9d70ed4e49c1.js:1
uE @ 4bd1b696-100b9d70ed4e49c1.js:1
ux @ 4bd1b696-100b9d70ed4e49c1.js:1
uE @ 4bd1b696-100b9d70ed4e49c1.js:1
ux @ 4bd1b696-100b9d70ed4e49c1.js:1
uE @ 4bd1b696-100b9d70ed4e49c1.js:1
ux @ 4bd1b696-100b9d70ed4e49c1.js:1
uE @ 4bd1b696-100b9d70ed4e49c1.js:1
ux @ 4bd1b696-100b9d70ed4e49c1.js:1
uE @ 4bd1b696-100b9d70ed4e49c1.js:1
ux @ 4bd1b696-100b9d70ed4e49c1.js:1
uE @ 4bd1b696-100b9d70ed4e49c1.js:1
ux @ 4bd1b696-100b9d70ed4e49c1.js:1
uE @ 4bd1b696-100b9d70ed4e49c1.js:1
ux @ 4bd1b696-100b9d70ed4e49c1.js:1
uE @ 4bd1b696-100b9d70ed4e49c1.js:1
ux @ 4bd1b696-100b9d70ed4e49c1.js:1
uE @ 4bd1b696-100b9d70ed4e49c1.js:1
ux @ 4bd1b696-100b9d70ed4e49c1.js:1
uE @ 4bd1b696-100b9d70ed4e49c1.js:1
ux @ 4bd1b696-100b9d70ed4e49c1.js:1
uE @ 4bd1b696-100b9d70ed4e49c1.js:1
ux @ 4bd1b696-100b9d70ed4e49c1.js:1
uE @ 4bd1b696-100b9d70ed4e49c1.js:1
ux @ 4bd1b696-100b9d70ed4e49c1.js:1
uE @ 4bd1b696-100b9d70ed4e49c1.js:1
ux @ 4bd1b696-100b9d70ed4e49c1.js:1
uE @ 4bd1b696-100b9d70ed4e49c1.js:1
ux @ 4bd1b696-100b9d70ed4e49c1.js:1
uE @ 4bd1b696-100b9d70ed4e49c1.js:1
ux @ 4bd1b696-100b9d70ed4e49c1.js:1
uE @ 4bd1b696-100b9d70ed4e49c1.js:1
ux @ 4bd1b696-100b9d70ed4e49c1.js:1
uE @ 4bd1b696-100b9d70ed4e49c1.js:1
ux @ 4bd1b696-100b9d70ed4e49c1.js:1
uE @ 4bd1b696-100b9d70ed4e49c1.js:1
ux @ 4bd1b696-100b9d70ed4e49c1.js:1
uE @ 4bd1b696-100b9d70ed4e49c1.js:1
ux @ 4bd1b696-100b9d70ed4e49c1.js:1
uE @ 4bd1b696-100b9d70ed4e49c1.js:1
ux @ 4bd1b696-100b9d70ed4e49c1.js:1
uE @ 4bd1b696-100b9d70ed4e49c1.js:1
ux @ 4bd1b696-100b9d70ed4e49c1.js:1
uE @ 4bd1b696-100b9d70ed4e49c1.js:1
ux @ 4bd1b696-100b9d70ed4e49c1.js:1
uE @ 4bd1b696-100b9d70ed4e49c1.js:1
ux @ 4bd1b696-100b9d70ed4e49c1.js:1
uE @ 4bd1b696-100b9d70ed4e49c1.js:1
ux @ 4bd1b696-100b9d70ed4e49c1.js:1
uE @ 4bd1b696-100b9d70ed4e49c1.js:1
ux @ 4bd1b696-100b9d70ed4e49c1.js:1
uE @ 4bd1b696-100b9d70ed4e49c1.js:1
ux @ 4bd1b696-100b9d70ed4e49c1.js:1
uE @ 4bd1b696-100b9d70ed4e49c1.js:1
ux @ 4bd1b696-100b9d70ed4e49c1.js:1
uE @ 4bd1b696-100b9d70ed4e49c1.js:1
ux @ 4bd1b696-100b9d70ed4e49c1.js:1
uE @ 4bd1b696-100b9d70ed4e49c1.js:1
ux @ 4bd1b696-100b9d70ed4e49c1.js:1
uE @ 4bd1b696-100b9d70ed4e49c1.js:1
ux @ 4bd1b696-100b9d70ed4e49c1.js:1
uE @ 4bd1b696-100b9d70ed4e49c1.js:1
ux @ 4bd1b696-100b9d70ed4e49c1.js:1
uE @ 4bd1b696-100b9d70ed4e49c1.js:1
ux @ 4bd1b696-100b9d70ed4e49c1.js:1
uE @ 4bd1b696-100b9d70ed4e49c1.js:1
ux @ 4bd1b696-100b9d70ed4e49c1.js:1
uE @ 4bd1b696-100b9d70ed4e49c1.js:1
ux @ 4bd1b696-100b9d70ed4e49c1.js:1
uE @ 4bd1b696-100b9d70ed4e49c1.js:1
ux @ 4bd1b696-100b9d70ed4e49c1.js:1
uE @ 4bd1b696-100b9d70ed4e49c1.js:1
ux @ 4bd1b696-100b9d70ed4e49c1.js:1
uE @ 4bd1b696-100b9d70ed4e49c1.js:1
ux @ 4bd1b696-100b9d70ed4e49c1.js:1
uE @ 4bd1b696-100b9d70ed4e49c1.js:1
ux @ 4bd1b696-100b9d70ed4e49c1.js:1
uE @ 4bd1b696-100b9d70ed4e49c1.js:1
ux @ 4bd1b696-100b9d70ed4e49c1.js:1
uE @ 4bd1b696-100b9d70ed4e49c1.js:1
ux @ 4bd1b696-100b9d70ed4e49c1.js:1
uE @ 4bd1b696-100b9d70ed4e49c1.js:1
ux @ 4bd1b696-100b9d70ed4e49c1.js:1
uE @ 4bd1b696-100b9d70ed4e49c1.js:1
ux @ 4bd1b696-100b9d70ed4e49c1.js:1
uE @ 4bd1b696-100b9d70ed4e49c1.js:1
ux @ 4bd1b696-100b9d70ed4e49c1.js:1
uE @ 4bd1b696-100b9d70ed4e49c1.js:1
ux @ 4bd1b696-100b9d70ed4e49c1.js:1
uE @ 4bd1b696-100b9d70ed4e49c1.js:1
ux @ 4bd1b696-100b9d70ed4e49c1.js:1
uE @ 4bd1b696-100b9d70ed4e49c1.js:1
ux @ 4bd1b696-100b9d70ed4e49c1.js:1
uE @ 4bd1b696-100b9d70ed4e49c1.js:1
ux @ 4bd1b696-100b9d70ed4e49c1.js:1
uE @ 4bd1b696-100b9d70ed4e49c1.js:1
ux @ 4bd1b696-100b9d70ed4e49c1.js:1
uE @ 4bd1b696-100b9d70ed4e49c1.js:1
ux @ 4bd1b696-100b9d70ed4e49c1.js:1
uE @ 4bd1b696-100b9d70ed4e49c1.js:1
ux @ 4bd1b696-100b9d70ed4e49c1.js:1
uE @ 4bd1b696-100b9d70ed4e49c1.js:1
ux @ 4bd1b696-100b9d70ed4e49c1.js:1
uE @ 4bd1b696-100b9d70ed4e49c1.js:1
ux @ 4bd1b696-100b9d70ed4e49c1.js:1
uE @ 4bd1b696-100b9d70ed4e49c1.js:1
