Fetch finished loading: POST "<URL>".
Fetch finished loading: POST "<URL>".
Fetch finished loading: POST "<URL>".
Fetch finished loading: POST "<URL>".
Fetch finished loading: POST "<URL>".
Fetch finished loading: POST "<URL>".
Fetch finished loading: POST "<URL>".
Fetch finished loading: POST "<URL>".
Fetch finished loading: POST "<URL>".
Fetch finished loading: POST "<URL>".
Fetch finished loading: POST "<URL>".
Fetch finished loading: POST "<URL>".
Fetch finished loading: POST "<URL>".
Fetch finished loading: POST "<URL>".
Fetch finished loading: POST "<URL>".
3364.b880bb057342d67f.js:1 Fetch finished loading: POST "https://deepmeta.creativ.zone/api/dm-initialize-upload".
a @ 3364.b880bb057342d67f.js:1
n @ 3364.b880bb057342d67f.js:1
E @ 3364.b880bb057342d67f.js:1
U @ 3364.b880bb057342d67f.js:1
(anonymous) @ 3364.b880bb057342d67f.js:1
F @ 3364.b880bb057342d67f.js:1
3364.b880bb057342d67f.js:1 Fetch finished loading: POST "https://deepmeta.creativ.zone/api/dm-initialize-upload".
a @ 3364.b880bb057342d67f.js:1
n @ 3364.b880bb057342d67f.js:1
E @ 3364.b880bb057342d67f.js:1
U @ 3364.b880bb057342d67f.js:1
(anonymous) @ 3364.b880bb057342d67f.js:1
F @ 3364.b880bb057342d67f.js:1
3364.b880bb057342d67f.js:1 Fetch finished loading: POST "https://deepmeta.creativ.zone/api/dm-create-upload-event".
a @ 3364.b880bb057342d67f.js:1
n @ 3364.b880bb057342d67f.js:1
(anonymous) @ 3364.b880bb057342d67f.js:1
3364.b880bb057342d67f.js:1 Fetch finished loading: POST "https://deepmeta.creativ.zone/api/dm-initialize-upload".
a @ 3364.b880bb057342d67f.js:1
n @ 3364.b880bb057342d67f.js:1
E @ 3364.b880bb057342d67f.js:1
U @ 3364.b880bb057342d67f.js:1
W @ 3364.b880bb057342d67f.js:1
N @ 3364.b880bb057342d67f.js:1
await in N
(anonymous) @ 3364.b880bb057342d67f.js:1
F @ 3364.b880bb057342d67f.js:1
await in F
I @ 3364.b880bb057342d67f.js:1
await in I
R @ 3364.b880bb057342d67f.js:1
await in R
(anonymous) @ 3364.b880bb057342d67f.js:1
(anonymous) @ 3364.b880bb057342d67f.js:1
(anonymous) @ 3364.b880bb057342d67f.js:1
E @ 3364.b880bb057342d67f.js:1
await in E
U @ 3364.b880bb057342d67f.js:1
(anonymous) @ 3364.b880bb057342d67f.js:1
F @ 3364.b880bb057342d67f.js:1
3364.b880bb057342d67f.js:1 Fetch finished loading: POST "https://deepmeta.creativ.zone/api/dm-create-upload-event".
a @ 3364.b880bb057342d67f.js:1
n @ 3364.b880bb057342d67f.js:1
(anonymous) @ 3364.b880bb057342d67f.js:1
3364.b880bb057342d67f.js:1 Fetch finished loading: POST "https://deepmeta.creativ.zone/api/dm-initialize-upload".
a @ 3364.b880bb057342d67f.js:1
n @ 3364.b880bb057342d67f.js:1
E @ 3364.b880bb057342d67f.js:1
U @ 3364.b880bb057342d67f.js:1
W @ 3364.b880bb057342d67f.js:1
N @ 3364.b880bb057342d67f.js:1
await in N
(anonymous) @ 3364.b880bb057342d67f.js:1
F @ 3364.b880bb057342d67f.js:1
3364.b880bb057342d67f.js:1 Fetch finished loading: POST "https://deepmeta.creativ.zone/api/dm-initialize-upload".
a @ 3364.b880bb057342d67f.js:1
n @ 3364.b880bb057342d67f.js:1
E @ 3364.b880bb057342d67f.js:1
U @ 3364.b880bb057342d67f.js:1
W @ 3364.b880bb057342d67f.js:1
N @ 3364.b880bb057342d67f.js:1
await in N
(anonymous) @ 3364.b880bb057342d67f.js:1
F @ 3364.b880bb057342d67f.js:1
3364.b880bb057342d67f.js:1 Fetch finished loading: POST "https://deepmeta.creativ.zone/api/dm-create-upload-event".
a @ 3364.b880bb057342d67f.js:1
n @ 3364.b880bb057342d67f.js:1
(anonymous) @ 3364.b880bb057342d67f.js:1
3364.b880bb057342d67f.js:1 Fetch finished loading: POST "https://deepmeta.creativ.zone/api/dm-initialize-upload".
a @ 3364.b880bb057342d67f.js:1
n @ 3364.b880bb057342d67f.js:1
E @ 3364.b880bb057342d67f.js:1
U @ 3364.b880bb057342d67f.js:1
W @ 3364.b880bb057342d67f.js:1
N @ 3364.b880bb057342d67f.js:1
await in N
(anonymous) @ 3364.b880bb057342d67f.js:1
F @ 3364.b880bb057342d67f.js:1
3364.b880bb057342d67f.js:1 Fetch finished loading: POST "https://deepmeta.creativ.zone/api/dm-create-upload-event".
a @ 3364.b880bb057342d67f.js:1
n @ 3364.b880bb057342d67f.js:1
(anonymous) @ 3364.b880bb057342d67f.js:1
3364.b880bb057342d67f.js:1 Fetch finished loading: POST "https://deepmeta.creativ.zone/api/dm-create-upload-event".
a @ 3364.b880bb057342d67f.js:1
n @ 3364.b880bb057342d67f.js:1
(anonymous) @ 3364.b880bb057342d67f.js:1
3364.b880bb057342d67f.js:1 Fetch finished loading: POST "https://deepmeta.creativ.zone/api/dm-create-upload-event".
a @ 3364.b880bb057342d67f.js:1
n @ 3364.b880bb057342d67f.js:1
(anonymous) @ 3364.b880bb057342d67f.js:1
3364.b880bb057342d67f.js:1 Fetch finished loading: POST "https://deepmeta.creativ.zone/api/dm-create-upload-event".
a @ 3364.b880bb057342d67f.js:1
n @ 3364.b880bb057342d67f.js:1
(anonymous) @ 3364.b880bb057342d67f.js:1
3364.b880bb057342d67f.js:1 Fetch finished loading: POST "https://deepmeta.creativ.zone/api/dm-create-upload-event".
a @ 3364.b880bb057342d67f.js:1
n @ 3364.b880bb057342d67f.js:1
(anonymous) @ 3364.b880bb057342d67f.js:1
3364.b880bb057342d67f.js:1 Fetch finished loading: POST "https://deepmeta.creativ.zone/api/dm-create-upload-event".
a @ 3364.b880bb057342d67f.js:1
n @ 3364.b880bb057342d67f.js:1
(anonymous) @ 3364.b880bb057342d67f.js:1
Fetch finished loading: GET "<URL>".
Fetch finished loading: GET "<URL>".
Fetch finished loading: GET "<URL>".
Fetch finished loading: GET "<URL>".
Fetch finished loading: GET "<URL>".
Fetch finished loading: GET "<URL>".
3364.b880bb057342d67f.js:1 Fetch finished loading: GET "https://deepmeta.creativ.zone/api/dm-authorize-upload-chunk?accountId=01902717-e71e-7cbd-89cf-432a52a5f033&contributionEspId=460092870&partNr=1&hash=496f12c553fdafb6467b223f2d3ff0d79e6dd336bebb3354a4ab680af2308468&isRaster=false".
a @ 3364.b880bb057342d67f.js:1
r @ 3364.b880bb057342d67f.js:1
I @ 3364.b880bb057342d67f.js:1
R @ 3364.b880bb057342d67f.js:1
await in R
(anonymous) @ 3364.b880bb057342d67f.js:1
(anonymous) @ 3364.b880bb057342d67f.js:1
(anonymous) @ 3364.b880bb057342d67f.js:1
E @ 3364.b880bb057342d67f.js:1
await in E
U @ 3364.b880bb057342d67f.js:1
(anonymous) @ 3364.b880bb057342d67f.js:1
F @ 3364.b880bb057342d67f.js:1
3364.b880bb057342d67f.js:1 Fetch finished loading: GET "https://deepmeta.creativ.zone/api/dm-authorize-upload-chunk?accountId=01902717-e71e-7cbd-89cf-432a52a5f033&contributionEspId=460092935&partNr=1&hash=8977d7017b37886da8564adabd0ffbda395277b236c729c4a1d889785eb9d524&isRaster=false".
a @ 3364.b880bb057342d67f.js:1
r @ 3364.b880bb057342d67f.js:1
I @ 3364.b880bb057342d67f.js:1
R @ 3364.b880bb057342d67f.js:1
await in R
(anonymous) @ 3364.b880bb057342d67f.js:1
(anonymous) @ 3364.b880bb057342d67f.js:1
(anonymous) @ 3364.b880bb057342d67f.js:1
E @ 3364.b880bb057342d67f.js:1
await in E
U @ 3364.b880bb057342d67f.js:1
(anonymous) @ 3364.b880bb057342d67f.js:1
F @ 3364.b880bb057342d67f.js:1
3364.b880bb057342d67f.js:1 Fetch finished loading: GET "https://deepmeta.creativ.zone/api/dm-authorize-upload-chunk?accountId=01902717-e71e-7cbd-89cf-432a52a5f033&contributionEspId=460092954&partNr=1&hash=e62bb52509c982d13dea3031f8e6e0f56ea04d475e23964999cfbc7966ee95ff&isRaster=false".
a @ 3364.b880bb057342d67f.js:1
r @ 3364.b880bb057342d67f.js:1
I @ 3364.b880bb057342d67f.js:1
R @ 3364.b880bb057342d67f.js:1
await in R
(anonymous) @ 3364.b880bb057342d67f.js:1
(anonymous) @ 3364.b880bb057342d67f.js:1
(anonymous) @ 3364.b880bb057342d67f.js:1
E @ 3364.b880bb057342d67f.js:1
await in E
U @ 3364.b880bb057342d67f.js:1
W @ 3364.b880bb057342d67f.js:1
N @ 3364.b880bb057342d67f.js:1
await in N
(anonymous) @ 3364.b880bb057342d67f.js:1
F @ 3364.b880bb057342d67f.js:1
await in F
I @ 3364.b880bb057342d67f.js:1
await in I
R @ 3364.b880bb057342d67f.js:1
await in R
(anonymous) @ 3364.b880bb057342d67f.js:1
(anonymous) @ 3364.b880bb057342d67f.js:1
(anonymous) @ 3364.b880bb057342d67f.js:1
E @ 3364.b880bb057342d67f.js:1
await in E
U @ 3364.b880bb057342d67f.js:1
(anonymous) @ 3364.b880bb057342d67f.js:1
F @ 3364.b880bb057342d67f.js:1
3364.b880bb057342d67f.js:1 Fetch finished loading: GET "https://deepmeta.creativ.zone/api/dm-authorize-upload-chunk?accountId=01902717-e71e-7cbd-89cf-432a52a5f033&contributionEspId=460092957&partNr=1&hash=40a82aed1031f96e5e37731e9ce08be988f99c95d2d1d2946c6e546c1bfe7c4f&isRaster=false".
a @ 3364.b880bb057342d67f.js:1
r @ 3364.b880bb057342d67f.js:1
I @ 3364.b880bb057342d67f.js:1
R @ 3364.b880bb057342d67f.js:1
await in R
(anonymous) @ 3364.b880bb057342d67f.js:1
(anonymous) @ 3364.b880bb057342d67f.js:1
(anonymous) @ 3364.b880bb057342d67f.js:1
E @ 3364.b880bb057342d67f.js:1
await in E
U @ 3364.b880bb057342d67f.js:1
W @ 3364.b880bb057342d67f.js:1
N @ 3364.b880bb057342d67f.js:1
await in N
(anonymous) @ 3364.b880bb057342d67f.js:1
F @ 3364.b880bb057342d67f.js:1
3364.b880bb057342d67f.js:1 Fetch finished loading: GET "https://deepmeta.creativ.zone/api/dm-authorize-upload-chunk?accountId=01902717-e71e-7cbd-89cf-432a52a5f033&contributionEspId=460092958&partNr=1&hash=3a82fdadbfb2a84ba60c134ff36595a94ac6a0a76e84a22614922aae5bd63bbd&isRaster=false".
a @ 3364.b880bb057342d67f.js:1
r @ 3364.b880bb057342d67f.js:1
I @ 3364.b880bb057342d67f.js:1
R @ 3364.b880bb057342d67f.js:1
await in R
(anonymous) @ 3364.b880bb057342d67f.js:1
(anonymous) @ 3364.b880bb057342d67f.js:1
(anonymous) @ 3364.b880bb057342d67f.js:1
E @ 3364.b880bb057342d67f.js:1
await in E
U @ 3364.b880bb057342d67f.js:1
W @ 3364.b880bb057342d67f.js:1
N @ 3364.b880bb057342d67f.js:1
await in N
(anonymous) @ 3364.b880bb057342d67f.js:1
F @ 3364.b880bb057342d67f.js:1
3364.b880bb057342d67f.js:1 Fetch finished loading: GET "https://deepmeta.creativ.zone/api/dm-authorize-upload-chunk?accountId=01902717-e71e-7cbd-89cf-432a52a5f033&contributionEspId=460092959&partNr=1&hash=9df8a388c722dff91b4af0fd82c46905f09bbd54e72adb59c0d2be3b97c60dbc&isRaster=false".
a @ 3364.b880bb057342d67f.js:1
r @ 3364.b880bb057342d67f.js:1
I @ 3364.b880bb057342d67f.js:1
R @ 3364.b880bb057342d67f.js:1
await in R
(anonymous) @ 3364.b880bb057342d67f.js:1
(anonymous) @ 3364.b880bb057342d67f.js:1
(anonymous) @ 3364.b880bb057342d67f.js:1
E @ 3364.b880bb057342d67f.js:1
await in E
U @ 3364.b880bb057342d67f.js:1
W @ 3364.b880bb057342d67f.js:1
N @ 3364.b880bb057342d67f.js:1
await in N
(anonymous) @ 3364.b880bb057342d67f.js:1
F @ 3364.b880bb057342d67f.js:1
XHR finished loading: PUT "<URL>".
XHR finished loading: PUT "<URL>".
XHR finished loading: PUT "<URL>".
XHR finished loading: PUT "<URL>".
XHR finished loading: PUT "<URL>".
XHR finished loading: PUT "<URL>".
3364.b880bb057342d67f.js:1 XHR finished loading: PUT "https://dm-proxy-2.fdm-9de.workers.dev/cors/?url=https%3A%2F%2Fesp-prod-virginia.s3-external-1.amazonaws.com%2Fsubmission%2Fassets%2Fbatch_58470404%2F94592cfe-baff-4f02-9e75-eaedb9611c77.jpg%3FuploadId%3DygCRqgfqDo2ksczA2N1QHedJtrpzCa5ILavDPwCNUGz4x41Cd5y3NW5pxIMbdhqooIGRRo2VlQ.TCsc4g20EIg2wd203BIjOuDjzKDiV_ARAwsbZCbcFwd_Aoo2M7bUD%26partNumber%3D1".
(anonymous) @ 3364.b880bb057342d67f.js:1
l @ 3364.b880bb057342d67f.js:1
F @ 3364.b880bb057342d67f.js:1
I @ 3364.b880bb057342d67f.js:1
await in I
R @ 3364.b880bb057342d67f.js:1
await in R
(anonymous) @ 3364.b880bb057342d67f.js:1
(anonymous) @ 3364.b880bb057342d67f.js:1
(anonymous) @ 3364.b880bb057342d67f.js:1
E @ 3364.b880bb057342d67f.js:1
await in E
U @ 3364.b880bb057342d67f.js:1
(anonymous) @ 3364.b880bb057342d67f.js:1
F @ 3364.b880bb057342d67f.js:1
3364.b880bb057342d67f.js:1 XHR finished loading: PUT "https://dm-proxy-2.fdm-9de.workers.dev/cors/?url=https%3A%2F%2Fesp-prod-virginia.s3-external-1.amazonaws.com%2Fsubmission%2Fassets%2Fbatch_58470404%2F8b02b6a7-99a8-4f23-b027-80df6a184be6.jpg%3FuploadId%3DBTGSbqsEBQo8iL_S4xsoofDcEnmp79NCkt.FqB0nwI3XyiTul4JwTYdBLoQyRwGyXDzVxxMlOwF9aLBGXvVmfK5raBIaYLW.gfiVcxm0GZULW.XKVW3GtMBko5ceO0VJ%26partNumber%3D1".
(anonymous) @ 3364.b880bb057342d67f.js:1
l @ 3364.b880bb057342d67f.js:1
F @ 3364.b880bb057342d67f.js:1
I @ 3364.b880bb057342d67f.js:1
await in I
R @ 3364.b880bb057342d67f.js:1
await in R
(anonymous) @ 3364.b880bb057342d67f.js:1
(anonymous) @ 3364.b880bb057342d67f.js:1
(anonymous) @ 3364.b880bb057342d67f.js:1
E @ 3364.b880bb057342d67f.js:1
await in E
U @ 3364.b880bb057342d67f.js:1
(anonymous) @ 3364.b880bb057342d67f.js:1
F @ 3364.b880bb057342d67f.js:1
3364.b880bb057342d67f.js:1 XHR finished loading: PUT "https://dm-proxy-2.fdm-9de.workers.dev/cors/?url=https%3A%2F%2Fesp-prod-virginia.s3-external-1.amazonaws.com%2Fsubmission%2Fassets%2Fbatch_58470404%2Faf045c95-0866-4be5-a480-4833ca5bcfae.jpg%3FuploadId%3D06ZEEXnYsBCvh8Lj0699D9krSZBHEsVNtNxirOoSFJubmoeW8sj1cMrN4y20EDh8.blkR1weMG6OnlXuy.p1c5UdHi4AGxaopcQs6PfiJ0N.Qf4YreUvfuWkguKZdZQg%26partNumber%3D1".
(anonymous) @ 3364.b880bb057342d67f.js:1
l @ 3364.b880bb057342d67f.js:1
F @ 3364.b880bb057342d67f.js:1
I @ 3364.b880bb057342d67f.js:1
await in I
R @ 3364.b880bb057342d67f.js:1
await in R
(anonymous) @ 3364.b880bb057342d67f.js:1
(anonymous) @ 3364.b880bb057342d67f.js:1
(anonymous) @ 3364.b880bb057342d67f.js:1
E @ 3364.b880bb057342d67f.js:1
await in E
U @ 3364.b880bb057342d67f.js:1
W @ 3364.b880bb057342d67f.js:1
N @ 3364.b880bb057342d67f.js:1
await in N
(anonymous) @ 3364.b880bb057342d67f.js:1
F @ 3364.b880bb057342d67f.js:1
await in F
I @ 3364.b880bb057342d67f.js:1
await in I
R @ 3364.b880bb057342d67f.js:1
await in R
(anonymous) @ 3364.b880bb057342d67f.js:1
(anonymous) @ 3364.b880bb057342d67f.js:1
(anonymous) @ 3364.b880bb057342d67f.js:1
E @ 3364.b880bb057342d67f.js:1
await in E
U @ 3364.b880bb057342d67f.js:1
(anonymous) @ 3364.b880bb057342d67f.js:1
F @ 3364.b880bb057342d67f.js:1
3364.b880bb057342d67f.js:1 XHR finished loading: PUT "https://dm-proxy-2.fdm-9de.workers.dev/cors/?url=https%3A%2F%2Fesp-prod-virginia.s3-external-1.amazonaws.com%2Fsubmission%2Fassets%2Fbatch_58470404%2F9670f901-5775-4431-b964-211ff364eea0.jpg%3FuploadId%3DbX1SkkXnEUhVSX3G38uWZB7bjsvU6PE2DG.Pjvgf728UxBhENt8v0FZWONXxiGfQn6yowlHb5Q6BDQ8pC1fM5oLP0x6p4CJ1EYKePy4wZ0Pv.kxyUplv55ONgkZA4nC_%26partNumber%3D1".
(anonymous) @ 3364.b880bb057342d67f.js:1
l @ 3364.b880bb057342d67f.js:1
F @ 3364.b880bb057342d67f.js:1
I @ 3364.b880bb057342d67f.js:1
await in I
R @ 3364.b880bb057342d67f.js:1
await in R
(anonymous) @ 3364.b880bb057342d67f.js:1
(anonymous) @ 3364.b880bb057342d67f.js:1
(anonymous) @ 3364.b880bb057342d67f.js:1
E @ 3364.b880bb057342d67f.js:1
await in E
U @ 3364.b880bb057342d67f.js:1
W @ 3364.b880bb057342d67f.js:1
N @ 3364.b880bb057342d67f.js:1
await in N
(anonymous) @ 3364.b880bb057342d67f.js:1
F @ 3364.b880bb057342d67f.js:1
3364.b880bb057342d67f.js:1 XHR finished loading: PUT "https://dm-proxy-2.fdm-9de.workers.dev/cors/?url=https%3A%2F%2Fesp-prod-virginia.s3-external-1.amazonaws.com%2Fsubmission%2Fassets%2Fbatch_58470404%2F76c9c397-3483-477d-8328-c86640a02e40.jpg%3FuploadId%3D4nXkWLBs1AqWXYUaZuNUGtl8ZMyDa_qFZlRnC4fkJ.cpQL4uVv6_UzjXg.Ef0KQ4Fha.SgbXjuydteR3Mda9EgcM1oq85jEi9sdBGUOp8_Thws7St_utJXs1dOqKVy3F%26partNumber%3D1".
(anonymous) @ 3364.b880bb057342d67f.js:1
l @ 3364.b880bb057342d67f.js:1
F @ 3364.b880bb057342d67f.js:1
I @ 3364.b880bb057342d67f.js:1
await in I
R @ 3364.b880bb057342d67f.js:1
await in R
(anonymous) @ 3364.b880bb057342d67f.js:1
(anonymous) @ 3364.b880bb057342d67f.js:1
(anonymous) @ 3364.b880bb057342d67f.js:1
E @ 3364.b880bb057342d67f.js:1
await in E
U @ 3364.b880bb057342d67f.js:1
W @ 3364.b880bb057342d67f.js:1
N @ 3364.b880bb057342d67f.js:1
await in N
(anonymous) @ 3364.b880bb057342d67f.js:1
F @ 3364.b880bb057342d67f.js:1
3364.b880bb057342d67f.js:1 XHR finished loading: PUT "https://dm-proxy-2.fdm-9de.workers.dev/cors/?url=https%3A%2F%2Fesp-prod-virginia.s3-external-1.amazonaws.com%2Fsubmission%2Fassets%2Fbatch_58470404%2F8c6eb8d4-d2f1-4d81-9c19-9e5418d16636.jpg%3FuploadId%3DU5tZE.QknCchcr4Q.NjwiMMsXwCVVyukYDN78zQh8A8kZN77n.Bym7WuQPAJjeGDnTtPkZSsNWAIXUWchXVfS8x177l3eNPxtemKSlqtTtSoCQvq4vpgyoNDfGt8Mwsp%26partNumber%3D1".
(anonymous) @ 3364.b880bb057342d67f.js:1
l @ 3364.b880bb057342d67f.js:1
F @ 3364.b880bb057342d67f.js:1
I @ 3364.b880bb057342d67f.js:1
await in I
R @ 3364.b880bb057342d67f.js:1
await in R
(anonymous) @ 3364.b880bb057342d67f.js:1
(anonymous) @ 3364.b880bb057342d67f.js:1
(anonymous) @ 3364.b880bb057342d67f.js:1
E @ 3364.b880bb057342d67f.js:1
await in E
U @ 3364.b880bb057342d67f.js:1
W @ 3364.b880bb057342d67f.js:1
N @ 3364.b880bb057342d67f.js:1
await in N
(anonymous) @ 3364.b880bb057342d67f.js:1
F @ 3364.b880bb057342d67f.js:1
Fetch finished loading: PUT "<URL>".
Fetch finished loading: PUT "<URL>".
Fetch finished loading: PUT "<URL>".
Fetch finished loading: PUT "<URL>".
Fetch finished loading: PUT "<URL>".
Fetch finished loading: PUT "<URL>".
Fetch finished loading: PUT "<URL>".
Fetch finished loading: PUT "<URL>".
Fetch finished loading: PUT "<URL>".
3364.b880bb057342d67f.js:1 Fetch finished loading: PUT "https://deepmeta.creativ.zone/api/dm-finalize-upload".
a @ 3364.b880bb057342d67f.js:1
c @ 3364.b880bb057342d67f.js:1
N @ 3364.b880bb057342d67f.js:1
(anonymous) @ 3364.b880bb057342d67f.js:1
F @ 3364.b880bb057342d67f.js:1
await in F
I @ 3364.b880bb057342d67f.js:1
await in I
R @ 3364.b880bb057342d67f.js:1
await in R
(anonymous) @ 3364.b880bb057342d67f.js:1
(anonymous) @ 3364.b880bb057342d67f.js:1
(anonymous) @ 3364.b880bb057342d67f.js:1
E @ 3364.b880bb057342d67f.js:1
await in E
U @ 3364.b880bb057342d67f.js:1
(anonymous) @ 3364.b880bb057342d67f.js:1
F @ 3364.b880bb057342d67f.js:1
3364.b880bb057342d67f.js:1 Fetch finished loading: PUT "https://deepmeta.creativ.zone/api/dm-finalize-upload".
a @ 3364.b880bb057342d67f.js:1
c @ 3364.b880bb057342d67f.js:1
N @ 3364.b880bb057342d67f.js:1
(anonymous) @ 3364.b880bb057342d67f.js:1
F @ 3364.b880bb057342d67f.js:1
3364.b880bb057342d67f.js:1 Fetch finished loading: PUT "https://deepmeta.creativ.zone/api/dm-finalize-upload".
a @ 3364.b880bb057342d67f.js:1
c @ 3364.b880bb057342d67f.js:1
N @ 3364.b880bb057342d67f.js:1
(anonymous) @ 3364.b880bb057342d67f.js:1
F @ 3364.b880bb057342d67f.js:1
await in F
I @ 3364.b880bb057342d67f.js:1
await in I
R @ 3364.b880bb057342d67f.js:1
await in R
(anonymous) @ 3364.b880bb057342d67f.js:1
(anonymous) @ 3364.b880bb057342d67f.js:1
(anonymous) @ 3364.b880bb057342d67f.js:1
E @ 3364.b880bb057342d67f.js:1
await in E
U @ 3364.b880bb057342d67f.js:1
(anonymous) @ 3364.b880bb057342d67f.js:1
F @ 3364.b880bb057342d67f.js:1
3364.b880bb057342d67f.js:1 Fetch finished loading: PUT "https://deepmeta.creativ.zone/api/dm-finalize-upload".
a @ 3364.b880bb057342d67f.js:1
c @ 3364.b880bb057342d67f.js:1
N @ 3364.b880bb057342d67f.js:1
(anonymous) @ 3364.b880bb057342d67f.js:1
F @ 3364.b880bb057342d67f.js:1
3364.b880bb057342d67f.js:1 Fetch finished loading: PUT "https://deepmeta.creativ.zone/api/dm-finalize-upload".
a @ 3364.b880bb057342d67f.js:1
c @ 3364.b880bb057342d67f.js:1
N @ 3364.b880bb057342d67f.js:1
(anonymous) @ 3364.b880bb057342d67f.js:1
F @ 3364.b880bb057342d67f.js:1
3364.b880bb057342d67f.js:1 Fetch finished loading: PUT "https://deepmeta.creativ.zone/api/dm-finalize-upload".
a @ 3364.b880bb057342d67f.js:1
c @ 3364.b880bb057342d67f.js:1
N @ 3364.b880bb057342d67f.js:1
(anonymous) @ 3364.b880bb057342d67f.js:1
F @ 3364.b880bb057342d67f.js:1
await in F
I @ 3364.b880bb057342d67f.js:1
await in I
R @ 3364.b880bb057342d67f.js:1
await in R
(anonymous) @ 3364.b880bb057342d67f.js:1
(anonymous) @ 3364.b880bb057342d67f.js:1
(anonymous) @ 3364.b880bb057342d67f.js:1
E @ 3364.b880bb057342d67f.js:1
await in E
U @ 3364.b880bb057342d67f.js:1
W @ 3364.b880bb057342d67f.js:1
N @ 3364.b880bb057342d67f.js:1
await in N
(anonymous) @ 3364.b880bb057342d67f.js:1
F @ 3364.b880bb057342d67f.js:1
await in F
I @ 3364.b880bb057342d67f.js:1
await in I
R @ 3364.b880bb057342d67f.js:1
await in R
(anonymous) @ 3364.b880bb057342d67f.js:1
(anonymous) @ 3364.b880bb057342d67f.js:1
(anonymous) @ 3364.b880bb057342d67f.js:1
E @ 3364.b880bb057342d67f.js:1
await in E
U @ 3364.b880bb057342d67f.js:1
(anonymous) @ 3364.b880bb057342d67f.js:1
F @ 3364.b880bb057342d67f.js:1
3364.b880bb057342d67f.js:1 Fetch finished loading: PUT "https://deepmeta.creativ.zone/api/dm-finalize-upload".
a @ 3364.b880bb057342d67f.js:1
c @ 3364.b880bb057342d67f.js:1
N @ 3364.b880bb057342d67f.js:1
(anonymous) @ 3364.b880bb057342d67f.js:1
F @ 3364.b880bb057342d67f.js:1
await in F
I @ 3364.b880bb057342d67f.js:1
await in I
R @ 3364.b880bb057342d67f.js:1
await in R
(anonymous) @ 3364.b880bb057342d67f.js:1
(anonymous) @ 3364.b880bb057342d67f.js:1
(anonymous) @ 3364.b880bb057342d67f.js:1
E @ 3364.b880bb057342d67f.js:1
await in E
U @ 3364.b880bb057342d67f.js:1
W @ 3364.b880bb057342d67f.js:1
N @ 3364.b880bb057342d67f.js:1
await in N
(anonymous) @ 3364.b880bb057342d67f.js:1
F @ 3364.b880bb057342d67f.js:1
3364.b880bb057342d67f.js:1 Fetch finished loading: PUT "https://deepmeta.creativ.zone/api/dm-finalize-upload".
a @ 3364.b880bb057342d67f.js:1
c @ 3364.b880bb057342d67f.js:1
N @ 3364.b880bb057342d67f.js:1
(anonymous) @ 3364.b880bb057342d67f.js:1
F @ 3364.b880bb057342d67f.js:1
await in F
I @ 3364.b880bb057342d67f.js:1
await in I
R @ 3364.b880bb057342d67f.js:1
await in R
(anonymous) @ 3364.b880bb057342d67f.js:1
(anonymous) @ 3364.b880bb057342d67f.js:1
(anonymous) @ 3364.b880bb057342d67f.js:1
E @ 3364.b880bb057342d67f.js:1
await in E
U @ 3364.b880bb057342d67f.js:1
W @ 3364.b880bb057342d67f.js:1
N @ 3364.b880bb057342d67f.js:1
await in N
(anonymous) @ 3364.b880bb057342d67f.js:1
F @ 3364.b880bb057342d67f.js:1
3364.b880bb057342d67f.js:1 Fetch finished loading: PUT "https://deepmeta.creativ.zone/api/dm-finalize-upload".
a @ 3364.b880bb057342d67f.js:1
c @ 3364.b880bb057342d67f.js:1
N @ 3364.b880bb057342d67f.js:1
(anonymous) @ 3364.b880bb057342d67f.js:1
F @ 3364.b880bb057342d67f.js:1
await in F
I @ 3364.b880bb057342d67f.js:1
await in I
R @ 3364.b880bb057342d67f.js:1
await in R
(anonymous) @ 3364.b880bb057342d67f.js:1
(anonymous) @ 3364.b880bb057342d67f.js:1
(anonymous) @ 3364.b880bb057342d67f.js:1
E @ 3364.b880bb057342d67f.js:1
await in E
U @ 3364.b880bb057342d67f.js:1
W @ 3364.b880bb057342d67f.js:1
N @ 3364.b880bb057342d67f.js:1
await in N
(anonymous) @ 3364.b880bb057342d67f.js:1
F @ 3364.b880bb057342d67f.js:1
